Sigfox.c:362:6:SigfoxStringTX	16	static
Sigfox.c:48:10:SigfoxInit	16	static
Sigfox.c:70:6:SigfoxSleep	8	static
Sigfox.c:84:6:SigfoxWakeUP	8	static
Sigfox.c:148:10:SigfoxCheckChannels	8	static
Sigfox.c:274:6:SigfoxISRRX	24	static
Sigfox.c:303:10:SigfoxResponseReceived	8	static
Sigfox.c:316:11:DL_DiscriminateDownLink	32	static
Sigfox.c:367:6:SigfoxResetObject	16	static
Sigfox.c:98:6:SigfoxCheckModule	8	static
Sigfox.c:110:6:SigfoxGetID	8	static
Sigfox.c:122:6:SigfoxGetPAC	8	static
Sigfox.c:134:6:SigfoxAskChannels	8	static
Sigfox.c:167:6:SigfoxResetChannels	8	static
Sigfox.c:179:6:SigfoxChangeFrequencyUL	24	static
Sigfox.c:194:6:SigfoxAskFrequencyUL	8	static
Sigfox.c:206:6:SigfoxSaveParameters	8	static
Sigfox.c:356:6:SigfoxCommandSend	16	static
Sigfox.c:378:6:NibbletoX	0	static
Sigfox.c:250:10:SigfoxSendMessage	72	static
