QuarkTS.c:634:13:_qScheduler_PriorizedInsert	8	static
QuarkTS.c:112:9:qClock2Time	8	static
QuarkTS.c:128:10:qTime2Clock	8	static
QuarkTS.c:142:10:qTaskSelf	0	static
QuarkTS.c:159:9:qTaskIsEnabled	0	static
QuarkTS.c:173:6:qSchedulerSetIdleTask	0	static
QuarkTS.c:182:6:qSchedulerRelease	0	static
QuarkTS.c:194:6:qSchedulerSetReleaseCallback	0	static
QuarkTS.c:210:10:qTaskGetCycles	0	static
QuarkTS.c:229:6:qTaskSendEvent	0	static
QuarkTS.c:246:6:qTaskSetTime	8	static
QuarkTS.c:266:6:qTaskSetIterations	0	static
QuarkTS.c:281:6:qTaskSetPriority	0	static
QuarkTS.c:298:6:qTaskSetCallback	0	static
QuarkTS.c:312:6:qTaskSetState	0	static
QuarkTS.c:331:6:qTaskSetData	0	static
QuarkTS.c:344:6:qTaskClearTimeElapsed	0	static
QuarkTS.c:368:9:qTaskQueueEvent	24	static
QuarkTS.c:393:6:qSchedulerSetInterruptsED	0	static
QuarkTS.c:425:6:_qInitScheduler	12	static
QuarkTS.c:617:9:qSchedulerRemoveTask	8	static
QuarkTS.c:484:9:qSchedulerAddxTask	40	static
QuarkTS.c:537:9:qSchedulerAddeTask	24	static
QuarkTS.c:705:9:qTaskLinkRBuffer	12	static
QuarkTS.c:740:6:qSchedulerSysTick	0	static
QuarkTS.c:894:9:qStateMachine_Init	12	static
QuarkTS.c:595:9:qSchedulerAddSMTask	32	static
QuarkTS.c:921:6:qStateMachine_Run	16	static
QuarkTS.c:964:6:qStateMachine_Attribute	4	static
QuarkTS.c:1013:9:qSTimerSet	32	static
QuarkTS.c:1092:10:qSTimerElapsed	0	static
QuarkTS.c:1074:9:qSTimerExpired	16	static
QuarkTS.c:1110:10:qSTimerRemaining	8	static
QuarkTS.c:1125:6:qSTimerDisarm	0	static
QuarkTS.c:1047:9:qSTimerFreeRun	16	static
QuarkTS.c:1143:9:qSTimerStatus	0	static
QuarkTS.c:1157:6:qSTimerChangeTime	8	static
QuarkTS.c:1178:7:qMemoryAlloc	48	static
QuarkTS.c:1231:6:qMemoryFree	16	static
QuarkTS.c:1285:6:qRBufferInit	8	static
QuarkTS.c:1306:9:qRBufferEmpty	0	static
QuarkTS.c:1322:7:qRBufferGetFront	16	static
QuarkTS.c:775:21:_qScheduler_Dispatch	24	static
QuarkTS.c:749:6:qSchedulerRun	40	static
QuarkTS.c:1340:9:qRBufferPopFront	24	static
QuarkTS.c:1365:9:qRBufferPush	32	static
QuarkTS.c:1394:6:qSwapBytes	16	static
QuarkTS.c:1650:16:__q_revuta.part.4	32	static
QuarkTS.c:1412:9:qCheckEndianness	0	static
QuarkTS.c:1429:6:qOutputRaw	32	static
QuarkTS.c:1447:6:qInputRaw	32	static
QuarkTS.c:1464:6:qOutputString	32	static
QuarkTS.c:1475:6:qPrintXData	32	static
QuarkTS.c:1502:7:qU32toX	12	static
QuarkTS.c:1525:10:qXtoU32	32	static
QuarkTS.c:1564:8:qAtoF	40	static
QuarkTS.c:1628:5:qAtoI	16	static
QuarkTS.c:1687:7:qUtoA	8	static
QuarkTS.c:1717:7:qItoA	16	static
QuarkTS.c:1747:7:qBtoA	0	static
QuarkTS.c:1769:9:qIsNan	0	static
QuarkTS.c:1789:9:qIsInf	0	static
QuarkTS.c:1815:7:qFtoA	40	static
QuarkTS.c:1915:9:qBSBuffer_Count	0	static
QuarkTS.c:1931:9:qBSBuffer_IsFull	8	static
QuarkTS.c:1947:9:qBSBuffer_Empty	8	static
QuarkTS.c:1963:9:qBSBuffer_Peek	8	static
QuarkTS.c:1980:9:qBSBuffer_Get	16	static
QuarkTS.c:2002:9:qBSBuffer_Read	16	static
QuarkTS.c:2025:9:qBSBuffer_Put	16	static
QuarkTS.c:2048:6:qBSBuffer_Init	8	static
QuarkTS.c:2072:6:qResponseInitialize	0	static
QuarkTS.c:2117:9:qResponseReceivedWithTimeout	24	static
QuarkTS.c:2094:9:qResponseReceived	16	static
QuarkTS.c:2152:9:qResponseISRHandler	0	static
QuarkTS.c:2163:6:__qtrace_func	32	static
