stm32f0xx_hal_uart.c:2401:13:UART_EndRxTransfer	0	static
stm32f0xx_hal_uart.c:574:13:HAL_UART_MspInit	0	static
stm32f0xx_hal_uart.c:589:13:HAL_UART_MspDeInit	0	static
stm32f0xx_hal_uart.c:536:19:HAL_UART_DeInit	16	static
stm32f0xx_hal_uart.c:862:19:HAL_UART_Transmit_IT	16	static
stm32f0xx_hal_uart.c:918:19:HAL_UART_Receive_IT	20	static
stm32f0xx_hal_uart.c:983:19:HAL_UART_Transmit_DMA	16	static
stm32f0xx_hal_uart.c:1058:19:HAL_UART_Receive_DMA	24	static
stm32f0xx_hal_uart.c:1129:19:HAL_UART_DMAPause	8	static
stm32f0xx_hal_uart.c:1162:19:HAL_UART_DMAResume	8	static
stm32f0xx_hal_uart.c:1196:19:HAL_UART_DMAStop	16	static
stm32f0xx_hal_uart.c:1250:19:HAL_UART_Abort	8	static
stm32f0xx_hal_uart.c:1317:19:HAL_UART_AbortTransmit	8	static
stm32f0xx_hal_uart.c:1359:19:HAL_UART_AbortReceive	8	static
stm32f0xx_hal_uart.c:1815:13:HAL_UART_TxCpltCallback	0	static
stm32f0xx_hal_uart.c:2417:13:UART_DMATransmitCplt	8	static
stm32f0xx_hal_uart.c:1830:13:HAL_UART_TxHalfCpltCallback	0	static
stm32f0xx_hal_uart.c:2446:13:UART_DMATxHalfCplt	8	static
stm32f0xx_hal_uart.c:1845:13:HAL_UART_RxCpltCallback	0	static
stm32f0xx_hal_uart.c:2458:13:UART_DMAReceiveCplt	8	static
stm32f0xx_hal_uart.c:1860:13:HAL_UART_RxHalfCpltCallback	0	static
stm32f0xx_hal_uart.c:2487:13:UART_DMARxHalfCplt	8	static
stm32f0xx_hal_uart.c:1875:13:HAL_UART_ErrorCallback	0	static
stm32f0xx_hal_uart.c:2499:13:UART_DMAError	8	static
stm32f0xx_hal_uart.c:2529:13:UART_DMAAbortOnError	8	static
stm32f0xx_hal_uart.c:1890:13:HAL_UART_AbortCpltCallback	0	static
stm32f0xx_hal_uart.c:1407:19:HAL_UART_Abort_IT	16	static
stm32f0xx_hal_uart.c:2588:13:UART_DMARxAbortCallback	8	static
stm32f0xx_hal_uart.c:2546:13:UART_DMATxAbortCallback	8	static
stm32f0xx_hal_uart.c:1905:13:HAL_UART_AbortTransmitCpltCallback	0	static
stm32f0xx_hal_uart.c:1532:19:HAL_UART_AbortTransmit_IT	8	static
stm32f0xx_hal_uart.c:2630:13:UART_DMATxOnlyAbortCallback	8	static
stm32f0xx_hal_uart.c:1920:13:HAL_UART_AbortReceiveCpltCallback	0	static
stm32f0xx_hal_uart.c:1597:19:HAL_UART_AbortReceive_IT	8	static
stm32f0xx_hal_uart.c:2651:13:UART_DMARxOnlyAbortCallback	8	static
stm32f0xx_hal_uart.c:1958:19:HAL_MultiProcessor_EnableMuteMode	12	static
stm32f0xx_hal_uart.c:1979:19:HAL_MultiProcessor_DisableMuteMode	12	static
stm32f0xx_hal_uart.c:2000:6:HAL_MultiProcessor_EnterMuteMode	0	static
stm32f0xx_hal_uart.c:2010:19:HAL_HalfDuplex_EnableTransmitter	8	static
stm32f0xx_hal_uart.c:2034:19:HAL_HalfDuplex_EnableReceiver	8	static
stm32f0xx_hal_uart.c:2078:23:HAL_UART_GetState	0	static
stm32f0xx_hal_uart.c:2093:10:HAL_UART_GetError	0	static
stm32f0xx_hal_uart.c:2114:19:UART_SetConfig	16	static
stm32f0xx_hal_uart.c:2219:6:UART_AdvFeatureConfig	12	static
stm32f0xx_hal_uart.c:292:19:HAL_UART_Init	16	static
stm32f0xx_hal_uart.c:371:19:HAL_HalfDuplex_Init	16	static
stm32f0xx_hal_uart.c:456:19:HAL_MultiProcessor_Init	24	static
stm32f0xx_hal_uart.c:2293:19:UART_CheckIdleState	0	static
stm32f0xx_hal_uart.c:2354:19:UART_WaitOnFlagUntilTimeout	24	static
stm32f0xx_hal_uart.c:692:19:HAL_UART_Transmit	40	static
stm32f0xx_hal_uart.c:776:19:HAL_UART_Receive	40	static
stm32f0xx_hal_uart.c:2674:19:UART_Transmit_IT	12	static
stm32f0xx_hal_uart.c:2720:19:UART_EndTransmit_IT	8	static
stm32f0xx_hal_uart.c:2740:19:UART_Receive_IT	16	static
stm32f0xx_hal_uart.c:1660:6:HAL_UART_IRQHandler	16	static
