Archive member included to satisfy reference by file (symbol)

c:/program files (x86)/atollic/truestudio for stm32 9.1.0/armtools/bin/../lib/gcc/arm-atollic-eabi/6.3.1/../../../../arm-atollic-eabi/lib/armv6-m\libc_nano.a(lib_a-init.o)
                              startup\startup_stm32f070x6.o (__libc_init_array)
c:/program files (x86)/atollic/truestudio for stm32 9.1.0/armtools/bin/../lib/gcc/arm-atollic-eabi/6.3.1/../../../../arm-atollic-eabi/lib/armv6-m\libc_nano.a(lib_a-locale.o)
                              Src\Kernel\QuarkTS.o (__locale_ctype_ptr)
c:/program files (x86)/atollic/truestudio for stm32 9.1.0/armtools/bin/../lib/gcc/arm-atollic-eabi/6.3.1/../../../../arm-atollic-eabi/lib/armv6-m\libc_nano.a(lib_a-mbtowc_r.o)
                              c:/program files (x86)/atollic/truestudio for stm32 9.1.0/armtools/bin/../lib/gcc/arm-atollic-eabi/6.3.1/../../../../arm-atollic-eabi/lib/armv6-m\libc_nano.a(lib_a-locale.o) (__ascii_mbtowc)
c:/program files (x86)/atollic/truestudio for stm32 9.1.0/armtools/bin/../lib/gcc/arm-atollic-eabi/6.3.1/../../../../arm-atollic-eabi/lib/armv6-m\libc_nano.a(lib_a-memcpy-stub.o)
                              Drivers\STM32F0xx_HAL_Driver\Src\stm32f0xx_hal_rcc.o (memcpy)
c:/program files (x86)/atollic/truestudio for stm32 9.1.0/armtools/bin/../lib/gcc/arm-atollic-eabi/6.3.1/../../../../arm-atollic-eabi/lib/armv6-m\libc_nano.a(lib_a-memset.o)
                              Middlewares\Third_Party\FreeRTOS\Source\CMSIS_RTOS\cmsis_os.o (memset)
c:/program files (x86)/atollic/truestudio for stm32 9.1.0/armtools/bin/../lib/gcc/arm-atollic-eabi/6.3.1/../../../../arm-atollic-eabi/lib/armv6-m\libc_nano.a(lib_a-sprintf.o)
                              Src\Drivers_Hd\Sigfox.o (sprintf)
c:/program files (x86)/atollic/truestudio for stm32 9.1.0/armtools/bin/../lib/gcc/arm-atollic-eabi/6.3.1/../../../../arm-atollic-eabi/lib/armv6-m\libc_nano.a(lib_a-strchr.o)
                              Src\Drivers_Hd\Sigfox.o (strchr)
c:/program files (x86)/atollic/truestudio for stm32 9.1.0/armtools/bin/../lib/gcc/arm-atollic-eabi/6.3.1/../../../../arm-atollic-eabi/lib/armv6-m\libc_nano.a(lib_a-strcmp.o)
                              c:/program files (x86)/atollic/truestudio for stm32 9.1.0/armtools/bin/../lib/gcc/arm-atollic-eabi/6.3.1/../../../../arm-atollic-eabi/lib/armv6-m\libc_nano.a(lib_a-locale.o) (strcmp)
c:/program files (x86)/atollic/truestudio for stm32 9.1.0/armtools/bin/../lib/gcc/arm-atollic-eabi/6.3.1/../../../../arm-atollic-eabi/lib/armv6-m\libc_nano.a(lib_a-strcpy.o)
                              Src\Drivers_Hd\Sigfox.o (strcpy)
c:/program files (x86)/atollic/truestudio for stm32 9.1.0/armtools/bin/../lib/gcc/arm-atollic-eabi/6.3.1/../../../../arm-atollic-eabi/lib/armv6-m\libc_nano.a(lib_a-strlen.o)
                              Src\Common\Globals.o (strlen)
c:/program files (x86)/atollic/truestudio for stm32 9.1.0/armtools/bin/../lib/gcc/arm-atollic-eabi/6.3.1/../../../../arm-atollic-eabi/lib/armv6-m\libc_nano.a(lib_a-strncpy.o)
                              Src\Drivers_Hd\Sigfox.o (strncpy)
c:/program files (x86)/atollic/truestudio for stm32 9.1.0/armtools/bin/../lib/gcc/arm-atollic-eabi/6.3.1/../../../../arm-atollic-eabi/lib/armv6-m\libc_nano.a(lib_a-strstr.o)
                              Src\Drivers_Hd\Sigfox.o (strstr)
c:/program files (x86)/atollic/truestudio for stm32 9.1.0/armtools/bin/../lib/gcc/arm-atollic-eabi/6.3.1/../../../../arm-atollic-eabi/lib/armv6-m\libc_nano.a(lib_a-strtol.o)
                              Src\Drivers_Hd\Sigfox.o (strtol)
c:/program files (x86)/atollic/truestudio for stm32 9.1.0/armtools/bin/../lib/gcc/arm-atollic-eabi/6.3.1/../../../../arm-atollic-eabi/lib/armv6-m\libc_nano.a(lib_a-wctomb_r.o)
                              c:/program files (x86)/atollic/truestudio for stm32 9.1.0/armtools/bin/../lib/gcc/arm-atollic-eabi/6.3.1/../../../../arm-atollic-eabi/lib/armv6-m\libc_nano.a(lib_a-locale.o) (__ascii_wctomb)
c:/program files (x86)/atollic/truestudio for stm32 9.1.0/armtools/bin/../lib/gcc/arm-atollic-eabi/6.3.1/../../../../arm-atollic-eabi/lib/armv6-m\libc_nano.a(lib_a-ctype_.o)
                              c:/program files (x86)/atollic/truestudio for stm32 9.1.0/armtools/bin/../lib/gcc/arm-atollic-eabi/6.3.1/../../../../arm-atollic-eabi/lib/armv6-m\libc_nano.a(lib_a-locale.o) (_ctype_)
c:/program files (x86)/atollic/truestudio for stm32 9.1.0/armtools/bin/../lib/gcc/arm-atollic-eabi/6.3.1/../../../../arm-atollic-eabi/lib/armv6-m\libc_nano.a(lib_a-impure.o)
                              c:/program files (x86)/atollic/truestudio for stm32 9.1.0/armtools/bin/../lib/gcc/arm-atollic-eabi/6.3.1/../../../../arm-atollic-eabi/lib/armv6-m\libc_nano.a(lib_a-locale.o) (_impure_ptr)
c:/program files (x86)/atollic/truestudio for stm32 9.1.0/armtools/bin/../lib/gcc/arm-atollic-eabi/6.3.1/../../../../arm-atollic-eabi/lib/armv6-m\libc_nano.a(lib_a-nano-svfprintf.o)
[...]
Memory Configuration

Name             Origin             Length             Attributes
RAM              0x20000000         0x00001800         xrw
FLASH            0x08000000         0x00008000         xr
*default*        0x00000000         0xffffffff

Linker script and memory map

LOAD c:/program files (x86)/atollic/truestudio for stm32 9.1.0/armtools/bin/../lib/gcc/arm-atollic-eabi/6.3.1/armv6-m/crti.o
LOAD c:/program files (x86)/atollic/truestudio for stm32 9.1.0/armtools/bin/../lib/gcc/arm-atollic-eabi/6.3.1/armv6-m/crtbegin.o
LOAD Drivers\STM32F0xx_HAL_Driver\Src\stm32f0xx_hal.o
LOAD Drivers\STM32F0xx_HAL_Driver\Src\stm32f0xx_hal_cortex.o
LOAD Drivers\STM32F0xx_HAL_Driver\Src\stm32f0xx_hal_dma.o
LOAD Drivers\STM32F0xx_HAL_Driver\Src\stm32f0xx_hal_flash.o
LOAD Drivers\STM32F0xx_HAL_Driver\Src\stm32f0xx_hal_flash_ex.o
LOAD Drivers\STM32F0xx_HAL_Driver\Src\stm32f0xx_hal_gpio.o
LOAD Drivers\STM32F0xx_HAL_Driver\Src\stm32f0xx_hal_i2c.o
LOAD Drivers\STM32F0xx_HAL_Driver\Src\stm32f0xx_hal_i2c_ex.o
LOAD Drivers\STM32F0xx_HAL_Driver\Src\stm32f0xx_hal_pwr.o
LOAD Drivers\STM32F0xx_HAL_Driver\Src\stm32f0xx_hal_pwr_ex.o
LOAD Drivers\STM32F0xx_HAL_Driver\Src\stm32f0xx_hal_rcc.o
LOAD Drivers\STM32F0xx_HAL_Driver\Src\stm32f0xx_hal_rcc_ex.o
LOAD Drivers\STM32F0xx_HAL_Driver\Src\stm32f0xx_hal_rtc.o
LOAD Drivers\STM32F0xx_HAL_Driver\Src\stm32f0xx_hal_rtc_ex.o
LOAD Drivers\STM32F0xx_HAL_Driver\Src\stm32f0xx_hal_tim.o
LOAD Drivers\STM32F0xx_HAL_Driver\Src\stm32f0xx_hal_tim_ex.o
LOAD Drivers\STM32F0xx_HAL_Driver\Src\stm32f0xx_hal_uart.o
LOAD Drivers\STM32F0xx_HAL_Driver\Src\stm32f0xx_hal_uart_ex.o
LOAD Middlewares\Third_Party\FreeRTOS\Source\CMSIS_RTOS\cmsis_os.o
LOAD Middlewares\Third_Party\FreeRTOS\Source\croutine.o
LOAD Middlewares\Third_Party\FreeRTOS\Source\event_groups.o
LOAD Middlewares\Third_Party\FreeRTOS\Source\list.o
LOAD Middlewares\Third_Party\FreeRTOS\Source\portable\GCC\ARM_CM0\port.o
LOAD Middlewares\Third_Party\FreeRTOS\Source\portable\MemMang\heap_4.o
LOAD Middlewares\Third_Party\FreeRTOS\Source\queue.o
LOAD Middlewares\Third_Party\FreeRTOS\Source\tasks.o
LOAD Middlewares\Third_Party\FreeRTOS\Source\timers.o
LOAD Src\Common\Event.o
LOAD Src\Common\Globals.o
LOAD Src\Drivers_Hd\Debounce.o
LOAD Src\Drivers_Hd\Sigfox.o
LOAD Src\Hardware_Profile\GPIO_Config.o
LOAD Src\Hardware_Profile\RTC_Config.o
LOAD Src\Hardware_Profile\Uart.o
LOAD Src\Kernel\QuarkTS.o
LOAD Src\State\State.o
LOAD Src\SystemClock_Config.o
LOAD Src\Task\Task.o
LOAD Src\freertos.o
LOAD Src\main.o
LOAD Src\stm32f0xx_hal_msp.o
LOAD Src\stm32f0xx_it.o
LOAD Src\system_stm32f0xx.o
LOAD startup\startup_stm32f070x6.o
                0x00000080                malloc_getpagesize_P = 0x80
START GROUP
LOAD c:/program files (x86)/atollic/truestudio for stm32 9.1.0/armtools/bin/../lib/gcc/arm-atollic-eabi/6.3.1/../../../../arm-atollic-eabi/lib/armv6-m\libc_nano.a
LOAD c:/program files (x86)/atollic/truestudio for stm32 9.1.0/armtools/bin/../lib/gcc/arm-atollic-eabi/6.3.1/../../../../arm-atollic-eabi/lib/armv6-m\libm.a
END GROUP
START GROUP
LOAD c:/program files (x86)/atollic/truestudio for stm32 9.1.0/armtools/bin/../lib/gcc/arm-atollic-eabi/6.3.1/armv6-m\libgcc.a
LOAD c:/program files (x86)/atollic/truestudio for stm32 9.1.0/armtools/bin/../lib/gcc/arm-atollic-eabi/6.3.1/../../../../arm-atollic-eabi/lib/armv6-m\libc_nano.a
END GROUP
START GROUP
LOAD c:/program files (x86)/atollic/truestudio for stm32 9.1.0/armtools/bin/../lib/gcc/arm-atollic-eabi/6.3.1/armv6-m\libgcc.a
LOAD c:/program files (x86)/atollic/truestudio for stm32 9.1.0/armtools/bin/../lib/gcc/arm-atollic-eabi/6.3.1/../../../../arm-atollic-eabi/lib/armv6-m\libc_nano.a
LOAD c:/program files (x86)/atollic/truestudio for stm32 9.1.0/armtools/bin/../lib/gcc/arm-atollic-eabi/6.3.1/../../../../arm-atollic-eabi/lib/armv6-m\libnosys.a
END GROUP
START GROUP
LOAD c:/program files (x86)/atollic/truestudio for stm32 9.1.0/armtools/bin/../lib/gcc/arm-atollic-eabi/6.3.1/armv6-m\libgcc.a
LOAD c:/program files (x86)/atollic/truestudio for stm32 9.1.0/armtools/bin/../lib/gcc/arm-atollic-eabi/6.3.1/../../../../arm-atollic-eabi/lib/armv6-m\libc_nano.a
LOAD c:/program files (x86)/atollic/truestudio for stm32 9.1.0/armtools/bin/../lib/gcc/arm-atollic-eabi/6.3.1/../../../../arm-atollic-eabi/lib/armv6-m\libnosys.a
END GROUP
LOAD c:/program files (x86)/atollic/truestudio for stm32 9.1.0/armtools/bin/../lib/gcc/arm-atollic-eabi/6.3.1/armv6-m/crtend.o
LOAD c:/program files (x86)/atollic/truestudio for stm32 9.1.0/armtools/bin/../lib/gcc/arm-atollic-eabi/6.3.1/armv6-m/crtn.o
                0x20001800                _estack = 0x20001800
                0x00000200                _Min_Heap_Size = 0x200
                0x00000400                _Min_Stack_Size = 0x400

.isr_vector     0x08000000       0xc0
                0x08000000                . = ALIGN (0x4)
 *(.isr_vector)
 .isr_vector    0x08000000       0xc0 startup\startup_stm32f070x6.o
                0x08000000                g_pfnVectors
                0x080000c0                . = ALIGN (0x4)

.text           0x080000c0     0x2774
                0x080000c0                . = ALIGN (0x4)
 *(.text)
 .text          0x080000c0       0x48 c:/program files (x86)/atollic/truestudio for stm32 9.1.0/armtools/bin/../lib/gcc/arm-atollic-eabi/6.3.1/armv6-m/crtbegin.o
 .text          0x08000108        0xe c:/program files (x86)/atollic/truestudio for stm32 9.1.0/armtools/bin/../lib/gcc/arm-atollic-eabi/6.3.1/../../../../arm-atollic-eabi/lib/armv6-m\libc_nano.a(lib_a-strlen.o)
                0x08000108                strlen
 *fill*         0x08000116        0x2 
 .text          0x08000118       0x14 c:/program files (x86)/atollic/truestudio for stm32 9.1.0/armtools/bin/../lib/gcc/arm-atollic-eabi/6.3.1/armv6-m\libgcc.a(_thumb1_case_sqi.o)
                0x08000118                __gnu_thumb1_case_sqi
 .text          0x0800012c       0x14 c:/program files (x86)/atollic/truestudio for stm32 9.1.0/armtools/bin/../lib/gcc/arm-atollic-eabi/6.3.1/armv6-m\libgcc.a(_thumb1_case_uqi.o)
                0x0800012c                __gnu_thumb1_case_uqi
 .text          0x08000140      0x114 c:/program files (x86)/atollic/truestudio for stm32 9.1.0/armtools/bin/../lib/gcc/arm-atollic-eabi/6.3.1/armv6-m\libgcc.a(_udivsi3.o)
                0x08000140                __aeabi_uidiv
                0x08000140                __udivsi3
                0x0800024c                __aeabi_uidivmod
 .text          0x08000254        0x4 c:/program files (x86)/atollic/truestudio for stm32 9.1.0/armtools/bin/../lib/gcc/arm-atollic-eabi/6.3.1/armv6-m\libgcc.a(_dvmd_tls.o)
                0x08000254                __aeabi_idiv0
                0x08000254                __aeabi_ldiv0
 *(.text*)
 .text.HAL_InitTick
                0x08000258       0x24 Drivers\STM32F0xx_HAL_Driver\Src\stm32f0xx_hal.o
                0x08000258                HAL_InitTick
 .text.HAL_Init
                0x0800027c       0x20 Drivers\STM32F0xx_HAL_Driver\Src\stm32f0xx_hal.o
                0x0800027c                HAL_Init
 .text.HAL_IncTick
                0x0800029c       0x10 Drivers\STM32F0xx_HAL_Driver\Src\stm32f0xx_hal.o
                0x0800029c                HAL_IncTick
 .text.HAL_GetTick
                0x080002ac        0xc Drivers\STM32F0xx_HAL_Driver\Src\stm32f0xx_hal.o
                0x080002ac                HAL_GetTick
 .text.HAL_NVIC_SetPriority
                0x080002b8       0x60 Drivers\STM32F0xx_HAL_Driver\Src\stm32f0xx_hal_cortex.o
                0x080002b8                HAL_NVIC_SetPriority
 .text.HAL_NVIC_EnableIRQ
                0x08000318       0x14 Drivers\STM32F0xx_HAL_Driver\Src\stm32f0xx_hal_cortex.o
                0x08000318                HAL_NVIC_EnableIRQ
 .text.HAL_SYSTICK_Config
                0x0800032c       0x34 Drivers\STM32F0xx_HAL_Driver\Src\stm32f0xx_hal_cortex.o
                0x0800032c                HAL_SYSTICK_Config
 .text.HAL_SYSTICK_IRQHandler
                0x08000360        0x8 Drivers\STM32F0xx_HAL_Driver\Src\stm32f0xx_hal_cortex.o
                0x08000360                HAL_SYSTICK_IRQHandler
 .text.HAL_DMA_Abort_IT
                0x08000368       0x46 Drivers\STM32F0xx_HAL_Driver\Src\stm32f0xx_hal_dma.o
                0x08000368                HAL_DMA_Abort_IT
 *fill*         0x080003ae        0x2 
 .text.HAL_GPIO_Init
                0x080003b0      0x160 Drivers\STM32F0xx_HAL_Driver\Src\stm32f0xx_hal_gpio.o
                0x080003b0                HAL_GPIO_Init
 .text.HAL_GPIO_ReadPin
                0x08000510        0xc Drivers\STM32F0xx_HAL_Driver\Src\stm32f0xx_hal_gpio.o
                0x08000510                HAL_GPIO_ReadPin
 .text.HAL_GPIO_WritePin
                0x0800051c        0xc Drivers\STM32F0xx_HAL_Driver\Src\stm32f0xx_hal_gpio.o
                0x0800051c                HAL_GPIO_WritePin
 .text.HAL_PWR_EnableWakeUpPin
                0x08000528       0x10 Drivers\STM32F0xx_HAL_Driver\Src\stm32f0xx_hal_pwr.o
                0x08000528                HAL_PWR_EnableWakeUpPin
 .text.HAL_PWR_EnterSTANDBYMode
                0x08000538       0x20 Drivers\STM32F0xx_HAL_Driver\Src\stm32f0xx_hal_pwr.o
                0x08000538                HAL_PWR_EnterSTANDBYMode
 .text.HAL_RCC_OscConfig
                0x08000558      0x3d8 Drivers\STM32F0xx_HAL_Driver\Src\stm32f0xx_hal_rcc.o
                0x08000558                HAL_RCC_OscConfig
 .text.HAL_RCC_GetSysClockFreq
                0x08000930       0x58 Drivers\STM32F0xx_HAL_Driver\Src\stm32f0xx_hal_rcc.o
                0x08000930                HAL_RCC_GetSysClockFreq
 .text.HAL_RCC_ClockConfig
                0x08000988      0x12c Drivers\STM32F0xx_HAL_Driver\Src\stm32f0xx_hal_rcc.o
                0x08000988                HAL_RCC_ClockConfig
 .text.HAL_RCC_GetHCLKFreq
                0x08000ab4        0xc Drivers\STM32F0xx_HAL_Driver\Src\stm32f0xx_hal_rcc.o
                0x08000ab4                HAL_RCC_GetHCLKFreq
 .text.HAL_RCC_GetPCLK1Freq
                0x08000ac0       0x20 Drivers\STM32F0xx_HAL_Driver\Src\stm32f0xx_hal_rcc.o
                0x08000ac0                HAL_RCC_GetPCLK1Freq
 .text.HAL_RCCEx_PeriphCLKConfig
                0x08000ae0      0x118 Drivers\STM32F0xx_HAL_Driver\Src\stm32f0xx_hal_rcc_ex.o
                0x08000ae0                HAL_RCCEx_PeriphCLKConfig
 .text.HAL_RTC_AlarmIRQHandler
                0x08000bf8       0x38 Drivers\STM32F0xx_HAL_Driver\Src\stm32f0xx_hal_rtc.o
                0x08000bf8                HAL_RTC_AlarmIRQHandler
 .text.HAL_RTC_WaitForSynchro
                0x08000c30       0x34 Drivers\STM32F0xx_HAL_Driver\Src\stm32f0xx_hal_rtc.o
                0x08000c30                HAL_RTC_WaitForSynchro
 .text.RTC_EnterInitMode
                0x08000c64       0x38 Drivers\STM32F0xx_HAL_Driver\Src\stm32f0xx_hal_rtc.o
                0x08000c64                RTC_EnterInitMode
 .text.RTC_ByteToBcd2
                0x08000c9c       0x16 Drivers\STM32F0xx_HAL_Driver\Src\stm32f0xx_hal_rtc.o
                0x08000c9c                RTC_ByteToBcd2
 *fill*         0x08000cb2        0x2 
 .text.HAL_RTC_SetTime
                0x08000cb4       0xe8 Drivers\STM32F0xx_HAL_Driver\Src\stm32f0xx_hal_rtc.o
                0x08000cb4                HAL_RTC_SetTime
 .text.RTC_Bcd2ToByte
                0x08000d9c       0x10 Drivers\STM32F0xx_HAL_Driver\Src\stm32f0xx_hal_rtc.o
                0x08000d9c                RTC_Bcd2ToByte
 .text.HAL_RTC_GetTime
                0x08000dac       0x54 Drivers\STM32F0xx_HAL_Driver\Src\stm32f0xx_hal_rtc.o
                0x08000dac                HAL_RTC_GetTime
 .text.HAL_RTC_GetDate
                0x08000e00       0x44 Drivers\STM32F0xx_HAL_Driver\Src\stm32f0xx_hal_rtc.o
                0x08000e00                HAL_RTC_GetDate
 .text.UART_EndRxTransfer
                0x08000e44       0x20 Drivers\STM32F0xx_HAL_Driver\Src\stm32f0xx_hal_uart.o
 .text.HAL_UART_Receive_IT
                0x08000e64       0xa8 Drivers\STM32F0xx_HAL_Driver\Src\stm32f0xx_hal_uart.o
                0x08000e64                HAL_UART_Receive_IT
 .text.HAL_UART_TxCpltCallback
                0x08000f0c        0x2 Drivers\STM32F0xx_HAL_Driver\Src\stm32f0xx_hal_uart.o
                0x08000f0c                HAL_UART_TxCpltCallback
 .text.HAL_UART_ErrorCallback
                0x08000f0e        0x2 Drivers\STM32F0xx_HAL_Driver\Src\stm32f0xx_hal_uart.o
                0x08000f0e                HAL_UART_ErrorCallback
 .text.UART_DMAAbortOnError
                0x08000f10       0x16 Drivers\STM32F0xx_HAL_Driver\Src\stm32f0xx_hal_uart.o
 *fill*         0x08000f26        0x2 
 .text.UART_SetConfig
                0x08000f28      0x134 Drivers\STM32F0xx_HAL_Driver\Src\stm32f0xx_hal_uart.o
                0x08000f28                UART_SetConfig
 .text.UART_AdvFeatureConfig
                0x0800105c       0xd0 Drivers\STM32F0xx_HAL_Driver\Src\stm32f0xx_hal_uart.o
                0x0800105c                UART_AdvFeatureConfig
 .text.HAL_UART_Init
                0x0800112c       0x78 Drivers\STM32F0xx_HAL_Driver\Src\stm32f0xx_hal_uart.o
                0x0800112c                HAL_UART_Init
 .text.UART_WaitOnFlagUntilTimeout
                0x080011a4       0x64 Drivers\STM32F0xx_HAL_Driver\Src\stm32f0xx_hal_uart.o
                0x080011a4                UART_WaitOnFlagUntilTimeout
 .text.HAL_UART_Transmit
                0x08001208       0xcc Drivers\STM32F0xx_HAL_Driver\Src\stm32f0xx_hal_uart.o
                0x08001208                HAL_UART_Transmit
 .text.UART_Transmit_IT
                0x080012d4       0x64 Drivers\STM32F0xx_HAL_Driver\Src\stm32f0xx_hal_uart.o
                0x080012d4                UART_Transmit_IT
 .text.UART_EndTransmit_IT
                0x08001338       0x1c Drivers\STM32F0xx_HAL_Driver\Src\stm32f0xx_hal_uart.o
                0x08001338                UART_EndTransmit_IT
 .text.UART_Receive_IT
                0x08001354       0x7c Drivers\STM32F0xx_HAL_Driver\Src\stm32f0xx_hal_uart.o
                0x08001354                UART_Receive_IT
 .text.HAL_UART_IRQHandler
                0x080013d0      0x118 Drivers\STM32F0xx_HAL_Driver\Src\stm32f0xx_hal_uart.o
                0x080013d0                HAL_UART_IRQHandler
 .text.osKernelStart
                0x080014e8        0xa Middlewares\Third_Party\FreeRTOS\Source\CMSIS_RTOS\cmsis_os.o
                0x080014e8                osKernelStart
 .text.osSystickHandler
                0x080014f2       0x10 Middlewares\Third_Party\FreeRTOS\Source\CMSIS_RTOS\cmsis_os.o
                0x080014f2                osSystickHandler
 .text.vListInitialise
                0x08001502       0x16 Middlewares\Third_Party\FreeRTOS\Source\list.o
                0x08001502                vListInitialise
 .text.vListInitialiseItem
                0x08001518        0x6 Middlewares\Third_Party\FreeRTOS\Source\list.o
                0x08001518                vListInitialiseItem
 .text.vListInsertEnd
                0x0800151e       0x18 Middlewares\Third_Party\FreeRTOS\Source\list.o
                0x0800151e                vListInsertEnd
 .text.vListInsert
                0x08001536       0x2e Middlewares\Third_Party\FreeRTOS\Source\list.o
                0x08001536                vListInsert
 .text.uxListRemove
                0x08001564       0x20 Middlewares\Third_Party\FreeRTOS\Source\list.o
                0x08001564                uxListRemove
 .text.prvTaskExitError
                0x08001584       0x14 Middlewares\Third_Party\FreeRTOS\Source\portable\GCC\ARM_CM0\port.o
 *fill*         0x08001598        0x8 
 .text.vPortStartFirstTask
                0x080015a0       0x34 Middlewares\Third_Party\FreeRTOS\Source\portable\GCC\ARM_CM0\port.o
 .text.pxPortInitialiseStack
                0x080015d4       0x20 Middlewares\Third_Party\FreeRTOS\Source\portable\GCC\ARM_CM0\port.o
                0x080015d4                pxPortInitialiseStack
 .text.SVC_Handler
                0x080015f4        0x2 Middlewares\Third_Party\FreeRTOS\Source\portable\GCC\ARM_CM0\port.o
                0x080015f4                SVC_Handler
 *fill*         0x080015f6        0x2 
 .text.vPortYield
                0x080015f8       0x18 Middlewares\Third_Party\FreeRTOS\Source\portable\GCC\ARM_CM0\port.o
                0x080015f8                vPortYield
 .text.vPortEnterCritical
                0x08001610       0x18 Middlewares\Third_Party\FreeRTOS\Source\portable\GCC\ARM_CM0\port.o
                0x08001610                vPortEnterCritical
 .text.vPortExitCritical
                0x08001628       0x1c Middlewares\Third_Party\FreeRTOS\Source\portable\GCC\ARM_CM0\port.o
                0x08001628                vPortExitCritical
 .text.ulSetInterruptMaskFromISR
                0x08001644        0xa Middlewares\Third_Party\FreeRTOS\Source\portable\GCC\ARM_CM0\port.o
                0x08001644                ulSetInterruptMaskFromISR
 .text.vClearInterruptMaskFromISR
                0x0800164e        0x6 Middlewares\Third_Party\FreeRTOS\Source\portable\GCC\ARM_CM0\port.o
                0x0800164e                vClearInterruptMaskFromISR
 *fill*         0x08001654        0xc 
 .text.PendSV_Handler
                0x08001660       0x44 Middlewares\Third_Party\FreeRTOS\Source\portable\GCC\ARM_CM0\port.o
                0x08001660                PendSV_Handler
 .text.xPortSysTickHandler
                0x080016a4       0x24 Middlewares\Third_Party\FreeRTOS\Source\portable\GCC\ARM_CM0\port.o
                0x080016a4                xPortSysTickHandler
 .text.vPortSetupTimerInterrupt
                0x080016c8       0x28 Middlewares\Third_Party\FreeRTOS\Source\portable\GCC\ARM_CM0\port.o
                0x080016c8                vPortSetupTimerInterrupt
 .text.xPortStartScheduler
                0x080016f0       0x34 Middlewares\Third_Party\FreeRTOS\Source\portable\GCC\ARM_CM0\port.o
                0x080016f0                xPortStartScheduler
 .text.unlikely.prvInsertBlockIntoFreeList
                0x08001724       0x48 Middlewares\Third_Party\FreeRTOS\Source\portable\MemMang\heap_4.o
 .text.pvPortMalloc
                0x0800176c      0x104 Middlewares\Third_Party\FreeRTOS\Source\portable\MemMang\heap_4.o
                0x0800176c                pvPortMalloc
 .text.vPortFree
                0x08001870       0x48 Middlewares\Third_Party\FreeRTOS\Source\portable\MemMang\heap_4.o
                0x08001870                vPortFree
 .text.prvResetNextTaskUnblockTime
                0x080018b8       0x28 Middlewares\Third_Party\FreeRTOS\Source\tasks.o
 .text.prvAddCurrentTaskToDelayedList
                0x080018e0       0x70 Middlewares\Third_Party\FreeRTOS\Source\tasks.o
 .text.xTaskCreate
                0x08001950      0x188 Middlewares\Third_Party\FreeRTOS\Source\tasks.o
                0x08001950                xTaskCreate
 .text.vTaskStartScheduler
                0x08001ad8       0x54 Middlewares\Third_Party\FreeRTOS\Source\tasks.o
                0x08001ad8                vTaskStartScheduler
 .text.vTaskSuspendAll
                0x08001b2c       0x10 Middlewares\Third_Party\FreeRTOS\Source\tasks.o
                0x08001b2c                vTaskSuspendAll
 .text.xTaskGetTickCount
                0x08001b3c        0xc Middlewares\Third_Party\FreeRTOS\Source\tasks.o
                0x08001b3c                xTaskGetTickCount
 .text.xTaskIncrementTick
                0x08001b48       0xfc Middlewares\Third_Party\FreeRTOS\Source\tasks.o
                0x08001b48                xTaskIncrementTick
 .text.xTaskResumeAll
                0x08001c44       0xd0 Middlewares\Third_Party\FreeRTOS\Source\tasks.o
                0x08001c44                xTaskResumeAll
 .text.vTaskDelayUntil
                0x08001d14       0x68 Middlewares\Third_Party\FreeRTOS\Source\tasks.o
                0x08001d14                vTaskDelayUntil
 .text.prvIdleTask
                0x08001d7c       0x68 Middlewares\Third_Party\FreeRTOS\Source\tasks.o
 .text.vTaskSwitchContext
                0x08001de4       0x6c Middlewares\Third_Party\FreeRTOS\Source\tasks.o
                0x08001de4                vTaskSwitchContext
 .text.xTaskGetSchedulerState
                0x08001e50       0x20 Middlewares\Third_Party\FreeRTOS\Source\tasks.o
                0x08001e50                xTaskGetSchedulerState
 .text.HAL_SYSTICK_Callback
                0x08001e70       0x48 Src\Common\Event.o
                0x08001e70                HAL_SYSTICK_Callback
 .text.RSTCtrl_Sigfox
                0x08001eb8       0x14 Src\Common\Globals.o
                0x08001eb8                RSTCtrl_Sigfox
 .text.RST2Ctrl_Sigfox
                0x08001ecc       0x14 Src\Common\Globals.o
                0x08001ecc                RST2Ctrl_Sigfox
 .text.UART_SIGFOX_TX_STM
                0x08001ee0       0x1c Src\Common\Globals.o
                0x08001ee0                UART_SIGFOX_TX_STM
 .text.UART_SIGFOX_RX_STM
                0x08001efc       0x10 Src\Common\Globals.o
                0x08001efc                UART_SIGFOX_RX_STM
 .text.PrintString
                0x08001f0c       0x1c Src\Common\Globals.o
                0x08001f0c                PrintString
 .text.DiscrimateFrameType
                0x08001f28       0x36 Src\Common\Globals.o
                0x08001f28                DiscrimateFrameType
 .text.Debounce_Init
                0x08001f5e       0x20 Src\Drivers_Hd\Debounce.o
                0x08001f5e                Debounce_Init
 .text.Debounce_Update
                0x08001f7e       0x60 Src\Drivers_Hd\Debounce.o
                0x08001f7e                Debounce_Update
 .text.SigfoxStringTX
                0x08001fde       0x18 Src\Drivers_Hd\Sigfox.o
 .text.SigfoxResetObject
                0x08001ff6       0x2e Src\Drivers_Hd\Sigfox.o
 .text.SigfoxInit
                0x08002024       0x3c Src\Drivers_Hd\Sigfox.o
                0x08002024                SigfoxInit
 .text.SigfoxWakeUP
                0x08002060       0x18 Src\Drivers_Hd\Sigfox.o
                0x08002060                SigfoxWakeUP
 .text.SigfoxISRRX
                0x08002078       0x56 Src\Drivers_Hd\Sigfox.o
                0x08002078                SigfoxISRRX
 .text.NibbletoX
                0x080020ce       0x12 Src\Drivers_Hd\Sigfox.o
                0x080020ce                NibbletoX
 .text.SigfoxSendMessage
                0x080020e0       0xb4 Src\Drivers_Hd\Sigfox.o
                0x080020e0                SigfoxSendMessage
 .text.MX_GPIO_Init
                0x08002194       0xbc Src\Hardware_Profile\GPIO_Config.o
                0x08002194                MX_GPIO_Init
 .text.HAL_RTC_AlarmAEventCallback
                0x08002250       0x10 Src\Hardware_Profile\RTC_Config.o
                0x08002250                HAL_RTC_AlarmAEventCallback
 .text.RTC_WakeUp_Clear_Flag
                0x08002260       0x10 Src\Hardware_Profile\RTC_Config.o
                0x08002260                RTC_WakeUp_Clear_Flag
 .text.Standby_Mode_Entry
                0x08002270       0x20 Src\Hardware_Profile\RTC_Config.o
                0x08002270                Standby_Mode_Entry
 .text.RTC_Set_To_Zero_DateTime
                0x08002290       0x1e Src\Hardware_Profile\RTC_Config.o
                0x08002290                RTC_Set_To_Zero_DateTime
 *fill*         0x080022ae        0x2 
 .text.MX_USART2_UART_Init
                0x080022b0       0x38 Src\Hardware_Profile\Uart.o
                0x080022b0                MX_USART2_UART_Init
 .text.HAL_UART_RxCpltCallback
                0x080022e8       0x2c Src\Hardware_Profile\Uart.o
                0x080022e8                HAL_UART_RxCpltCallback
 .text.qSchedulerSysTick
                0x08002314       0x10 Src\Kernel\QuarkTS.o
                0x08002314                qSchedulerSysTick
 .text.SystemClock_Config
                0x08002324       0x7c Src\SystemClock_Config.o
                0x08002324                SystemClock_Config
 .text.TaskFSM  0x080023a0       0x28 Src\main.o
                0x080023a0                TaskFSM
 .text.TaskTxUartDebug
                0x080023c8       0x28 Src\main.o
                0x080023c8                TaskTxUartDebug
 .text.startup.main
                0x080023f0      0x1a4 Src\main.o
                0x080023f0                main
 .text.Error_Handler
                0x08002594        0x2 Src\main.o
                0x08002594                Error_Handler
 *fill*         0x08002596        0x2 
 .text.HAL_MspInit
                0x08002598       0x38 Src\stm32f0xx_hal_msp.o
                0x08002598                HAL_MspInit
 .text.HAL_UART_MspInit
                0x080025d0       0xc0 Src\stm32f0xx_hal_msp.o
                0x080025d0                HAL_UART_MspInit
 .text.NMI_Handler
                0x08002690        0x2 Src\stm32f0xx_it.o
                0x08002690                NMI_Handler
 .text.HardFault_Handler
                0x08002692        0x2 Src\stm32f0xx_it.o
                0x08002692                HardFault_Handler
 .text.SysTick_Handler
                0x08002694       0x10 Src\stm32f0xx_it.o
                0x08002694                SysTick_Handler
 .text.RTC_IRQHandler
                0x080026a4       0x10 Src\stm32f0xx_it.o
                0x080026a4                RTC_IRQHandler
 .text.USART1_IRQHandler
                0x080026b4       0x10 Src\stm32f0xx_it.o
                0x080026b4                USART1_IRQHandler
 .text.SystemInit
                0x080026c4       0x68 Src\system_stm32f0xx.o
                0x080026c4                SystemInit
 .text.Reset_Handler
                0x0800272c       0x70 startup\startup_stm32f070x6.o
                0x0800272c                Reset_Handler
 .text.Default_Handler
                0x0800279c        0x2 startup\startup_stm32f070x6.o
                0x0800279c                TIM1_CC_IRQHandler
                0x0800279c                I2C1_IRQHandler
                0x0800279c                SPI1_IRQHandler
                0x0800279c                EXTI2_3_IRQHandler
                0x0800279c                ADC1_IRQHandler
                0x0800279c                TIM17_IRQHandler
                0x0800279c                TIM16_IRQHandler
                0x0800279c                TIM3_IRQHandler
                0x0800279c                EXTI4_15_IRQHandler
                0x0800279c                RCC_IRQHandler
                0x0800279c                DMA1_Channel1_IRQHandler
                0x0800279c                Default_Handler
                0x0800279c                TIM14_IRQHandler
                0x0800279c                DMA1_Channel4_5_IRQHandler
                0x0800279c                EXTI0_1_IRQHandler
                0x0800279c                USB_IRQHandler
                0x0800279c                WWDG_IRQHandler
                0x0800279c                DMA1_Channel2_3_IRQHandler
                0x0800279c                USART2_IRQHandler
                0x0800279c                FLASH_IRQHandler
                0x0800279c                TIM1_BRK_UP_TRG_COM_IRQHandler
 *fill*         0x0800279e        0x2 
 .text.__libc_init_array
                0x080027a0       0x48 c:/program files (x86)/atollic/truestudio for stm32 9.1.0/armtools/bin/../lib/gcc/arm-atollic-eabi/6.3.1/../../../../arm-atollic-eabi/lib/armv6-m\libc_nano.a(lib_a-init.o)
                0x080027a0                __libc_init_array
 .text.memcpy   0x080027e8       0x12 c:/program files (x86)/atollic/truestudio for stm32 9.1.0/armtools/bin/../lib/gcc/arm-atollic-eabi/6.3.1/../../../../arm-atollic-eabi/lib/armv6-m\libc_nano.a(lib_a-memcpy-stub.o)
                0x080027e8                memcpy
 .text.memset   0x080027fa       0x10 c:/program files (x86)/atollic/truestudio for stm32 9.1.0/armtools/bin/../lib/gcc/arm-atollic-eabi/6.3.1/../../../../arm-atollic-eabi/lib/armv6-m\libc_nano.a(lib_a-memset.o)
                0x080027fa                memset
 .text.strcpy   0x0800280a       0x10 c:/program files (x86)/atollic/truestudio for stm32 9.1.0/armtools/bin/../lib/gcc/arm-atollic-eabi/6.3.1/../../../../arm-atollic-eabi/lib/armv6-m\libc_nano.a(lib_a-strcpy.o)
                0x0800280a                strcpy
 *(.glue_7)
 .glue_7        0x0800281a        0x0 linker stubs
 *(.glue_7t)
 .glue_7t       0x0800281a        0x0 linker stubs
 *(.eh_frame)
 *fill*         0x0800281a        0x2 
 .eh_frame      0x0800281c        0x0 c:/program files (x86)/atollic/truestudio for stm32 9.1.0/armtools/bin/../lib/gcc/arm-atollic-eabi/6.3.1/armv6-m/crtbegin.o
 *(.init)
 .init          0x0800281c        0x4 c:/program files (x86)/atollic/truestudio for stm32 9.1.0/armtools/bin/../lib/gcc/arm-atollic-eabi/6.3.1/armv6-m/crti.o
                0x0800281c                _init
 .init          0x08002820        0x8 c:/program files (x86)/atollic/truestudio for stm32 9.1.0/armtools/bin/../lib/gcc/arm-atollic-eabi/6.3.1/armv6-m/crtn.o
 *(.fini)
 .fini          0x08002828        0x4 c:/program files (x86)/atollic/truestudio for stm32 9.1.0/armtools/bin/../lib/gcc/arm-atollic-eabi/6.3.1/armv6-m/crti.o
                0x08002828                _fini
 .fini          0x0800282c        0x8 c:/program files (x86)/atollic/truestudio for stm32 9.1.0/armtools/bin/../lib/gcc/arm-atollic-eabi/6.3.1/armv6-m/crtn.o
                0x08002834                . = ALIGN (0x4)
                0x08002834                _etext = .

.vfp11_veneer   0x08002834        0x0
 .vfp11_veneer  0x08002834        0x0 linker stubs

.v4_bx          0x08002834        0x0
 .v4_bx         0x08002834        0x0 linker stubs

.iplt           0x08002834        0x0
 .iplt          0x08002834        0x0 c:/program files (x86)/atollic/truestudio for stm32 9.1.0/armtools/bin/../lib/gcc/arm-atollic-eabi/6.3.1/armv6-m/crtbegin.o

.rodata         0x08002834       0x94
                0x08002834                . = ALIGN (0x4)
 *(.rodata)
 .rodata        0x08002834       0x20 Drivers\STM32F0xx_HAL_Driver\Src\stm32f0xx_hal_rcc.o
 *(.rodata*)
 .rodata.CSWTCH.50
                0x08002854        0x4 Drivers\STM32F0xx_HAL_Driver\Src\stm32f0xx_hal_uart.o
 .rodata.vTaskStartScheduler.str1.1
                0x08002858        0x5 Middlewares\Third_Party\FreeRTOS\Source\tasks.o
 .rodata.SigfoxSendMessage.str1.1
                0x0800285d        0xb Src\Drivers_Hd\Sigfox.o
                                  0xd (size before relaxing)
 .rodata.TaskFSM.str1.1
                0x08002868        0xc Src\main.o
 .rodata.TaskTxUartDebug.str1.1
                0x08002874        0xe Src\main.o
 .rodata.main.str1.1
                0x08002882       0x2e Src\main.o
 .rodata.AHBPrescTable
                0x080028b0       0x10 Src\system_stm32f0xx.o
                0x080028b0                AHBPrescTable
 .rodata.APBPrescTable
                0x080028c0        0x8 Src\system_stm32f0xx.o
                0x080028c0                APBPrescTable
                0x080028c8                . = ALIGN (0x4)

.rel.dyn        0x080028c8        0x0
 .rel.iplt      0x080028c8        0x0 c:/program files (x86)/atollic/truestudio for stm32 9.1.0/armtools/bin/../lib/gcc/arm-atollic-eabi/6.3.1/armv6-m/crtbegin.o

.ARM.extab
 *(.ARM.extab* .gnu.linkonce.armextab.*)

.ARM            0x080028c8        0x0
                0x080028c8                __exidx_start = .
 *(.ARM.exidx*)
                0x080028c8                __exidx_end = .

.preinit_array  0x080028c8        0x0
                0x080028c8                PROVIDE (__preinit_array_start, .)
 *(.preinit_array*)
                0x080028c8                PROVIDE (__preinit_array_end, .)

.init_array     0x080028c8        0x4
                0x080028c8                PROVIDE (__init_array_start, .)
 *(SORT(.init_array.*))
 *(.init_array*)
 .init_array    0x080028c8        0x4 c:/program files (x86)/atollic/truestudio for stm32 9.1.0/armtools/bin/../lib/gcc/arm-atollic-eabi/6.3.1/armv6-m/crtbegin.o
                0x080028cc                PROVIDE (__init_array_end, .)

.fini_array     0x080028cc        0x4
                [!provide]                PROVIDE (__fini_array_start, .)
 *(SORT(.fini_array.*))
 *(.fini_array*)
 .fini_array    0x080028cc        0x4 c:/program files (x86)/atollic/truestudio for stm32 9.1.0/armtools/bin/../lib/gcc/arm-atollic-eabi/6.3.1/armv6-m/crtbegin.o
                [!provide]                PROVIDE (__fini_array_end, .)
                0x080028d0                _sidata = LOADADDR (.data)

.data           0x20000000        0x8 load address 0x080028d0
                0x20000000                . = ALIGN (0x4)
                0x20000000                _sdata = .
 *(.data)
 *(.data*)
 .data.uxCriticalNesting
                0x20000000        0x4 Middlewares\Third_Party\FreeRTOS\Source\portable\GCC\ARM_CM0\port.o
 .data.SystemCoreClock
                0x20000004        0x4 Src\system_stm32f0xx.o
                0x20000004                SystemCoreClock
                0x20000008                . = ALIGN (0x4)
                0x20000008                _edata = .

.igot.plt       0x20000008        0x0 load address 0x080028d8
 .igot.plt      0x20000008        0x0 c:/program files (x86)/atollic/truestudio for stm32 9.1.0/armtools/bin/../lib/gcc/arm-atollic-eabi/6.3.1/armv6-m/crtbegin.o
                0x20000008                . = ALIGN (0x4)

.bss            0x20000008      0xfc0 load address 0x080028d8
                0x20000008                _sbss = .
                0x20000008                __bss_start__ = _sbss
 *(.bss)
 .bss           0x20000008       0x1c c:/program files (x86)/atollic/truestudio for stm32 9.1.0/armtools/bin/../lib/gcc/arm-atollic-eabi/6.3.1/armv6-m/crtbegin.o
 *(.bss*)
 .bss.pxEnd     0x20000024        0x4 Middlewares\Third_Party\FreeRTOS\Source\portable\MemMang\heap_4.o
 .bss.ucHeap    0x20000028      0xc00 Middlewares\Third_Party\FreeRTOS\Source\portable\MemMang\heap_4.o
 .bss.xBlockAllocatedBit
                0x20000c28        0x4 Middlewares\Third_Party\FreeRTOS\Source\portable\MemMang\heap_4.o
 .bss.xFreeBytesRemaining
                0x20000c2c        0x4 Middlewares\Third_Party\FreeRTOS\Source\portable\MemMang\heap_4.o
 .bss.xMinimumEverFreeBytesRemaining
                0x20000c30        0x4 Middlewares\Third_Party\FreeRTOS\Source\portable\MemMang\heap_4.o
 .bss.xStart    0x20000c34        0x8 Middlewares\Third_Party\FreeRTOS\Source\portable\MemMang\heap_4.o
 .bss.pxCurrentTCB
                0x20000c3c        0x4 Middlewares\Third_Party\FreeRTOS\Source\tasks.o
                0x20000c3c                pxCurrentTCB
 .bss.pxDelayedTaskList
                0x20000c40        0x4 Middlewares\Third_Party\FreeRTOS\Source\tasks.o
 .bss.pxOverflowDelayedTaskList
                0x20000c44        0x4 Middlewares\Third_Party\FreeRTOS\Source\tasks.o
 .bss.pxReadyTasksLists
                0x20000c48       0x8c Middlewares\Third_Party\FreeRTOS\Source\tasks.o
 .bss.uxCurrentNumberOfTasks
                0x20000cd4        0x4 Middlewares\Third_Party\FreeRTOS\Source\tasks.o
 .bss.uxDeletedTasksWaitingCleanUp
                0x20000cd8        0x4 Middlewares\Third_Party\FreeRTOS\Source\tasks.o
 .bss.uxPendedTicks
                0x20000cdc        0x4 Middlewares\Third_Party\FreeRTOS\Source\tasks.o
 .bss.uxSchedulerSuspended
                0x20000ce0        0x4 Middlewares\Third_Party\FreeRTOS\Source\tasks.o
 .bss.uxTaskNumber
                0x20000ce4        0x4 Middlewares\Third_Party\FreeRTOS\Source\tasks.o
 .bss.uxTopReadyPriority
                0x20000ce8        0x4 Middlewares\Third_Party\FreeRTOS\Source\tasks.o
 .bss.xDelayedTaskList1
                0x20000cec       0x14 Middlewares\Third_Party\FreeRTOS\Source\tasks.o
 .bss.xDelayedTaskList2
                0x20000d00       0x14 Middlewares\Third_Party\FreeRTOS\Source\tasks.o
 .bss.xIdleTaskHandle
                0x20000d14        0x4 Middlewares\Third_Party\FreeRTOS\Source\tasks.o
 .bss.xNextTaskUnblockTime
                0x20000d18        0x4 Middlewares\Third_Party\FreeRTOS\Source\tasks.o
 .bss.xNumOfOverflows
                0x20000d1c        0x4 Middlewares\Third_Party\FreeRTOS\Source\tasks.o
 .bss.xPendingReadyList
                0x20000d20       0x14 Middlewares\Third_Party\FreeRTOS\Source\tasks.o
 .bss.xSchedulerRunning
                0x20000d34        0x4 Middlewares\Third_Party\FreeRTOS\Source\tasks.o
 .bss.xSuspendedTaskList
                0x20000d38       0x14 Middlewares\Third_Party\FreeRTOS\Source\tasks.o
 .bss.xTasksWaitingTermination
                0x20000d4c       0x14 Middlewares\Third_Party\FreeRTOS\Source\tasks.o
 .bss.xTickCount
                0x20000d60        0x4 Middlewares\Third_Party\FreeRTOS\Source\tasks.o
 .bss.xYieldPending
                0x20000d64        0x4 Middlewares\Third_Party\FreeRTOS\Source\tasks.o
 .bss.contador.7946
                0x20000d68        0x4 Src\Common\Event.o
 .bss.FlagCont  0x20000d6c        0x1 Src\Common\Globals.o
                0x20000d6c                FlagCont
 .bss.DDate     0x20000d6d        0x4 Src\Hardware_Profile\RTC_Config.o
                0x20000d6d                DDate
 *fill*         0x20000d71        0x3 
 .bss.TTime     0x20000d74       0x14 Src\Hardware_Profile\RTC_Config.o
                0x20000d74                TTime
 .bss._qSysTick_Epochs_
                0x20000d88        0x4 Src\Kernel\QuarkTS.o
 *(COMMON)
 COMMON         0x20000d8c        0x4 Drivers\STM32F0xx_HAL_Driver\Src\stm32f0xx_hal.o
                0x20000d8c                uwTick
 COMMON         0x20000d90      0x111 Src\Common\Globals.o
                0x20000d90                Fsm_DebounceData
                0x20000d98                Flags_globals
                0x20000d9c                xtypes
                0x20000da0                DataFrame
                0x20000dac                SigfoxModule
                0x20000ea0                Debounce_Flag
 *fill*         0x20000ea1        0x3 
 COMMON         0x20000ea4       0x20 Src\Hardware_Profile\RTC_Config.o
                0x20000ea4                hrtc
 COMMON         0x20000ec4      0x104 Src\Hardware_Profile\Uart.o
                0x20000ec4                huart1
                0x20000f34                huart2
                0x20000fa4                UART_RX
                0x20000fc8                . = ALIGN (0x4)
                0x20000fc8                _ebss = .
                0x20000fc8                __bss_end__ = _ebss

._user_heap_stack
                0x20000fc8      0x600 load address 0x080028d8
                0x20000fc8                . = ALIGN (0x4)
                0x20000fc8                PROVIDE (end, .)
                [!provide]                PROVIDE (_end, .)
                0x200011c8                . = (. + _Min_Heap_Size)
 *fill*         0x20000fc8      0x200 
                0x200015c8                . = (. + _Min_Stack_Size)
 *fill*         0x200011c8      0x400 
                0x200015c8                . = ALIGN (0x4)

/DISCARD/
 libc.a(*)
 libm.a(*)
 libgcc.a(*)

.ARM.attributes
                0x00000000       0x28
 *(.ARM.attributes)
 .ARM.attributes
                0x00000000       0x1e c:/program files (x86)/atollic/truestudio for stm32 9.1.0/armtools/bin/../lib/gcc/arm-atollic-eabi/6.3.1/armv6-m/crti.o
 .ARM.attributes
                0x0000001e       0x2c c:/program files (x86)/atollic/truestudio for stm32 9.1.0/armtools/bin/../lib/gcc/arm-atollic-eabi/6.3.1/armv6-m/crtbegin.o
 .ARM.attributes
                0x0000004a       0x31 Drivers\STM32F0xx_HAL_Driver\Src\stm32f0xx_hal.o
 .ARM.attributes
                0x0000007b       0x31 Drivers\STM32F0xx_HAL_Driver\Src\stm32f0xx_hal_cortex.o
 .ARM.attributes
                0x000000ac       0x31 Drivers\STM32F0xx_HAL_Driver\Src\stm32f0xx_hal_dma.o
 .ARM.attributes
                0x000000dd       0x31 Drivers\STM32F0xx_HAL_Driver\Src\stm32f0xx_hal_gpio.o
 .ARM.attributes
                0x0000010e       0x31 Drivers\STM32F0xx_HAL_Driver\Src\stm32f0xx_hal_pwr.o
 .ARM.attributes
                0x0000013f       0x31 Drivers\STM32F0xx_HAL_Driver\Src\stm32f0xx_hal_rcc.o
 .ARM.attributes
                0x00000170       0x31 Drivers\STM32F0xx_HAL_Driver\Src\stm32f0xx_hal_rcc_ex.o
 .ARM.attributes
                0x000001a1       0x31 Drivers\STM32F0xx_HAL_Driver\Src\stm32f0xx_hal_rtc.o
 .ARM.attributes
                0x000001d2       0x31 Drivers\STM32F0xx_HAL_Driver\Src\stm32f0xx_hal_uart.o
 .ARM.attributes
                0x00000203       0x31 Middlewares\Third_Party\FreeRTOS\Source\CMSIS_RTOS\cmsis_os.o
 .ARM.attributes
                0x00000234       0x31 Middlewares\Third_Party\FreeRTOS\Source\list.o
 .ARM.attributes
                0x00000265       0x31 Middlewares\Third_Party\FreeRTOS\Source\portable\GCC\ARM_CM0\port.o
 .ARM.attributes
                0x00000296       0x31 Middlewares\Third_Party\FreeRTOS\Source\portable\MemMang\heap_4.o
 .ARM.attributes
                0x000002c7       0x31 Middlewares\Third_Party\FreeRTOS\Source\tasks.o
 .ARM.attributes
                0x000002f8       0x31 Src\Common\Event.o
 .ARM.attributes
                0x00000329       0x31 Src\Common\Globals.o
 .ARM.attributes
                0x0000035a       0x31 Src\Drivers_Hd\Debounce.o
 .ARM.attributes
                0x0000038b       0x31 Src\Drivers_Hd\Sigfox.o
 .ARM.attributes
                0x000003bc       0x31 Src\Hardware_Profile\GPIO_Config.o
 .ARM.attributes
                0x000003ed       0x31 Src\Hardware_Profile\RTC_Config.o
 .ARM.attributes
                0x0000041e       0x31 Src\Hardware_Profile\Uart.o
 .ARM.attributes
                0x0000044f       0x31 Src\Kernel\QuarkTS.o
 .ARM.attributes
                0x00000480       0x31 Src\SystemClock_Config.o
 .ARM.attributes
                0x000004b1       0x31 Src\main.o
 .ARM.attributes
                0x000004e2       0x31 Src\stm32f0xx_hal_msp.o
 .ARM.attributes
                0x00000513       0x31 Src\stm32f0xx_it.o
 .ARM.attributes
                0x00000544       0x31 Src\system_stm32f0xx.o
 .ARM.attributes
                0x00000575       0x21 startup\startup_stm32f070x6.o
 .ARM.attributes
                0x00000596       0x2c c:/program files (x86)/atollic/truestudio for stm32 9.1.0/armtools/bin/../lib/gcc/arm-atollic-eabi/6.3.1/../../../../arm-atollic-eabi/lib/armv6-m\libc_nano.a(lib_a-init.o)
 .ARM.attributes
                0x000005c2       0x2c c:/program files (x86)/atollic/truestudio for stm32 9.1.0/armtools/bin/../lib/gcc/arm-atollic-eabi/6.3.1/../../../../arm-atollic-eabi/lib/armv6-m\libc_nano.a(lib_a-memcpy-stub.o)
 .ARM.attributes
                0x000005ee       0x2c c:/program files (x86)/atollic/truestudio for stm32 9.1.0/armtools/bin/../lib/gcc/arm-atollic-eabi/6.3.1/../../../../arm-atollic-eabi/lib/armv6-m\libc_nano.a(lib_a-memset.o)
 .ARM.attributes
                0x0000061a       0x2c c:/program files (x86)/atollic/truestudio for stm32 9.1.0/armtools/bin/../lib/gcc/arm-atollic-eabi/6.3.1/../../../../arm-atollic-eabi/lib/armv6-m\libc_nano.a(lib_a-strcpy.o)
 .ARM.attributes
                0x00000646       0x1c c:/program files (x86)/atollic/truestudio for stm32 9.1.0/armtools/bin/../lib/gcc/arm-atollic-eabi/6.3.1/../../../../arm-atollic-eabi/lib/armv6-m\libc_nano.a(lib_a-strlen.o)
 .ARM.attributes
                0x00000662       0x1e c:/program files (x86)/atollic/truestudio for stm32 9.1.0/armtools/bin/../lib/gcc/arm-atollic-eabi/6.3.1/armv6-m\libgcc.a(_thumb1_case_sqi.o)
 .ARM.attributes
                0x00000680       0x1e c:/program files (x86)/atollic/truestudio for stm32 9.1.0/armtools/bin/../lib/gcc/arm-atollic-eabi/6.3.1/armv6-m\libgcc.a(_thumb1_case_uqi.o)
 .ARM.attributes
                0x0000069e       0x1e c:/program files (x86)/atollic/truestudio for stm32 9.1.0/armtools/bin/../lib/gcc/arm-atollic-eabi/6.3.1/armv6-m\libgcc.a(_udivsi3.o)
 .ARM.attributes
                0x000006bc       0x1e c:/program files (x86)/atollic/truestudio for stm32 9.1.0/armtools/bin/../lib/gcc/arm-atollic-eabi/6.3.1/armv6-m\libgcc.a(_dvmd_tls.o)
 .ARM.attributes
                0x000006da       0x1e c:/program files (x86)/atollic/truestudio for stm32 9.1.0/armtools/bin/../lib/gcc/arm-atollic-eabi/6.3.1/armv6-m/crtn.o
OUTPUT(Disposable_Sigfox_ST_rtos.elf elf32-littlearm)

.debug_info     0x00000000    0x2642f
 .debug_info    0x00000000      0xe37 Drivers\STM32F0xx_HAL_Driver\Src\stm32f0xx_hal.o
 .debug_info    0x00000e37      0xfe7 Drivers\STM32F0xx_HAL_Driver\Src\stm32f0xx_hal_cortex.o
 .debug_info    0x00001e1e     0x1018 Drivers\STM32F0xx_HAL_Driver\Src\stm32f0xx_hal_dma.o
 .debug_info    0x00002e36      0xe4e Drivers\STM32F0xx_HAL_Driver\Src\stm32f0xx_hal_gpio.o
 .debug_info    0x00003c84      0xcaf Drivers\STM32F0xx_HAL_Driver\Src\stm32f0xx_hal_pwr.o
 .debug_info    0x00004933     0x116a Drivers\STM32F0xx_HAL_Driver\Src\stm32f0xx_hal_rcc.o
 .debug_info    0x00005a9d      0xc2a Drivers\STM32F0xx_HAL_Driver\Src\stm32f0xx_hal_rcc_ex.o
 .debug_info    0x000066c7     0x14f1 Drivers\STM32F0xx_HAL_Driver\Src\stm32f0xx_hal_rtc.o
 .debug_info    0x00007bb8     0x2071 Drivers\STM32F0xx_HAL_Driver\Src\stm32f0xx_hal_uart.o
 .debug_info    0x00009c29     0x24ef Middlewares\Third_Party\FreeRTOS\Source\CMSIS_RTOS\cmsis_os.o
 .debug_info    0x0000c118      0xac0 Middlewares\Third_Party\FreeRTOS\Source\list.o
 .debug_info    0x0000cbd8      0x2ac Middlewares\Third_Party\FreeRTOS\Source\portable\GCC\ARM_CM0\port.o
 .debug_info    0x0000ce84      0xba8 Middlewares\Third_Party\FreeRTOS\Source\portable\MemMang\heap_4.o
 .debug_info    0x0000da2c     0x247b Middlewares\Third_Party\FreeRTOS\Source\tasks.o
 .debug_info    0x0000fea7     0x1c64 Src\Common\Event.o
 .debug_info    0x00011b0b     0x1e78 Src\Common\Globals.o
 .debug_info    0x00013983      0x1d2 Src\Drivers_Hd\Debounce.o
 .debug_info    0x00013b55     0x14a2 Src\Drivers_Hd\Sigfox.o
 .debug_info    0x00014ff7     0x1e70 Src\Hardware_Profile\GPIO_Config.o
 .debug_info    0x00016e67     0x1f8d Src\Hardware_Profile\RTC_Config.o
 .debug_info    0x00018df4     0x1c80 Src\Hardware_Profile\Uart.o
 .debug_info    0x0001aa74     0x331d Src\Kernel\QuarkTS.o
 .debug_info    0x0001dd91     0x1e06 Src\SystemClock_Config.o
 .debug_info    0x0001fb97     0x212b Src\main.o
 .debug_info    0x00021cc2     0x2065 Src\stm32f0xx_hal_msp.o
 .debug_info    0x00023d27     0x1c10 Src\stm32f0xx_it.o
 .debug_info    0x00025937      0xa67 Src\system_stm32f0xx.o
 .debug_info    0x0002639e       0x91 startup\startup_stm32f070x6.o

.debug_abbrev   0x00000000     0x4937
 .debug_abbrev  0x00000000      0x2d1 Drivers\STM32F0xx_HAL_Driver\Src\stm32f0xx_hal.o
 .debug_abbrev  0x000002d1      0x30a Drivers\STM32F0xx_HAL_Driver\Src\stm32f0xx_hal_cortex.o
 .debug_abbrev  0x000005db      0x2a3 Drivers\STM32F0xx_HAL_Driver\Src\stm32f0xx_hal_dma.o
 .debug_abbrev  0x0000087e      0x277 Drivers\STM32F0xx_HAL_Driver\Src\stm32f0xx_hal_gpio.o
 .debug_abbrev  0x00000af5      0x22b Drivers\STM32F0xx_HAL_Driver\Src\stm32f0xx_hal_pwr.o
 .debug_abbrev  0x00000d20      0x2ea Drivers\STM32F0xx_HAL_Driver\Src\stm32f0xx_hal_rcc.o
 .debug_abbrev  0x0000100a      0x268 Drivers\STM32F0xx_HAL_Driver\Src\stm32f0xx_hal_rcc_ex.o
 .debug_abbrev  0x00001272      0x2a8 Drivers\STM32F0xx_HAL_Driver\Src\stm32f0xx_hal_rtc.o
 .debug_abbrev  0x0000151a      0x378 Drivers\STM32F0xx_HAL_Driver\Src\stm32f0xx_hal_uart.o
 .debug_abbrev  0x00001892      0x40f Middlewares\Third_Party\FreeRTOS\Source\CMSIS_RTOS\cmsis_os.o
 .debug_abbrev  0x00001ca1      0x1e3 Middlewares\Third_Party\FreeRTOS\Source\list.o
 .debug_abbrev  0x00001e84      0x194 Middlewares\Third_Party\FreeRTOS\Source\portable\GCC\ARM_CM0\port.o
 .debug_abbrev  0x00002018      0x2ce Middlewares\Third_Party\FreeRTOS\Source\portable\MemMang\heap_4.o
 .debug_abbrev  0x000022e6      0x3bf Middlewares\Third_Party\FreeRTOS\Source\tasks.o
 .debug_abbrev  0x000026a5      0x25c Src\Common\Event.o
 .debug_abbrev  0x00002901      0x2b2 Src\Common\Globals.o
 .debug_abbrev  0x00002bb3       0xd4 Src\Drivers_Hd\Debounce.o
 .debug_abbrev  0x00002c87      0x39c Src\Drivers_Hd\Sigfox.o
 .debug_abbrev  0x00003023      0x261 Src\Hardware_Profile\GPIO_Config.o
 .debug_abbrev  0x00003284      0x2c2 Src\Hardware_Profile\RTC_Config.o
 .debug_abbrev  0x00003546      0x274 Src\Hardware_Profile\Uart.o
 .debug_abbrev  0x000037ba      0x5a0 Src\Kernel\QuarkTS.o
 .debug_abbrev  0x00003d5a      0x269 Src\SystemClock_Config.o
 .debug_abbrev  0x00003fc3      0x2cb Src\main.o
 .debug_abbrev  0x0000428e      0x281 Src\stm32f0xx_hal_msp.o
 .debug_abbrev  0x0000450f      0x24c Src\stm32f0xx_it.o
 .debug_abbrev  0x0000475b      0x1ca Src\system_stm32f0xx.o
 .debug_abbrev  0x00004925       0x12 startup\startup_stm32f070x6.o

.debug_loc      0x00000000     0x94a9
 .debug_loc     0x00000000       0x7c Drivers\STM32F0xx_HAL_Driver\Src\stm32f0xx_hal.o
 .debug_loc     0x0000007c      0x3cc Drivers\STM32F0xx_HAL_Driver\Src\stm32f0xx_hal_cortex.o
 .debug_loc     0x00000448      0x7ca Drivers\STM32F0xx_HAL_Driver\Src\stm32f0xx_hal_dma.o
 .debug_loc     0x00000c12      0x307 Drivers\STM32F0xx_HAL_Driver\Src\stm32f0xx_hal_gpio.o
 .debug_loc     0x00000f19       0xc8 Drivers\STM32F0xx_HAL_Driver\Src\stm32f0xx_hal_pwr.o
 .debug_loc     0x00000fe1      0x4ce Drivers\STM32F0xx_HAL_Driver\Src\stm32f0xx_hal_rcc.o
 .debug_loc     0x000014af      0x3a5 Drivers\STM32F0xx_HAL_Driver\Src\stm32f0xx_hal_rcc_ex.o
 .debug_loc     0x00001854      0x9f8 Drivers\STM32F0xx_HAL_Driver\Src\stm32f0xx_hal_rtc.o
 .debug_loc     0x0000224c     0x144c Drivers\STM32F0xx_HAL_Driver\Src\stm32f0xx_hal_uart.o
 .debug_loc     0x00003698     0x105d Middlewares\Third_Party\FreeRTOS\Source\CMSIS_RTOS\cmsis_os.o
 .debug_loc     0x000046f5       0x94 Middlewares\Third_Party\FreeRTOS\Source\list.o
 .debug_loc     0x00004789       0xb4 Middlewares\Third_Party\FreeRTOS\Source\portable\GCC\ARM_CM0\port.o
 .debug_loc     0x0000483d      0x2de Middlewares\Third_Party\FreeRTOS\Source\portable\MemMang\heap_4.o
 .debug_loc     0x00004b1b     0x133b Middlewares\Third_Party\FreeRTOS\Source\tasks.o
 .debug_loc     0x00005e56      0x14a Src\Common\Globals.o
 .debug_loc     0x00005fa0       0x42 Src\Drivers_Hd\Debounce.o
 .debug_loc     0x00005fe2      0x71c Src\Drivers_Hd\Sigfox.o
 .debug_loc     0x000066fe       0xc4 Src\Hardware_Profile\RTC_Config.o
 .debug_loc     0x000067c2       0x21 Src\Hardware_Profile\Uart.o
 .debug_loc     0x000067e3     0x2ad1 Src\Kernel\QuarkTS.o
 .debug_loc     0x000092b4       0x42 Src\main.o
 .debug_loc     0x000092f6       0xb3 Src\stm32f0xx_hal_msp.o
 .debug_loc     0x000093a9      0x100 Src\system_stm32f0xx.o

.debug_aranges  0x00000000      0xee8
 .debug_aranges
                0x00000000       0xb0 Drivers\STM32F0xx_HAL_Driver\Src\stm32f0xx_hal.o
 .debug_aranges
                0x000000b0       0x78 Drivers\STM32F0xx_HAL_Driver\Src\stm32f0xx_hal_cortex.o
 .debug_aranges
                0x00000128       0x78 Drivers\STM32F0xx_HAL_Driver\Src\stm32f0xx_hal_dma.o
 .debug_aranges
                0x000001a0       0x58 Drivers\STM32F0xx_HAL_Driver\Src\stm32f0xx_hal_gpio.o
 .debug_aranges
                0x000001f8       0x78 Drivers\STM32F0xx_HAL_Driver\Src\stm32f0xx_hal_pwr.o
 .debug_aranges
                0x00000270       0x80 Drivers\STM32F0xx_HAL_Driver\Src\stm32f0xx_hal_rcc.o
 .debug_aranges
                0x000002f0       0x30 Drivers\STM32F0xx_HAL_Driver\Src\stm32f0xx_hal_rcc_ex.o
 .debug_aranges
                0x00000320       0xa8 Drivers\STM32F0xx_HAL_Driver\Src\stm32f0xx_hal_rtc.o
 .debug_aranges
                0x000003c8      0x188 Drivers\STM32F0xx_HAL_Driver\Src\stm32f0xx_hal_uart.o
 .debug_aranges
                0x00000550      0x198 Middlewares\Third_Party\FreeRTOS\Source\CMSIS_RTOS\cmsis_os.o
 .debug_aranges
                0x000006e8       0x40 Middlewares\Third_Party\FreeRTOS\Source\list.o
 .debug_aranges
                0x00000728       0x88 Middlewares\Third_Party\FreeRTOS\Source\portable\GCC\ARM_CM0\port.o
 .debug_aranges
                0x000007b0       0x48 Middlewares\Third_Party\FreeRTOS\Source\portable\MemMang\heap_4.o
 .debug_aranges
                0x000007f8      0x168 Middlewares\Third_Party\FreeRTOS\Source\tasks.o
 .debug_aranges
                0x00000960       0x20 Src\Common\Event.o
 .debug_aranges
                0x00000980       0x50 Src\Common\Globals.o
 .debug_aranges
                0x000009d0       0x28 Src\Drivers_Hd\Debounce.o
 .debug_aranges
                0x000009f8       0xb0 Src\Drivers_Hd\Sigfox.o
 .debug_aranges
                0x00000aa8       0x20 Src\Hardware_Profile\GPIO_Config.o
 .debug_aranges
                0x00000ac8       0x48 Src\Hardware_Profile\RTC_Config.o
 .debug_aranges
                0x00000b10       0x30 Src\Hardware_Profile\Uart.o
 .debug_aranges
                0x00000b40      0x278 Src\Kernel\QuarkTS.o
 .debug_aranges
                0x00000db8       0x20 Src\SystemClock_Config.o
 .debug_aranges
                0x00000dd8       0x40 Src\main.o
 .debug_aranges
                0x00000e18       0x40 Src\stm32f0xx_hal_msp.o
 .debug_aranges
                0x00000e58       0x40 Src\stm32f0xx_it.o
 .debug_aranges
                0x00000e98       0x28 Src\system_stm32f0xx.o
 .debug_aranges
                0x00000ec0       0x28 startup\startup_stm32f070x6.o

.debug_ranges   0x00000000     0x1378
 .debug_ranges  0x00000000       0xa0 Drivers\STM32F0xx_HAL_Driver\Src\stm32f0xx_hal.o
 .debug_ranges  0x000000a0      0x120 Drivers\STM32F0xx_HAL_Driver\Src\stm32f0xx_hal_cortex.o
 .debug_ranges  0x000001c0       0xe8 Drivers\STM32F0xx_HAL_Driver\Src\stm32f0xx_hal_dma.o
 .debug_ranges  0x000002a8       0x70 Drivers\STM32F0xx_HAL_Driver\Src\stm32f0xx_hal_gpio.o
 .debug_ranges  0x00000318       0x68 Drivers\STM32F0xx_HAL_Driver\Src\stm32f0xx_hal_pwr.o
 .debug_ranges  0x00000380       0xa0 Drivers\STM32F0xx_HAL_Driver\Src\stm32f0xx_hal_rcc.o
 .debug_ranges  0x00000420       0x40 Drivers\STM32F0xx_HAL_Driver\Src\stm32f0xx_hal_rcc_ex.o
 .debug_ranges  0x00000460       0x98 Drivers\STM32F0xx_HAL_Driver\Src\stm32f0xx_hal_rtc.o
 .debug_ranges  0x000004f8      0x1f0 Drivers\STM32F0xx_HAL_Driver\Src\stm32f0xx_hal_uart.o
 .debug_ranges  0x000006e8      0x188 Middlewares\Third_Party\FreeRTOS\Source\CMSIS_RTOS\cmsis_os.o
 .debug_ranges  0x00000870       0x30 Middlewares\Third_Party\FreeRTOS\Source\list.o
 .debug_ranges  0x000008a0       0x78 Middlewares\Third_Party\FreeRTOS\Source\portable\GCC\ARM_CM0\port.o
 .debug_ranges  0x00000918       0x50 Middlewares\Third_Party\FreeRTOS\Source\portable\MemMang\heap_4.o
 .debug_ranges  0x00000968      0x248 Middlewares\Third_Party\FreeRTOS\Source\tasks.o
 .debug_ranges  0x00000bb0       0x10 Src\Common\Event.o
 .debug_ranges  0x00000bc0       0x40 Src\Common\Globals.o
 .debug_ranges  0x00000c00       0x18 Src\Drivers_Hd\Debounce.o
 .debug_ranges  0x00000c18       0xb8 Src\Drivers_Hd\Sigfox.o
 .debug_ranges  0x00000cd0       0x98 Src\Hardware_Profile\GPIO_Config.o
 .debug_ranges  0x00000d68       0x50 Src\Hardware_Profile\RTC_Config.o
 .debug_ranges  0x00000db8       0x20 Src\Hardware_Profile\Uart.o
 .debug_ranges  0x00000dd8      0x3d8 Src\Kernel\QuarkTS.o
 .debug_ranges  0x000011b0       0x10 Src\SystemClock_Config.o
 .debug_ranges  0x000011c0       0x30 Src\main.o
 .debug_ranges  0x000011f0      0x120 Src\stm32f0xx_hal_msp.o
 .debug_ranges  0x00001310       0x30 Src\stm32f0xx_it.o
 .debug_ranges  0x00001340       0x18 Src\system_stm32f0xx.o
 .debug_ranges  0x00001358       0x20 startup\startup_stm32f070x6.o

.debug_line     0x00000000     0x9225
 .debug_line    0x00000000      0x440 Drivers\STM32F0xx_HAL_Driver\Src\stm32f0xx_hal.o
 .debug_line    0x00000440      0x413 Drivers\STM32F0xx_HAL_Driver\Src\stm32f0xx_hal_cortex.o
 .debug_line    0x00000853      0x570 Drivers\STM32F0xx_HAL_Driver\Src\stm32f0xx_hal_dma.o
 .debug_line    0x00000dc3      0x421 Drivers\STM32F0xx_HAL_Driver\Src\stm32f0xx_hal_gpio.o
 .debug_line    0x000011e4      0x388 Drivers\STM32F0xx_HAL_Driver\Src\stm32f0xx_hal_pwr.o
 .debug_line    0x0000156c      0x621 Drivers\STM32F0xx_HAL_Driver\Src\stm32f0xx_hal_rcc.o
 .debug_line    0x00001b8d      0x3da Drivers\STM32F0xx_HAL_Driver\Src\stm32f0xx_hal_rcc_ex.o
 .debug_line    0x00001f67      0x6d4 Drivers\STM32F0xx_HAL_Driver\Src\stm32f0xx_hal_rtc.o
 .debug_line    0x0000263b      0xdde Drivers\STM32F0xx_HAL_Driver\Src\stm32f0xx_hal_uart.o
 .debug_line    0x00003419      0x8d3 Middlewares\Third_Party\FreeRTOS\Source\CMSIS_RTOS\cmsis_os.o
 .debug_line    0x00003cec      0x37d Middlewares\Third_Party\FreeRTOS\Source\list.o
 .debug_line    0x00004069      0x2f6 Middlewares\Third_Party\FreeRTOS\Source\portable\GCC\ARM_CM0\port.o
 .debug_line    0x0000435f      0x3b6 Middlewares\Third_Party\FreeRTOS\Source\portable\MemMang\heap_4.o
 .debug_line    0x00004715      0xbe0 Middlewares\Third_Party\FreeRTOS\Source\tasks.o
 .debug_line    0x000052f5      0x3e1 Src\Common\Event.o
 .debug_line    0x000056d6      0x479 Src\Common\Globals.o
 .debug_line    0x00005b4f      0x1a9 Src\Drivers_Hd\Debounce.o
 .debug_line    0x00005cf8      0x46a Src\Drivers_Hd\Sigfox.o
 .debug_line    0x00006162      0x423 Src\Hardware_Profile\GPIO_Config.o
 .debug_line    0x00006585      0x49d Src\Hardware_Profile\RTC_Config.o
 .debug_line    0x00006a22      0x42c Src\Hardware_Profile\Uart.o
 .debug_line    0x00006e4e      0xde0 Src\Kernel\QuarkTS.o
 .debug_line    0x00007c2e      0x425 Src\SystemClock_Config.o
 .debug_line    0x00008053      0x5a2 Src\main.o
 .debug_line    0x000085f5      0x4bd Src\stm32f0xx_hal_msp.o
 .debug_line    0x00008ab2      0x47a Src\stm32f0xx_it.o
 .debug_line    0x00008f2c      0x266 Src\system_stm32f0xx.o
 .debug_line    0x00009192       0x93 startup\startup_stm32f070x6.o

.debug_str      0x00000000     0x530b
 .debug_str     0x00000000      0x9a3 Drivers\STM32F0xx_HAL_Driver\Src\stm32f0xx_hal.o
                                0xa36 (size before relaxing)
 .debug_str     0x000009a3      0x1ef Drivers\STM32F0xx_HAL_Driver\Src\stm32f0xx_hal_cortex.o
                                0xa3e (size before relaxing)
 .debug_str     0x00000b92      0x403 Drivers\STM32F0xx_HAL_Driver\Src\stm32f0xx_hal_dma.o
                                0xa92 (size before relaxing)
 .debug_str     0x00000f95      0x1c0 Drivers\STM32F0xx_HAL_Driver\Src\stm32f0xx_hal_gpio.o
                                0x883 (size before relaxing)
 .debug_str     0x00001155      0x19f Drivers\STM32F0xx_HAL_Driver\Src\stm32f0xx_hal_pwr.o
                                0x829 (size before relaxing)
 .debug_str     0x000012f4      0x2db Drivers\STM32F0xx_HAL_Driver\Src\stm32f0xx_hal_rcc.o
                                0xa63 (size before relaxing)
 .debug_str     0x000015cf      0x158 Drivers\STM32F0xx_HAL_Driver\Src\stm32f0xx_hal_rcc_ex.o
                                0x854 (size before relaxing)
 .debug_str     0x00001727      0x3e2 Drivers\STM32F0xx_HAL_Driver\Src\stm32f0xx_hal_rtc.o
                                0xae5 (size before relaxing)
 .debug_str     0x00001b09      0x874 Drivers\STM32F0xx_HAL_Driver\Src\stm32f0xx_hal_uart.o
                               0x11d1 (size before relaxing)
 .debug_str     0x0000237d      0xb25 Middlewares\Third_Party\FreeRTOS\Source\CMSIS_RTOS\cmsis_os.o
                               0x1202 (size before relaxing)
 .debug_str     0x00002ea2      0x159 Middlewares\Third_Party\FreeRTOS\Source\list.o
                                0x749 (size before relaxing)
 .debug_str     0x00002ffb      0x144 Middlewares\Third_Party\FreeRTOS\Source\portable\GCC\ARM_CM0\port.o
                                0x3a0 (size before relaxing)
 .debug_str     0x0000313f      0x1e8 Middlewares\Third_Party\FreeRTOS\Source\portable\MemMang\heap_4.o
                                0x813 (size before relaxing)
 .debug_str     0x00003327      0x823 Middlewares\Third_Party\FreeRTOS\Source\tasks.o
                               0x1217 (size before relaxing)
 .debug_str     0x00003b4a      0x76c Src\Common\Event.o
                               0x1497 (size before relaxing)
 .debug_str     0x000042b6       0x9e Src\Common\Globals.o
                               0x151a (size before relaxing)
 .debug_str     0x00004354       0x96 Src\Drivers_Hd\Debounce.o
                                0x297 (size before relaxing)
 .debug_str     0x000043ea      0x2f1 Src\Drivers_Hd\Sigfox.o
                                0xa33 (size before relaxing)
 .debug_str     0x000046db       0x43 Src\Hardware_Profile\GPIO_Config.o
                               0x1536 (size before relaxing)
 .debug_str     0x0000471e       0x89 Src\Hardware_Profile\RTC_Config.o
                               0x1606 (size before relaxing)
 .debug_str     0x000047a7       0x47 Src\Hardware_Profile\Uart.o
                               0x14c5 (size before relaxing)
 .debug_str     0x000047ee      0x99c Src\Kernel\QuarkTS.o
                               0x1374 (size before relaxing)
 .debug_str     0x0000518a       0x2f Src\SystemClock_Config.o
                               0x164a (size before relaxing)
 .debug_str     0x000051b9       0x97 Src\main.o
                               0x16c7 (size before relaxing)
 .debug_str     0x00005250       0x1b Src\stm32f0xx_hal_msp.o
                               0x16f5 (size before relaxing)
 .debug_str     0x0000526b       0x65 Src\stm32f0xx_it.o
                               0x14c3 (size before relaxing)
 .debug_str     0x000052d0       0x3b Src\system_stm32f0xx.o
                                0x6a9 (size before relaxing)

.comment        0x00000000       0x7c
 .comment       0x00000000       0x7c Drivers\STM32F0xx_HAL_Driver\Src\stm32f0xx_hal.o
                                 0x7d (size before relaxing)
 .comment       0x0000007c       0x7d Drivers\STM32F0xx_HAL_Driver\Src\stm32f0xx_hal_cortex.o
 .comment       0x0000007c       0x7d Drivers\STM32F0xx_HAL_Driver\Src\stm32f0xx_hal_dma.o
 .comment       0x0000007c       0x7d Drivers\STM32F0xx_HAL_Driver\Src\stm32f0xx_hal_gpio.o
 .comment       0x0000007c       0x7d Drivers\STM32F0xx_HAL_Driver\Src\stm32f0xx_hal_pwr.o
 .comment       0x0000007c       0x7d Drivers\STM32F0xx_HAL_Driver\Src\stm32f0xx_hal_rcc.o
 .comment       0x0000007c       0x7d Drivers\STM32F0xx_HAL_Driver\Src\stm32f0xx_hal_rcc_ex.o
 .comment       0x0000007c       0x7d Drivers\STM32F0xx_HAL_Driver\Src\stm32f0xx_hal_rtc.o
 .comment       0x0000007c       0x7d Drivers\STM32F0xx_HAL_Driver\Src\stm32f0xx_hal_uart.o
 .comment       0x0000007c       0x7d Middlewares\Third_Party\FreeRTOS\Source\CMSIS_RTOS\cmsis_os.o
 .comment       0x0000007c       0x7d Middlewares\Third_Party\FreeRTOS\Source\list.o
 .comment       0x0000007c       0x7d Middlewares\Third_Party\FreeRTOS\Source\portable\GCC\ARM_CM0\port.o
 .comment       0x0000007c       0x7d Middlewares\Third_Party\FreeRTOS\Source\portable\MemMang\heap_4.o
 .comment       0x0000007c       0x7d Middlewares\Third_Party\FreeRTOS\Source\tasks.o
 .comment       0x0000007c       0x7d Src\Common\Event.o
 .comment       0x0000007c       0x7d Src\Common\Globals.o
 .comment       0x0000007c       0x7d Src\Drivers_Hd\Debounce.o
 .comment       0x0000007c       0x7d Src\Drivers_Hd\Sigfox.o
 .comment       0x0000007c       0x7d Src\Hardware_Profile\GPIO_Config.o
 .comment       0x0000007c       0x7d Src\Hardware_Profile\RTC_Config.o
 .comment       0x0000007c       0x7d Src\Hardware_Profile\Uart.o
 .comment       0x0000007c       0x7d Src\Kernel\QuarkTS.o
 .comment       0x0000007c       0x7d Src\SystemClock_Config.o
 .comment       0x0000007c       0x7d Src\main.o
 .comment       0x0000007c       0x7d Src\stm32f0xx_hal_msp.o
 .comment       0x0000007c       0x7d Src\stm32f0xx_it.o
 .comment       0x0000007c       0x7d Src\system_stm32f0xx.o

.debug_frame    0x00000000     0x27fc
 .debug_frame   0x00000000      0x178 Drivers\STM32F0xx_HAL_Driver\Src\stm32f0xx_hal.o
 .debug_frame   0x00000178       0xe4 Drivers\STM32F0xx_HAL_Driver\Src\stm32f0xx_hal_cortex.o
 .debug_frame   0x0000025c      0x154 Drivers\STM32F0xx_HAL_Driver\Src\stm32f0xx_hal_dma.o
 .debug_frame   0x000003b0       0xc0 Drivers\STM32F0xx_HAL_Driver\Src\stm32f0xx_hal_gpio.o
 .debug_frame   0x00000470       0xd8 Drivers\STM32F0xx_HAL_Driver\Src\stm32f0xx_hal_pwr.o
 .debug_frame   0x00000548      0x130 Drivers\STM32F0xx_HAL_Driver\Src\stm32f0xx_hal_rcc.o
 .debug_frame   0x00000678       0x5c Drivers\STM32F0xx_HAL_Driver\Src\stm32f0xx_hal_rcc_ex.o
 .debug_frame   0x000006d4      0x224 Drivers\STM32F0xx_HAL_Driver\Src\stm32f0xx_hal_rtc.o
 .debug_frame   0x000008f8      0x528 Drivers\STM32F0xx_HAL_Driver\Src\stm32f0xx_hal_uart.o
 .debug_frame   0x00000e20      0x540 Middlewares\Third_Party\FreeRTOS\Source\CMSIS_RTOS\cmsis_os.o
 .debug_frame   0x00001360       0x6c Middlewares\Third_Party\FreeRTOS\Source\list.o
 .debug_frame   0x000013cc      0x110 Middlewares\Third_Party\FreeRTOS\Source\portable\GCC\ARM_CM0\port.o
 .debug_frame   0x000014dc       0x90 Middlewares\Third_Party\FreeRTOS\Source\portable\MemMang\heap_4.o
 .debug_frame   0x0000156c      0x454 Middlewares\Third_Party\FreeRTOS\Source\tasks.o
 .debug_frame   0x000019c0       0x28 Src\Common\Event.o
 .debug_frame   0x000019e8       0xa8 Src\Common\Globals.o
 .debug_frame   0x00001a90       0x30 Src\Drivers_Hd\Debounce.o
 .debug_frame   0x00001ac0      0x200 Src\Drivers_Hd\Sigfox.o
 .debug_frame   0x00001cc0       0x30 Src\Hardware_Profile\GPIO_Config.o
 .debug_frame   0x00001cf0       0xa8 Src\Hardware_Profile\RTC_Config.o
 .debug_frame   0x00001d98       0x58 Src\Hardware_Profile\Uart.o
 .debug_frame   0x00001df0      0x760 Src\Kernel\QuarkTS.o
 .debug_frame   0x00002550       0x2c Src\SystemClock_Config.o
 .debug_frame   0x0000257c       0x88 Src\main.o
 .debug_frame   0x00002604       0x90 Src\stm32f0xx_hal_msp.o
 .debug_frame   0x00002694       0x78 Src\stm32f0xx_it.o
 .debug_frame   0x0000270c       0x3c Src\system_stm32f0xx.o
 .debug_frame   0x00002748       0x2c c:/program files (x86)/atollic/truestudio for stm32 9.1.0/armtools/bin/../lib/gcc/arm-atollic-eabi/6.3.1/../../../../arm-atollic-eabi/lib/armv6-m\libc_nano.a(lib_a-init.o)
 .debug_frame   0x00002774       0x28 c:/program files (x86)/atollic/truestudio for stm32 9.1.0/armtools/bin/../lib/gcc/arm-atollic-eabi/6.3.1/../../../../arm-atollic-eabi/lib/armv6-m\libc_nano.a(lib_a-memcpy-stub.o)
 .debug_frame   0x0000279c       0x20 c:/program files (x86)/atollic/truestudio for stm32 9.1.0/armtools/bin/../lib/gcc/arm-atollic-eabi/6.3.1/../../../../arm-atollic-eabi/lib/armv6-m\libc_nano.a(lib_a-memset.o)
 .debug_frame   0x000027bc       0x20 c:/program files (x86)/atollic/truestudio for stm32 9.1.0/armtools/bin/../lib/gcc/arm-atollic-eabi/6.3.1/../../../../arm-atollic-eabi/lib/armv6-m\libc_nano.a(lib_a-strcpy.o)
 .debug_frame   0x000027dc       0x20 c:/program files (x86)/atollic/truestudio for stm32 9.1.0/armtools/bin/../lib/gcc/arm-atollic-eabi/6.3.1/armv6-m\libgcc.a(_udivsi3.o)
