Archive member included to satisfy reference by file (symbol)

c:/program files (x86)/atollic/truestudio for stm32 9.3.0/armtools/bin/../lib/gcc/arm-atollic-eabi/6.3.1/../../../../arm-atollic-eabi/lib/armv6-m\libc_nano.a(lib_a-init.o)
                              startup\startup_stm32f070x6.o (__libc_init_array)
c:/program files (x86)/atollic/truestudio for stm32 9.3.0/armtools/bin/../lib/gcc/arm-atollic-eabi/6.3.1/../../../../arm-atollic-eabi/lib/armv6-m\libc_nano.a(lib_a-memcpy-stub.o)
                              Drivers\STM32F0xx_HAL_Driver\Src\stm32f0xx_hal_rcc.o (memcpy)
c:/program files (x86)/atollic/truestudio for stm32 9.3.0/armtools/bin/../lib/gcc/arm-atollic-eabi/6.3.1/../../../../arm-atollic-eabi/lib/armv6-m\libc_nano.a(lib_a-memset.o)
                              Middlewares\Third_Party\FreeRTOS\Source\CMSIS_RTOS\cmsis_os.o (memset)
c:/program files (x86)/atollic/truestudio for stm32 9.3.0/armtools/bin/../lib/gcc/arm-atollic-eabi/6.3.1/../../../../arm-atollic-eabi/lib/armv6-m\libc_nano.a(lib_a-sprintf.o)
                              Src\Common\Globals.o (sprintf)
c:/program files (x86)/atollic/truestudio for stm32 9.3.0/armtools/bin/../lib/gcc/arm-atollic-eabi/6.3.1/../../../../arm-atollic-eabi/lib/armv6-m\libc_nano.a(lib_a-strchr.o)
                              Src\Drivers_Hd\Sigfox.o (strchr)
c:/program files (x86)/atollic/truestudio for stm32 9.3.0/armtools/bin/../lib/gcc/arm-atollic-eabi/6.3.1/../../../../arm-atollic-eabi/lib/armv6-m\libc_nano.a(lib_a-strcpy.o)
                              Src\Common\Globals.o (strcpy)
c:/program files (x86)/atollic/truestudio for stm32 9.3.0/armtools/bin/../lib/gcc/arm-atollic-eabi/6.3.1/../../../../arm-atollic-eabi/lib/armv6-m\libc_nano.a(lib_a-strlen.o)
                              Src\Common\Globals.o (strlen)
c:/program files (x86)/atollic/truestudio for stm32 9.3.0/armtools/bin/../lib/gcc/arm-atollic-eabi/6.3.1/../../../../arm-atollic-eabi/lib/armv6-m\libc_nano.a(lib_a-strncpy.o)
                              Src\Drivers_Hd\Sigfox.o (strncpy)
c:/program files (x86)/atollic/truestudio for stm32 9.3.0/armtools/bin/../lib/gcc/arm-atollic-eabi/6.3.1/../../../../arm-atollic-eabi/lib/armv6-m\libc_nano.a(lib_a-strstr.o)
                              Src\Drivers_Hd\Sigfox.o (strstr)
c:/program files (x86)/atollic/truestudio for stm32 9.3.0/armtools/bin/../lib/gcc/arm-atollic-eabi/6.3.1/../../../../arm-atollic-eabi/lib/armv6-m\libc_nano.a(lib_a-strtol.o)
                              Src\Drivers_Hd\Sigfox.o (strtol)
c:/program files (x86)/atollic/truestudio for stm32 9.3.0/armtools/bin/../lib/gcc/arm-atollic-eabi/6.3.1/../../../../arm-atollic-eabi/lib/armv6-m\libc_nano.a(lib_a-impure.o)
                              c:/program files (x86)/atollic/truestudio for stm32 9.3.0/armtools/bin/../lib/gcc/arm-atollic-eabi/6.3.1/../../../../arm-atollic-eabi/lib/armv6-m\libc_nano.a(lib_a-sprintf.o) (_impure_ptr)
c:/program files (x86)/atollic/truestudio for stm32 9.3.0/armtools/bin/../lib/gcc/arm-atollic-eabi/6.3.1/../../../../arm-atollic-eabi/lib/armv6-m\libc_nano.a(lib_a-locale.o)
                              c:/program files (x86)/atollic/truestudio for stm32 9.3.0/armtools/bin/../lib/gcc/arm-atollic-eabi/6.3.1/../../../../arm-atollic-eabi/lib/armv6-m\libc_nano.a(lib_a-strtol.o) (__locale_ctype_ptr_l)
c:/program files (x86)/atollic/truestudio for stm32 9.3.0/armtools/bin/../lib/gcc/arm-atollic-eabi/6.3.1/../../../../arm-atollic-eabi/lib/armv6-m\libc_nano.a(lib_a-mbtowc_r.o)
                              c:/program files (x86)/atollic/truestudio for stm32 9.3.0/armtools/bin/../lib/gcc/arm-atollic-eabi/6.3.1/../../../../arm-atollic-eabi/lib/armv6-m\libc_nano.a(lib_a-locale.o) (__ascii_mbtowc)
c:/program files (x86)/atollic/truestudio for stm32 9.3.0/armtools/bin/../lib/gcc/arm-atollic-eabi/6.3.1/../../../../arm-atollic-eabi/lib/armv6-m\libc_nano.a(lib_a-nano-svfprintf.o)
                              c:/program files (x86)/atollic/truestudio for stm32 9.3.0/armtools/bin/../lib/gcc/arm-atollic-eabi/6.3.1/../../../../arm-atollic-eabi/lib/armv6-m\libc_nano.a(lib_a-sprintf.o) (_svfprintf_r)
c:/program files (x86)/atollic/truestudio for stm32 9.3.0/armtools/bin/../lib/gcc/arm-atollic-eabi/6.3.1/../../../../arm-atollic-eabi/lib/armv6-m\libc_nano.a(lib_a-nano-vfprintf_i.o)
                              c:/program files (x86)/atollic/truestudio for stm32 9.3.0/armtools/bin/../lib/gcc/arm-atollic-eabi/6.3.1/../../../../arm-atollic-eabi/lib/armv6-m\libc_nano.a(lib_a-nano-svfprintf.o) (_printf_i)
c:/program files (x86)/atollic/truestudio for stm32 9.3.0/armtools/bin/../lib/gcc/arm-atollic-eabi/6.3.1/../../../../arm-atollic-eabi/lib/armv6-m\libc_nano.a(lib_a-strcmp.o)
                              c:/program files (x86)/atollic/truestudio for stm32 9.3.0/armtools/bin/../lib/gcc/arm-atollic-eabi/6.3.1/../../../../arm-atollic-eabi/lib/armv6-m\libc_nano.a(lib_a-locale.o) (strcmp)
[...]
Memory Configuration

Name             Origin             Length             Attributes
RAM              0x20000000         0x00001800         xrw
FLASH            0x08000000         0x00008000         xr
*default*        0x00000000         0xffffffff

Linker script and memory map

LOAD c:/program files (x86)/atollic/truestudio for stm32 9.3.0/armtools/bin/../lib/gcc/arm-atollic-eabi/6.3.1/armv6-m/crti.o
LOAD c:/program files (x86)/atollic/truestudio for stm32 9.3.0/armtools/bin/../lib/gcc/arm-atollic-eabi/6.3.1/armv6-m/crtbegin.o
LOAD Drivers\STM32F0xx_HAL_Driver\Src\stm32f0xx_hal.o
LOAD Drivers\STM32F0xx_HAL_Driver\Src\stm32f0xx_hal_cortex.o
LOAD Drivers\STM32F0xx_HAL_Driver\Src\stm32f0xx_hal_dma.o
LOAD Drivers\STM32F0xx_HAL_Driver\Src\stm32f0xx_hal_flash.o
LOAD Drivers\STM32F0xx_HAL_Driver\Src\stm32f0xx_hal_flash_ex.o
LOAD Drivers\STM32F0xx_HAL_Driver\Src\stm32f0xx_hal_gpio.o
LOAD Drivers\STM32F0xx_HAL_Driver\Src\stm32f0xx_hal_i2c.o
LOAD Drivers\STM32F0xx_HAL_Driver\Src\stm32f0xx_hal_i2c_ex.o
LOAD Drivers\STM32F0xx_HAL_Driver\Src\stm32f0xx_hal_pwr.o
LOAD Drivers\STM32F0xx_HAL_Driver\Src\stm32f0xx_hal_pwr_ex.o
LOAD Drivers\STM32F0xx_HAL_Driver\Src\stm32f0xx_hal_rcc.o
LOAD Drivers\STM32F0xx_HAL_Driver\Src\stm32f0xx_hal_rcc_ex.o
LOAD Drivers\STM32F0xx_HAL_Driver\Src\stm32f0xx_hal_rtc.o
LOAD Drivers\STM32F0xx_HAL_Driver\Src\stm32f0xx_hal_rtc_ex.o
LOAD Drivers\STM32F0xx_HAL_Driver\Src\stm32f0xx_hal_tim.o
LOAD Drivers\STM32F0xx_HAL_Driver\Src\stm32f0xx_hal_tim_ex.o
LOAD Drivers\STM32F0xx_HAL_Driver\Src\stm32f0xx_hal_uart.o
LOAD Drivers\STM32F0xx_HAL_Driver\Src\stm32f0xx_hal_uart_ex.o
LOAD Middlewares\Third_Party\FreeRTOS\Source\CMSIS_RTOS\cmsis_os.o
LOAD Middlewares\Third_Party\FreeRTOS\Source\croutine.o
LOAD Middlewares\Third_Party\FreeRTOS\Source\event_groups.o
LOAD Middlewares\Third_Party\FreeRTOS\Source\list.o
LOAD Middlewares\Third_Party\FreeRTOS\Source\portable\GCC\ARM_CM0\port.o
LOAD Middlewares\Third_Party\FreeRTOS\Source\portable\MemMang\heap_4.o
LOAD Middlewares\Third_Party\FreeRTOS\Source\queue.o
LOAD Middlewares\Third_Party\FreeRTOS\Source\tasks.o
LOAD Middlewares\Third_Party\FreeRTOS\Source\timers.o
LOAD Src\Common\Event.o
LOAD Src\Common\Globals.o
LOAD Src\Drivers_Hd\Debounce.o
LOAD Src\Drivers_Hd\Sigfox.o
LOAD Src\Hardware_Profile\GPIO_Config.o
LOAD Src\Hardware_Profile\RTC_Config.o
LOAD Src\Hardware_Profile\Uart.o
LOAD Src\SystemClock_Config.o
LOAD Src\freertos.o
LOAD Src\main.o
LOAD Src\stm32f0xx_hal_msp.o
LOAD Src\stm32f0xx_it.o
LOAD Src\system_stm32f0xx.o
LOAD startup\startup_stm32f070x6.o
                0x00000080                malloc_getpagesize_P = 0x80
START GROUP
LOAD c:/program files (x86)/atollic/truestudio for stm32 9.3.0/armtools/bin/../lib/gcc/arm-atollic-eabi/6.3.1/../../../../arm-atollic-eabi/lib/armv6-m\libc_nano.a
LOAD c:/program files (x86)/atollic/truestudio for stm32 9.3.0/armtools/bin/../lib/gcc/arm-atollic-eabi/6.3.1/../../../../arm-atollic-eabi/lib/armv6-m\libm.a
END GROUP
START GROUP
LOAD c:/program files (x86)/atollic/truestudio for stm32 9.3.0/armtools/bin/../lib/gcc/arm-atollic-eabi/6.3.1/armv6-m\libgcc.a
LOAD c:/program files (x86)/atollic/truestudio for stm32 9.3.0/armtools/bin/../lib/gcc/arm-atollic-eabi/6.3.1/../../../../arm-atollic-eabi/lib/armv6-m\libc_nano.a
END GROUP
START GROUP
LOAD c:/program files (x86)/atollic/truestudio for stm32 9.3.0/armtools/bin/../lib/gcc/arm-atollic-eabi/6.3.1/armv6-m\libgcc.a
LOAD c:/program files (x86)/atollic/truestudio for stm32 9.3.0/armtools/bin/../lib/gcc/arm-atollic-eabi/6.3.1/../../../../arm-atollic-eabi/lib/armv6-m\libc_nano.a
LOAD c:/program files (x86)/atollic/truestudio for stm32 9.3.0/armtools/bin/../lib/gcc/arm-atollic-eabi/6.3.1/../../../../arm-atollic-eabi/lib/armv6-m\libnosys.a
END GROUP
START GROUP
LOAD c:/program files (x86)/atollic/truestudio for stm32 9.3.0/armtools/bin/../lib/gcc/arm-atollic-eabi/6.3.1/armv6-m\libgcc.a
LOAD c:/program files (x86)/atollic/truestudio for stm32 9.3.0/armtools/bin/../lib/gcc/arm-atollic-eabi/6.3.1/../../../../arm-atollic-eabi/lib/armv6-m\libc_nano.a
LOAD c:/program files (x86)/atollic/truestudio for stm32 9.3.0/armtools/bin/../lib/gcc/arm-atollic-eabi/6.3.1/../../../../arm-atollic-eabi/lib/armv6-m\libnosys.a
END GROUP
LOAD c:/program files (x86)/atollic/truestudio for stm32 9.3.0/armtools/bin/../lib/gcc/arm-atollic-eabi/6.3.1/armv6-m/crtend.o
LOAD c:/program files (x86)/atollic/truestudio for stm32 9.3.0/armtools/bin/../lib/gcc/arm-atollic-eabi/6.3.1/armv6-m/crtn.o
                0x20001800                _estack = 0x20001800
                0x00000200                _Min_Heap_Size = 0x200
                0x00000400                _Min_Stack_Size = 0x400

.isr_vector     0x08000000       0xc0
                0x08000000                . = ALIGN (0x4)
 *(.isr_vector)
 .isr_vector    0x08000000       0xc0 startup\startup_stm32f070x6.o
                0x08000000                g_pfnVectors
                0x080000c0                . = ALIGN (0x4)

.text           0x080000c0     0x3c54
                0x080000c0                . = ALIGN (0x4)
 *(.text)
 .text          0x080000c0       0x48 c:/program files (x86)/atollic/truestudio for stm32 9.3.0/armtools/bin/../lib/gcc/arm-atollic-eabi/6.3.1/armv6-m/crtbegin.o
 .text          0x08000108        0xe c:/program files (x86)/atollic/truestudio for stm32 9.3.0/armtools/bin/../lib/gcc/arm-atollic-eabi/6.3.1/../../../../arm-atollic-eabi/lib/armv6-m\libc_nano.a(lib_a-strlen.o)
                0x08000108                strlen
 *fill*         0x08000116        0x2 
 .text          0x08000118       0x14 c:/program files (x86)/atollic/truestudio for stm32 9.3.0/armtools/bin/../lib/gcc/arm-atollic-eabi/6.3.1/armv6-m\libgcc.a(_thumb1_case_sqi.o)
                0x08000118                __gnu_thumb1_case_sqi
 .text          0x0800012c       0x14 c:/program files (x86)/atollic/truestudio for stm32 9.3.0/armtools/bin/../lib/gcc/arm-atollic-eabi/6.3.1/armv6-m\libgcc.a(_thumb1_case_uqi.o)
                0x0800012c                __gnu_thumb1_case_uqi
 .text          0x08000140      0x114 c:/program files (x86)/atollic/truestudio for stm32 9.3.0/armtools/bin/../lib/gcc/arm-atollic-eabi/6.3.1/armv6-m\libgcc.a(_udivsi3.o)
                0x08000140                __aeabi_uidiv
                0x08000140                __udivsi3
                0x0800024c                __aeabi_uidivmod
 .text          0x08000254        0x4 c:/program files (x86)/atollic/truestudio for stm32 9.3.0/armtools/bin/../lib/gcc/arm-atollic-eabi/6.3.1/armv6-m\libgcc.a(_dvmd_tls.o)
                0x08000254                __aeabi_idiv0
                0x08000254                __aeabi_ldiv0
 *(.text*)
 .text.HAL_InitTick
                0x08000258       0x24 Drivers\STM32F0xx_HAL_Driver\Src\stm32f0xx_hal.o
                0x08000258                HAL_InitTick
 .text.HAL_Init
                0x0800027c       0x20 Drivers\STM32F0xx_HAL_Driver\Src\stm32f0xx_hal.o
                0x0800027c                HAL_Init
 .text.HAL_IncTick
                0x0800029c       0x10 Drivers\STM32F0xx_HAL_Driver\Src\stm32f0xx_hal.o
                0x0800029c                HAL_IncTick
 .text.HAL_GetTick
                0x080002ac        0xc Drivers\STM32F0xx_HAL_Driver\Src\stm32f0xx_hal.o
                0x080002ac                HAL_GetTick
 .text.HAL_NVIC_SetPriority
                0x080002b8       0x60 Drivers\STM32F0xx_HAL_Driver\Src\stm32f0xx_hal_cortex.o
                0x080002b8                HAL_NVIC_SetPriority
 .text.HAL_NVIC_EnableIRQ
                0x08000318       0x14 Drivers\STM32F0xx_HAL_Driver\Src\stm32f0xx_hal_cortex.o
                0x08000318                HAL_NVIC_EnableIRQ
 .text.HAL_SYSTICK_Config
                0x0800032c       0x34 Drivers\STM32F0xx_HAL_Driver\Src\stm32f0xx_hal_cortex.o
                0x0800032c                HAL_SYSTICK_Config
 .text.HAL_GPIO_Init
                0x08000360      0x160 Drivers\STM32F0xx_HAL_Driver\Src\stm32f0xx_hal_gpio.o
                0x08000360                HAL_GPIO_Init
 .text.HAL_GPIO_WritePin
                0x080004c0        0xc Drivers\STM32F0xx_HAL_Driver\Src\stm32f0xx_hal_gpio.o
                0x080004c0                HAL_GPIO_WritePin
 .text.HAL_PWR_EnableWakeUpPin
                0x080004cc       0x10 Drivers\STM32F0xx_HAL_Driver\Src\stm32f0xx_hal_pwr.o
                0x080004cc                HAL_PWR_EnableWakeUpPin
 .text.HAL_PWR_EnterSTANDBYMode
                0x080004dc       0x20 Drivers\STM32F0xx_HAL_Driver\Src\stm32f0xx_hal_pwr.o
                0x080004dc                HAL_PWR_EnterSTANDBYMode
 .text.HAL_RCC_OscConfig
                0x080004fc      0x3d8 Drivers\STM32F0xx_HAL_Driver\Src\stm32f0xx_hal_rcc.o
                0x080004fc                HAL_RCC_OscConfig
 .text.HAL_RCC_GetSysClockFreq
                0x080008d4       0x58 Drivers\STM32F0xx_HAL_Driver\Src\stm32f0xx_hal_rcc.o
                0x080008d4                HAL_RCC_GetSysClockFreq
 .text.HAL_RCC_ClockConfig
                0x0800092c      0x12c Drivers\STM32F0xx_HAL_Driver\Src\stm32f0xx_hal_rcc.o
                0x0800092c                HAL_RCC_ClockConfig
 .text.HAL_RCC_GetHCLKFreq
                0x08000a58        0xc Drivers\STM32F0xx_HAL_Driver\Src\stm32f0xx_hal_rcc.o
                0x08000a58                HAL_RCC_GetHCLKFreq
 .text.HAL_RCC_GetPCLK1Freq
                0x08000a64       0x20 Drivers\STM32F0xx_HAL_Driver\Src\stm32f0xx_hal_rcc.o
                0x08000a64                HAL_RCC_GetPCLK1Freq
 .text.HAL_RCCEx_PeriphCLKConfig
                0x08000a84      0x118 Drivers\STM32F0xx_HAL_Driver\Src\stm32f0xx_hal_rcc_ex.o
                0x08000a84                HAL_RCCEx_PeriphCLKConfig
 .text.HAL_RTC_AlarmIRQHandler
                0x08000b9c       0x38 Drivers\STM32F0xx_HAL_Driver\Src\stm32f0xx_hal_rtc.o
                0x08000b9c                HAL_RTC_AlarmIRQHandler
 .text.HAL_RTC_WaitForSynchro
                0x08000bd4       0x34 Drivers\STM32F0xx_HAL_Driver\Src\stm32f0xx_hal_rtc.o
                0x08000bd4                HAL_RTC_WaitForSynchro
 .text.RTC_EnterInitMode
                0x08000c08       0x38 Drivers\STM32F0xx_HAL_Driver\Src\stm32f0xx_hal_rtc.o
                0x08000c08                RTC_EnterInitMode
 .text.HAL_RTC_Init
                0x08000c40       0xa8 Drivers\STM32F0xx_HAL_Driver\Src\stm32f0xx_hal_rtc.o
                0x08000c40                HAL_RTC_Init
 .text.RTC_ByteToBcd2
                0x08000ce8       0x16 Drivers\STM32F0xx_HAL_Driver\Src\stm32f0xx_hal_rtc.o
                0x08000ce8                RTC_ByteToBcd2
 *fill*         0x08000cfe        0x2 
 .text.HAL_RTC_SetTime
                0x08000d00       0xe8 Drivers\STM32F0xx_HAL_Driver\Src\stm32f0xx_hal_rtc.o
                0x08000d00                HAL_RTC_SetTime
 .text.HAL_RTC_SetDate
                0x08000de8       0xc8 Drivers\STM32F0xx_HAL_Driver\Src\stm32f0xx_hal_rtc.o
                0x08000de8                HAL_RTC_SetDate
 .text.HAL_RTC_SetAlarm_IT
                0x08000eb0      0x12c Drivers\STM32F0xx_HAL_Driver\Src\stm32f0xx_hal_rtc.o
                0x08000eb0                HAL_RTC_SetAlarm_IT
 .text.HAL_UART_Receive_IT
                0x08000fdc       0xb0 Drivers\STM32F0xx_HAL_Driver\Src\stm32f0xx_hal_uart.o
                0x08000fdc                HAL_UART_Receive_IT
 .text.UART_SetConfig
                0x0800108c      0x134 Drivers\STM32F0xx_HAL_Driver\Src\stm32f0xx_hal_uart.o
                0x0800108c                UART_SetConfig
 .text.UART_AdvFeatureConfig
                0x080011c0       0xd0 Drivers\STM32F0xx_HAL_Driver\Src\stm32f0xx_hal_uart.o
                0x080011c0                UART_AdvFeatureConfig
 .text.HAL_UART_Init
                0x08001290       0x78 Drivers\STM32F0xx_HAL_Driver\Src\stm32f0xx_hal_uart.o
                0x08001290                HAL_UART_Init
 .text.UART_WaitOnFlagUntilTimeout
                0x08001308       0x64 Drivers\STM32F0xx_HAL_Driver\Src\stm32f0xx_hal_uart.o
                0x08001308                UART_WaitOnFlagUntilTimeout
 .text.HAL_UART_Transmit
                0x0800136c       0xcc Drivers\STM32F0xx_HAL_Driver\Src\stm32f0xx_hal_uart.o
                0x0800136c                HAL_UART_Transmit
 .text.UART_Receive_IT
                0x08001438       0x7c Drivers\STM32F0xx_HAL_Driver\Src\stm32f0xx_hal_uart.o
                0x08001438                UART_Receive_IT
 .text.osSystickHandler
                0x080014b4       0x10 Middlewares\Third_Party\FreeRTOS\Source\CMSIS_RTOS\cmsis_os.o
                0x080014b4                osSystickHandler
 .text.vListInitialise
                0x080014c4       0x16 Middlewares\Third_Party\FreeRTOS\Source\list.o
                0x080014c4                vListInitialise
 .text.vListInitialiseItem
                0x080014da        0x6 Middlewares\Third_Party\FreeRTOS\Source\list.o
                0x080014da                vListInitialiseItem
 .text.vListInsertEnd
                0x080014e0       0x18 Middlewares\Third_Party\FreeRTOS\Source\list.o
                0x080014e0                vListInsertEnd
 .text.vListInsert
                0x080014f8       0x2e Middlewares\Third_Party\FreeRTOS\Source\list.o
                0x080014f8                vListInsert
 .text.uxListRemove
                0x08001526       0x20 Middlewares\Third_Party\FreeRTOS\Source\list.o
                0x08001526                uxListRemove
 *fill*         0x08001546        0x2 
 .text.prvTaskExitError
                0x08001548       0x14 Middlewares\Third_Party\FreeRTOS\Source\portable\GCC\ARM_CM0\port.o
 *fill*         0x0800155c        0x4 
 .text.vPortStartFirstTask
                0x08001560       0x34 Middlewares\Third_Party\FreeRTOS\Source\portable\GCC\ARM_CM0\port.o
 .text.pxPortInitialiseStack
                0x08001594       0x20 Middlewares\Third_Party\FreeRTOS\Source\portable\GCC\ARM_CM0\port.o
                0x08001594                pxPortInitialiseStack
 .text.SVC_Handler
                0x080015b4        0x2 Middlewares\Third_Party\FreeRTOS\Source\portable\GCC\ARM_CM0\port.o
                0x080015b4                SVC_Handler
 *fill*         0x080015b6        0x2 
 .text.vPortYield
                0x080015b8       0x18 Middlewares\Third_Party\FreeRTOS\Source\portable\GCC\ARM_CM0\port.o
                0x080015b8                vPortYield
 .text.vPortEnterCritical
                0x080015d0       0x18 Middlewares\Third_Party\FreeRTOS\Source\portable\GCC\ARM_CM0\port.o
                0x080015d0                vPortEnterCritical
 .text.vPortExitCritical
                0x080015e8       0x1c Middlewares\Third_Party\FreeRTOS\Source\portable\GCC\ARM_CM0\port.o
                0x080015e8                vPortExitCritical
 .text.ulSetInterruptMaskFromISR
                0x08001604        0xa Middlewares\Third_Party\FreeRTOS\Source\portable\GCC\ARM_CM0\port.o
                0x08001604                ulSetInterruptMaskFromISR
 .text.vClearInterruptMaskFromISR
                0x0800160e        0x6 Middlewares\Third_Party\FreeRTOS\Source\portable\GCC\ARM_CM0\port.o
                0x0800160e                vClearInterruptMaskFromISR
 *fill*         0x08001614        0xc 
 .text.PendSV_Handler
                0x08001620       0x44 Middlewares\Third_Party\FreeRTOS\Source\portable\GCC\ARM_CM0\port.o
                0x08001620                PendSV_Handler
 .text.xPortSysTickHandler
                0x08001664       0x24 Middlewares\Third_Party\FreeRTOS\Source\portable\GCC\ARM_CM0\port.o
                0x08001664                xPortSysTickHandler
 .text.vPortSetupTimerInterrupt
                0x08001688       0x28 Middlewares\Third_Party\FreeRTOS\Source\portable\GCC\ARM_CM0\port.o
                0x08001688                vPortSetupTimerInterrupt
 .text.xPortStartScheduler
                0x080016b0       0x34 Middlewares\Third_Party\FreeRTOS\Source\portable\GCC\ARM_CM0\port.o
                0x080016b0                xPortStartScheduler
 .text.unlikely.prvInsertBlockIntoFreeList
                0x080016e4       0x48 Middlewares\Third_Party\FreeRTOS\Source\portable\MemMang\heap_4.o
 .text.pvPortMalloc
                0x0800172c      0x104 Middlewares\Third_Party\FreeRTOS\Source\portable\MemMang\heap_4.o
                0x0800172c                pvPortMalloc
 .text.vPortFree
                0x08001830       0x48 Middlewares\Third_Party\FreeRTOS\Source\portable\MemMang\heap_4.o
                0x08001830                vPortFree
 .text.unlikely.prvCopyDataToQueue
                0x08001878       0x70 Middlewares\Third_Party\FreeRTOS\Source\queue.o
 .text.unlikely.prvCopyDataFromQueue
                0x080018e8       0x24 Middlewares\Third_Party\FreeRTOS\Source\queue.o
 .text.prvUnlockQueue
                0x0800190c       0x6a Middlewares\Third_Party\FreeRTOS\Source\queue.o
 .text.xQueueGenericReset
                0x08001976       0x68 Middlewares\Third_Party\FreeRTOS\Source\queue.o
                0x08001976                xQueueGenericReset
 .text.xQueueGenericCreate
                0x080019de       0x3a Middlewares\Third_Party\FreeRTOS\Source\queue.o
                0x080019de                xQueueGenericCreate
 .text.xQueueGenericSend
                0x08001a18      0x11e Middlewares\Third_Party\FreeRTOS\Source\queue.o
                0x08001a18                xQueueGenericSend
 .text.xQueueCreateMutex
                0x08001b36       0x24 Middlewares\Third_Party\FreeRTOS\Source\queue.o
                0x08001b36                xQueueCreateMutex
 .text.xQueueGiveFromISR
                0x08001b5a       0x7a Middlewares\Third_Party\FreeRTOS\Source\queue.o
                0x08001b5a                xQueueGiveFromISR
 .text.xQueueGenericReceive
                0x08001bd4      0x14c Middlewares\Third_Party\FreeRTOS\Source\queue.o
                0x08001bd4                xQueueGenericReceive
 .text.prvResetNextTaskUnblockTime
                0x08001d20       0x28 Middlewares\Third_Party\FreeRTOS\Source\tasks.o
 .text.prvAddCurrentTaskToDelayedList
                0x08001d48       0x70 Middlewares\Third_Party\FreeRTOS\Source\tasks.o
 .text.xTaskCreate
                0x08001db8      0x188 Middlewares\Third_Party\FreeRTOS\Source\tasks.o
                0x08001db8                xTaskCreate
 .text.vTaskStartScheduler
                0x08001f40       0x54 Middlewares\Third_Party\FreeRTOS\Source\tasks.o
                0x08001f40                vTaskStartScheduler
 .text.vTaskSuspendAll
                0x08001f94       0x10 Middlewares\Third_Party\FreeRTOS\Source\tasks.o
                0x08001f94                vTaskSuspendAll
 .text.xTaskIncrementTick
                0x08001fa4       0xfc Middlewares\Third_Party\FreeRTOS\Source\tasks.o
                0x08001fa4                xTaskIncrementTick
 .text.xTaskResumeAll
                0x080020a0       0xd0 Middlewares\Third_Party\FreeRTOS\Source\tasks.o
                0x080020a0                xTaskResumeAll
 .text.vTaskDelay
                0x08002170       0x34 Middlewares\Third_Party\FreeRTOS\Source\tasks.o
                0x08002170                vTaskDelay
 .text.prvIdleTask
                0x080021a4       0x68 Middlewares\Third_Party\FreeRTOS\Source\tasks.o
 .text.vTaskSwitchContext
                0x0800220c       0x6c Middlewares\Third_Party\FreeRTOS\Source\tasks.o
                0x0800220c                vTaskSwitchContext
 .text.vTaskPlaceOnEventList
                0x08002278       0x24 Middlewares\Third_Party\FreeRTOS\Source\tasks.o
                0x08002278                vTaskPlaceOnEventList
 .text.xTaskRemoveFromEventList
                0x0800229c       0x78 Middlewares\Third_Party\FreeRTOS\Source\tasks.o
                0x0800229c                xTaskRemoveFromEventList
 .text.vTaskSetTimeOutState
                0x08002314       0x20 Middlewares\Third_Party\FreeRTOS\Source\tasks.o
                0x08002314                vTaskSetTimeOutState
 .text.xTaskCheckForTimeOut
                0x08002334       0x60 Middlewares\Third_Party\FreeRTOS\Source\tasks.o
                0x08002334                xTaskCheckForTimeOut
 .text.vTaskMissedYield
                0x08002394        0xc Middlewares\Third_Party\FreeRTOS\Source\tasks.o
                0x08002394                vTaskMissedYield
 .text.xTaskGetSchedulerState
                0x080023a0       0x20 Middlewares\Third_Party\FreeRTOS\Source\tasks.o
                0x080023a0                xTaskGetSchedulerState
 .text.vTaskPriorityInherit
                0x080023c0       0x6c Middlewares\Third_Party\FreeRTOS\Source\tasks.o
                0x080023c0                vTaskPriorityInherit
 .text.xTaskPriorityDisinherit
                0x0800242c       0x6c Middlewares\Third_Party\FreeRTOS\Source\tasks.o
                0x0800242c                xTaskPriorityDisinherit
 .text.pvTaskIncrementMutexHeldCount
                0x08002498       0x18 Middlewares\Third_Party\FreeRTOS\Source\tasks.o
                0x08002498                pvTaskIncrementMutexHeldCount
 .text.xTaskNotifyWait
                0x080024b0       0x78 Middlewares\Third_Party\FreeRTOS\Source\tasks.o
                0x080024b0                xTaskNotifyWait
 .text.xTaskGenericNotify
                0x08002528       0xa8 Middlewares\Third_Party\FreeRTOS\Source\tasks.o
                0x08002528                xTaskGenericNotify
 .text.RSTCtrl_Sigfox
                0x080025d0       0x14 Src\Common\Globals.o
                0x080025d0                RSTCtrl_Sigfox
 .text.RST2Ctrl_Sigfox
                0x080025e4       0x14 Src\Common\Globals.o
                0x080025e4                RST2Ctrl_Sigfox
 .text.UART_SIGFOX_TX_STM
                0x080025f8       0x1c Src\Common\Globals.o
                0x080025f8                UART_SIGFOX_TX_STM
 .text.UART_SIGFOX_RX_STM
                0x08002614       0x10 Src\Common\Globals.o
                0x08002614                UART_SIGFOX_RX_STM
 .text.PrintString
                0x08002624       0x1c Src\Common\Globals.o
                0x08002624                PrintString
 .text.DiscrimateFrameType
                0x08002640       0x50 Src\Common\Globals.o
                0x08002640                DiscrimateFrameType
 .text.UartprotectedMutex
                0x08002690       0x2a Src\Common\Globals.o
                0x08002690                UartprotectedMutex
 *fill*         0x080026ba        0x2 
 .text.FSM_Send_Command
                0x080026bc      0x10c Src\Common\Globals.o
                0x080026bc                FSM_Send_Command
 .text.Debounce_Init
                0x080027c8       0x20 Src\Drivers_Hd\Debounce.o
                0x080027c8                Debounce_Init
 .text.SigfoxInit
                0x080027e8       0x3c Src\Drivers_Hd\Sigfox.o
                0x080027e8                SigfoxInit
 .text.SigfoxWakeUP
                0x08002824       0x18 Src\Drivers_Hd\Sigfox.o
                0x08002824                SigfoxWakeUP
 .text.SigfoxCheckChannels
                0x0800283c       0x2e Src\Drivers_Hd\Sigfox.o
                0x0800283c                SigfoxCheckChannels
 .text.SigfoxISRRX
                0x0800286a       0x56 Src\Drivers_Hd\Sigfox.o
                0x0800286a                SigfoxISRRX
 .text.SigfoxResponseReceived
                0x080028c0       0x10 Src\Drivers_Hd\Sigfox.o
                0x080028c0                SigfoxResponseReceived
 .text.DL_DiscriminateDownLink
                0x080028d0       0x70 Src\Drivers_Hd\Sigfox.o
                0x080028d0                DL_DiscriminateDownLink
 .text.MX_GPIO_Init
                0x08002940       0xec Src\Hardware_Profile\GPIO_Config.o
                0x08002940                MX_GPIO_Init
 .text.HAL_RTC_AlarmAEventCallback
                0x08002a2c        0x2 Src\Hardware_Profile\RTC_Config.o
                0x08002a2c                HAL_RTC_AlarmAEventCallback
 *fill*         0x08002a2e        0x2 
 .text.RTC_WakeUp_Clear_Flag
                0x08002a30       0x10 Src\Hardware_Profile\RTC_Config.o
                0x08002a30                RTC_WakeUp_Clear_Flag
 .text.Standby_Mode_Entry
                0x08002a40       0x20 Src\Hardware_Profile\RTC_Config.o
                0x08002a40                Standby_Mode_Entry
 .text.setTime  0x08002a60       0xbc Src\Hardware_Profile\RTC_Config.o
                0x08002a60                setTime
 .text.MX_RTC_Init
                0x08002b1c       0xa0 Src\Hardware_Profile\RTC_Config.o
                0x08002b1c                MX_RTC_Init
 .text.MX_USART1_UART_Init
                0x08002bbc       0x38 Src\Hardware_Profile\Uart.o
                0x08002bbc                MX_USART1_UART_Init
 .text.MX_USART2_UART_Init
                0x08002bf4       0x38 Src\Hardware_Profile\Uart.o
                0x08002bf4                MX_USART2_UART_Init
 .text.HAL_UART_RxCpltCallback
                0x08002c2c       0x68 Src\Hardware_Profile\Uart.o
                0x08002c2c                HAL_UART_RxCpltCallback
 .text.SystemClock_Config
                0x08002c94       0x7c Src\SystemClock_Config.o
                0x08002c94                SystemClock_Config
 .text.TaskTxUart
                0x08002d10       0x68 Src\main.o
                0x08002d10                TaskTxUart
 .text.TaskFSM  0x08002d78       0xe4 Src\main.o
                0x08002d78                TaskFSM
 .text.TaskDL_DecoFrame
                0x08002e5c       0x7c Src\main.o
                0x08002e5c                TaskDL_DecoFrame
 .text.startup.main
                0x08002ed8      0x120 Src\main.o
                0x08002ed8                main
 .text.Error_Handler
                0x08002ff8        0x2 Src\main.o
                0x08002ff8                Error_Handler
 *fill*         0x08002ffa        0x2 
 .text.HAL_MspInit
                0x08002ffc       0x38 Src\stm32f0xx_hal_msp.o
                0x08002ffc                HAL_MspInit
 .text.HAL_RTC_MspInit
                0x08003034       0x30 Src\stm32f0xx_hal_msp.o
                0x08003034                HAL_RTC_MspInit
 .text.HAL_UART_MspInit
                0x08003064       0xc0 Src\stm32f0xx_hal_msp.o
                0x08003064                HAL_UART_MspInit
 .text.NMI_Handler
                0x08003124        0x2 Src\stm32f0xx_it.o
                0x08003124                NMI_Handler
 .text.HardFault_Handler
                0x08003126        0x2 Src\stm32f0xx_it.o
                0x08003126                HardFault_Handler
 .text.SysTick_Handler
                0x08003128        0xc Src\stm32f0xx_it.o
                0x08003128                SysTick_Handler
 .text.RTC_IRQHandler
                0x08003134       0x10 Src\stm32f0xx_it.o
                0x08003134                RTC_IRQHandler
 .text.USART1_IRQHandler
                0x08003144       0x20 Src\stm32f0xx_it.o
                0x08003144                USART1_IRQHandler
 .text.SystemInit
                0x08003164       0x68 Src\system_stm32f0xx.o
                0x08003164                SystemInit
 .text.Reset_Handler
                0x080031cc       0x70 startup\startup_stm32f070x6.o
                0x080031cc                Reset_Handler
 .text.Default_Handler
                0x0800323c        0x2 startup\startup_stm32f070x6.o
                0x0800323c                TIM1_CC_IRQHandler
                0x0800323c                I2C1_IRQHandler
                0x0800323c                SPI1_IRQHandler
                0x0800323c                EXTI2_3_IRQHandler
                0x0800323c                ADC1_IRQHandler
                0x0800323c                TIM17_IRQHandler
                0x0800323c                TIM16_IRQHandler
                0x0800323c                TIM3_IRQHandler
                0x0800323c                EXTI4_15_IRQHandler
                0x0800323c                RCC_IRQHandler
                0x0800323c                DMA1_Channel1_IRQHandler
                0x0800323c                Default_Handler
                0x0800323c                TIM14_IRQHandler
                0x0800323c                DMA1_Channel4_5_IRQHandler
                0x0800323c                EXTI0_1_IRQHandler
                0x0800323c                USB_IRQHandler
                0x0800323c                WWDG_IRQHandler
                0x0800323c                DMA1_Channel2_3_IRQHandler
                0x0800323c                USART2_IRQHandler
                0x0800323c                FLASH_IRQHandler
                0x0800323c                TIM1_BRK_UP_TRG_COM_IRQHandler
 *fill*         0x0800323e        0x2 
 .text.__libc_init_array
                0x08003240       0x48 c:/program files (x86)/atollic/truestudio for stm32 9.3.0/armtools/bin/../lib/gcc/arm-atollic-eabi/6.3.1/../../../../arm-atollic-eabi/lib/armv6-m\libc_nano.a(lib_a-init.o)
                0x08003240                __libc_init_array
 .text.memcpy   0x08003288       0x12 c:/program files (x86)/atollic/truestudio for stm32 9.3.0/armtools/bin/../lib/gcc/arm-atollic-eabi/6.3.1/../../../../arm-atollic-eabi/lib/armv6-m\libc_nano.a(lib_a-memcpy-stub.o)
                0x08003288                memcpy
 .text.memset   0x0800329a       0x10 c:/program files (x86)/atollic/truestudio for stm32 9.3.0/armtools/bin/../lib/gcc/arm-atollic-eabi/6.3.1/../../../../arm-atollic-eabi/lib/armv6-m\libc_nano.a(lib_a-memset.o)
                0x0800329a                memset
 *fill*         0x080032aa        0x2 
 .text.sprintf  0x080032ac       0x44 c:/program files (x86)/atollic/truestudio for stm32 9.3.0/armtools/bin/../lib/gcc/arm-atollic-eabi/6.3.1/../../../../arm-atollic-eabi/lib/armv6-m\libc_nano.a(lib_a-sprintf.o)
                0x080032ac                siprintf
                0x080032ac                sprintf
 .text.strchr   0x080032f0       0x1c c:/program files (x86)/atollic/truestudio for stm32 9.3.0/armtools/bin/../lib/gcc/arm-atollic-eabi/6.3.1/../../../../arm-atollic-eabi/lib/armv6-m\libc_nano.a(lib_a-strchr.o)
                0x080032f0                strchr
 .text.strcpy   0x0800330c       0x10 c:/program files (x86)/atollic/truestudio for stm32 9.3.0/armtools/bin/../lib/gcc/arm-atollic-eabi/6.3.1/../../../../arm-atollic-eabi/lib/armv6-m\libc_nano.a(lib_a-strcpy.o)
                0x0800330c                strcpy
 .text.strncpy  0x0800331c       0x2a c:/program files (x86)/atollic/truestudio for stm32 9.3.0/armtools/bin/../lib/gcc/arm-atollic-eabi/6.3.1/../../../../arm-atollic-eabi/lib/armv6-m\libc_nano.a(lib_a-strncpy.o)
                0x0800331c                strncpy
 .text.strstr   0x08003346       0x30 c:/program files (x86)/atollic/truestudio for stm32 9.3.0/armtools/bin/../lib/gcc/arm-atollic-eabi/6.3.1/../../../../arm-atollic-eabi/lib/armv6-m\libc_nano.a(lib_a-strstr.o)
                0x08003346                strstr
 *fill*         0x08003376        0x2 
 .text._strtol_l.isra.0
                0x08003378      0x10c c:/program files (x86)/atollic/truestudio for stm32 9.3.0/armtools/bin/../lib/gcc/arm-atollic-eabi/6.3.1/../../../../arm-atollic-eabi/lib/armv6-m\libc_nano.a(lib_a-strtol.o)
 .text.strtol   0x08003484       0x28 c:/program files (x86)/atollic/truestudio for stm32 9.3.0/armtools/bin/../lib/gcc/arm-atollic-eabi/6.3.1/../../../../arm-atollic-eabi/lib/armv6-m\libc_nano.a(lib_a-strtol.o)
                0x08003484                strtol
 .text.__locale_ctype_ptr_l
                0x080034ac        0x6 c:/program files (x86)/atollic/truestudio for stm32 9.3.0/armtools/bin/../lib/gcc/arm-atollic-eabi/6.3.1/../../../../arm-atollic-eabi/lib/armv6-m\libc_nano.a(lib_a-locale.o)
                0x080034ac                __locale_ctype_ptr_l
 .text.__ascii_mbtowc
                0x080034b2       0x24 c:/program files (x86)/atollic/truestudio for stm32 9.3.0/armtools/bin/../lib/gcc/arm-atollic-eabi/6.3.1/../../../../arm-atollic-eabi/lib/armv6-m\libc_nano.a(lib_a-mbtowc_r.o)
                0x080034b2                __ascii_mbtowc
 *fill*         0x080034d6        0x2 
 .text.__ssputs_r
                0x080034d8       0xc4 c:/program files (x86)/atollic/truestudio for stm32 9.3.0/armtools/bin/../lib/gcc/arm-atollic-eabi/6.3.1/../../../../arm-atollic-eabi/lib/armv6-m\libc_nano.a(lib_a-nano-svfprintf.o)
                0x080034d8                __ssputs_r
 .text._svfprintf_r
                0x0800359c      0x208 c:/program files (x86)/atollic/truestudio for stm32 9.3.0/armtools/bin/../lib/gcc/arm-atollic-eabi/6.3.1/../../../../arm-atollic-eabi/lib/armv6-m\libc_nano.a(lib_a-nano-svfprintf.o)
                0x0800359c                _svfiprintf_r
                0x0800359c                _svfprintf_r
 .text._printf_common
                0x080037a4       0xda c:/program files (x86)/atollic/truestudio for stm32 9.3.0/armtools/bin/../lib/gcc/arm-atollic-eabi/6.3.1/../../../../arm-atollic-eabi/lib/armv6-m\libc_nano.a(lib_a-nano-vfprintf_i.o)
                0x080037a4                _printf_common
 *fill*         0x0800387e        0x2 
 .text._printf_i
                0x08003880      0x234 c:/program files (x86)/atollic/truestudio for stm32 9.3.0/armtools/bin/../lib/gcc/arm-atollic-eabi/6.3.1/../../../../arm-atollic-eabi/lib/armv6-m\libc_nano.a(lib_a-nano-vfprintf_i.o)
                0x08003880                _printf_i
 .text.__ascii_wctomb
                0x08003ab4       0x18 c:/program files (x86)/atollic/truestudio for stm32 9.3.0/armtools/bin/../lib/gcc/arm-atollic-eabi/6.3.1/../../../../arm-atollic-eabi/lib/armv6-m\libc_nano.a(lib_a-wctomb_r.o)
                0x08003ab4                __ascii_wctomb
 .text.memchr   0x08003acc       0x16 c:/program files (x86)/atollic/truestudio for stm32 9.3.0/armtools/bin/../lib/gcc/arm-atollic-eabi/6.3.1/../../../../arm-atollic-eabi/lib/armv6-m\libc_nano.a(lib_a-memchr-stub.o)
                0x08003acc                memchr
 .text.memmove  0x08003ae2       0x24 c:/program files (x86)/atollic/truestudio for stm32 9.3.0/armtools/bin/../lib/gcc/arm-atollic-eabi/6.3.1/../../../../arm-atollic-eabi/lib/armv6-m\libc_nano.a(lib_a-memmove.o)
                0x08003ae2                memmove
 *fill*         0x08003b06        0x2 
 .text._free_r  0x08003b08       0x94 c:/program files (x86)/atollic/truestudio for stm32 9.3.0/armtools/bin/../lib/gcc/arm-atollic-eabi/6.3.1/../../../../arm-atollic-eabi/lib/armv6-m\libc_nano.a(lib_a-nano-freer.o)
                0x08003b08                _free_r
 .text._malloc_r
                0x08003b9c       0xbc c:/program files (x86)/atollic/truestudio for stm32 9.3.0/armtools/bin/../lib/gcc/arm-atollic-eabi/6.3.1/../../../../arm-atollic-eabi/lib/armv6-m\libc_nano.a(lib_a-nano-mallocr.o)
                0x08003b9c                _malloc_r
 .text._realloc_r
                0x08003c58       0x4c c:/program files (x86)/atollic/truestudio for stm32 9.3.0/armtools/bin/../lib/gcc/arm-atollic-eabi/6.3.1/../../../../arm-atollic-eabi/lib/armv6-m\libc_nano.a(lib_a-nano-reallocr.o)
                0x08003c58                _realloc_r
 .text._sbrk_r  0x08003ca4       0x24 c:/program files (x86)/atollic/truestudio for stm32 9.3.0/armtools/bin/../lib/gcc/arm-atollic-eabi/6.3.1/../../../../arm-atollic-eabi/lib/armv6-m\libc_nano.a(lib_a-sbrkr.o)
                0x08003ca4                _sbrk_r
 .text.__malloc_lock
                0x08003cc8        0x2 c:/program files (x86)/atollic/truestudio for stm32 9.3.0/armtools/bin/../lib/gcc/arm-atollic-eabi/6.3.1/../../../../arm-atollic-eabi/lib/armv6-m\libc_nano.a(lib_a-mlock.o)
                0x08003cc8                __malloc_lock
 .text.__malloc_unlock
                0x08003cca        0x2 c:/program files (x86)/atollic/truestudio for stm32 9.3.0/armtools/bin/../lib/gcc/arm-atollic-eabi/6.3.1/../../../../arm-atollic-eabi/lib/armv6-m\libc_nano.a(lib_a-mlock.o)
                0x08003cca                __malloc_unlock
 .text._malloc_usable_size_r
                0x08003ccc       0x10 c:/program files (x86)/atollic/truestudio for stm32 9.3.0/armtools/bin/../lib/gcc/arm-atollic-eabi/6.3.1/../../../../arm-atollic-eabi/lib/armv6-m\libc_nano.a(lib_a-nano-msizer.o)
                0x08003ccc                _malloc_usable_size_r
 .text._sbrk    0x08003cdc       0x20 c:/program files (x86)/atollic/truestudio for stm32 9.3.0/armtools/bin/../lib/gcc/arm-atollic-eabi/6.3.1/../../../../arm-atollic-eabi/lib/armv6-m\libnosys.a(sbrk.o)
                0x08003cdc                _sbrk
 *(.glue_7)
 .glue_7        0x08003cfc        0x0 linker stubs
 *(.glue_7t)
 .glue_7t       0x08003cfc        0x0 linker stubs
 *(.eh_frame)
 .eh_frame      0x08003cfc        0x0 c:/program files (x86)/atollic/truestudio for stm32 9.3.0/armtools/bin/../lib/gcc/arm-atollic-eabi/6.3.1/armv6-m/crtbegin.o
 *(.init)
 .init          0x08003cfc        0x4 c:/program files (x86)/atollic/truestudio for stm32 9.3.0/armtools/bin/../lib/gcc/arm-atollic-eabi/6.3.1/armv6-m/crti.o
                0x08003cfc                _init
 .init          0x08003d00        0x8 c:/program files (x86)/atollic/truestudio for stm32 9.3.0/armtools/bin/../lib/gcc/arm-atollic-eabi/6.3.1/armv6-m/crtn.o
 *(.fini)
 .fini          0x08003d08        0x4 c:/program files (x86)/atollic/truestudio for stm32 9.3.0/armtools/bin/../lib/gcc/arm-atollic-eabi/6.3.1/armv6-m/crti.o
                0x08003d08                _fini
 .fini          0x08003d0c        0x8 c:/program files (x86)/atollic/truestudio for stm32 9.3.0/armtools/bin/../lib/gcc/arm-atollic-eabi/6.3.1/armv6-m/crtn.o
                0x08003d14                . = ALIGN (0x4)
                0x08003d14                _etext = .

.vfp11_veneer   0x08003d14        0x0
 .vfp11_veneer  0x08003d14        0x0 linker stubs

.v4_bx          0x08003d14        0x0
 .v4_bx         0x08003d14        0x0 linker stubs

.iplt           0x08003d14        0x0
 .iplt          0x08003d14        0x0 c:/program files (x86)/atollic/truestudio for stm32 9.3.0/armtools/bin/../lib/gcc/arm-atollic-eabi/6.3.1/armv6-m/crtbegin.o

.rodata         0x08003d14      0x254
                0x08003d14                . = ALIGN (0x4)
 *(.rodata)
 .rodata        0x08003d14       0x20 Drivers\STM32F0xx_HAL_Driver\Src\stm32f0xx_hal_rcc.o
 .rodata        0x08003d34       0x18 Src\Common\Globals.o
 *(.rodata*)
 .rodata.CSWTCH.51
                0x08003d4c        0x4 Drivers\STM32F0xx_HAL_Driver\Src\stm32f0xx_hal_uart.o
 .rodata.vTaskStartScheduler.str1.1
                0x08003d50        0x5 Middlewares\Third_Party\FreeRTOS\Source\tasks.o
 .rodata.FSM_Send_Command.str1.1
                0x08003d55       0x23 Src\Common\Globals.o
 .rodata.DL_DiscriminateDownLink.str1.1
                0x08003d78        0x3 Src\Drivers_Hd\Sigfox.o
 .rodata.TaskDL_DecoFrame.str1.1
                0x08003d7b       0x4d Src\main.o
 .rodata.TaskFSM.str1.1
                0x08003dc8       0x2a Src\main.o
                                 0x32 (size before relaxing)
 .rodata.main.str1.1
                0x08003df2       0x1d Src\main.o
 .rodata.AHBPrescTable
                0x08003e0f       0x10 Src\system_stm32f0xx.o
                0x08003e0f                AHBPrescTable
 .rodata.APBPrescTable
                0x08003e1f        0x8 Src\system_stm32f0xx.o
                0x08003e1f                APBPrescTable
 .rodata._setlocale_r.str1.1
                0x08003e27        0x8 c:/program files (x86)/atollic/truestudio for stm32 9.3.0/armtools/bin/../lib/gcc/arm-atollic-eabi/6.3.1/../../../../arm-atollic-eabi/lib/armv6-m\libc_nano.a(lib_a-locale.o)
                                  0x9 (size before relaxing)
 .rodata.str1.1
                0x08003e2f        0x2 c:/program files (x86)/atollic/truestudio for stm32 9.3.0/armtools/bin/../lib/gcc/arm-atollic-eabi/6.3.1/../../../../arm-atollic-eabi/lib/armv6-m\libc_nano.a(lib_a-locale.o)
 .rodata._svfprintf_r.str1.1
                0x08003e31       0x11 c:/program files (x86)/atollic/truestudio for stm32 9.3.0/armtools/bin/../lib/gcc/arm-atollic-eabi/6.3.1/../../../../arm-atollic-eabi/lib/armv6-m\libc_nano.a(lib_a-nano-svfprintf.o)
 .rodata._printf_i.str1.1
                0x08003e42       0x22 c:/program files (x86)/atollic/truestudio for stm32 9.3.0/armtools/bin/../lib/gcc/arm-atollic-eabi/6.3.1/../../../../arm-atollic-eabi/lib/armv6-m\libc_nano.a(lib_a-nano-vfprintf_i.o)
 .rodata._ctype_
                0x08003e64      0x101 c:/program files (x86)/atollic/truestudio for stm32 9.3.0/armtools/bin/../lib/gcc/arm-atollic-eabi/6.3.1/../../../../arm-atollic-eabi/lib/armv6-m\libc_nano.a(lib_a-ctype_.o)
                0x08003e64                _ctype_
                0x08003f68                . = ALIGN (0x4)
 *fill*         0x08003f65        0x3 

.rel.dyn        0x08003f68        0x0
 .rel.iplt      0x08003f68        0x0 c:/program files (x86)/atollic/truestudio for stm32 9.3.0/armtools/bin/../lib/gcc/arm-atollic-eabi/6.3.1/armv6-m/crtbegin.o

.ARM.extab
 *(.ARM.extab* .gnu.linkonce.armextab.*)

.ARM            0x08003f68        0x0
                0x08003f68                __exidx_start = .
 *(.ARM.exidx*)
                0x08003f68                __exidx_end = .

.preinit_array  0x08003f68        0x0
                0x08003f68                PROVIDE (__preinit_array_start, .)
 *(.preinit_array*)
                0x08003f68                PROVIDE (__preinit_array_end, .)

.init_array     0x08003f68        0x4
                0x08003f68                PROVIDE (__init_array_start, .)
 *(SORT(.init_array.*))
 *(.init_array*)
 .init_array    0x08003f68        0x4 c:/program files (x86)/atollic/truestudio for stm32 9.3.0/armtools/bin/../lib/gcc/arm-atollic-eabi/6.3.1/armv6-m/crtbegin.o
                0x08003f6c                PROVIDE (__init_array_end, .)

.fini_array     0x08003f6c        0x4
                [!provide]                PROVIDE (__fini_array_start, .)
 *(SORT(.fini_array.*))
 *(.fini_array*)
 .fini_array    0x08003f6c        0x4 c:/program files (x86)/atollic/truestudio for stm32 9.3.0/armtools/bin/../lib/gcc/arm-atollic-eabi/6.3.1/armv6-m/crtbegin.o
                [!provide]                PROVIDE (__fini_array_end, .)
                0x08003f70                _sidata = LOADADDR (.data)

.data           0x20000000      0x1dc load address 0x08003f70
                0x20000000                . = ALIGN (0x4)
                0x20000000                _sdata = .
 *(.data)
 *(.data*)
 .data.uxCriticalNesting
                0x20000000        0x4 Middlewares\Third_Party\FreeRTOS\Source\portable\GCC\ARM_CM0\port.o
 .data.state.8129
                0x20000004        0x1 Src\main.o
 *fill*         0x20000005        0x3 
 .data.SystemCoreClock
                0x20000008        0x4 Src\system_stm32f0xx.o
                0x20000008                SystemCoreClock
 .data._impure_ptr
                0x2000000c        0x4 c:/program files (x86)/atollic/truestudio for stm32 9.3.0/armtools/bin/../lib/gcc/arm-atollic-eabi/6.3.1/../../../../arm-atollic-eabi/lib/armv6-m\libc_nano.a(lib_a-impure.o)
                0x2000000c                _impure_ptr
 .data.impure_data
                0x20000010       0x60 c:/program files (x86)/atollic/truestudio for stm32 9.3.0/armtools/bin/../lib/gcc/arm-atollic-eabi/6.3.1/../../../../arm-atollic-eabi/lib/armv6-m\libc_nano.a(lib_a-impure.o)
 .data.__global_locale
                0x20000070      0x16c c:/program files (x86)/atollic/truestudio for stm32 9.3.0/armtools/bin/../lib/gcc/arm-atollic-eabi/6.3.1/../../../../arm-atollic-eabi/lib/armv6-m\libc_nano.a(lib_a-locale.o)
                0x20000070                __global_locale
                0x200001dc                . = ALIGN (0x4)
                0x200001dc                _edata = .

.igot.plt       0x200001dc        0x0 load address 0x0800414c
 .igot.plt      0x200001dc        0x0 c:/program files (x86)/atollic/truestudio for stm32 9.3.0/armtools/bin/../lib/gcc/arm-atollic-eabi/6.3.1/armv6-m/crtbegin.o
                0x200001dc                . = ALIGN (0x4)

.bss            0x200001dc     0x1024 load address 0x0800414c
                0x200001dc                _sbss = .
                0x200001dc                __bss_start__ = _sbss
 *(.bss)
 .bss           0x200001dc       0x1c c:/program files (x86)/atollic/truestudio for stm32 9.3.0/armtools/bin/../lib/gcc/arm-atollic-eabi/6.3.1/armv6-m/crtbegin.o
 *(.bss*)
 .bss.pxEnd     0x200001f8        0x4 Middlewares\Third_Party\FreeRTOS\Source\portable\MemMang\heap_4.o
 .bss.ucHeap    0x200001fc      0xc60 Middlewares\Third_Party\FreeRTOS\Source\portable\MemMang\heap_4.o
 .bss.xBlockAllocatedBit
                0x20000e5c        0x4 Middlewares\Third_Party\FreeRTOS\Source\portable\MemMang\heap_4.o
 .bss.xFreeBytesRemaining
                0x20000e60        0x4 Middlewares\Third_Party\FreeRTOS\Source\portable\MemMang\heap_4.o
 .bss.xMinimumEverFreeBytesRemaining
                0x20000e64        0x4 Middlewares\Third_Party\FreeRTOS\Source\portable\MemMang\heap_4.o
 .bss.xStart    0x20000e68        0x8 Middlewares\Third_Party\FreeRTOS\Source\portable\MemMang\heap_4.o
 .bss.pxCurrentTCB
                0x20000e70        0x4 Middlewares\Third_Party\FreeRTOS\Source\tasks.o
                0x20000e70                pxCurrentTCB
 .bss.pxDelayedTaskList
                0x20000e74        0x4 Middlewares\Third_Party\FreeRTOS\Source\tasks.o
 .bss.pxOverflowDelayedTaskList
                0x20000e78        0x4 Middlewares\Third_Party\FreeRTOS\Source\tasks.o
 .bss.pxReadyTasksLists
                0x20000e7c       0x8c Middlewares\Third_Party\FreeRTOS\Source\tasks.o
 .bss.uxCurrentNumberOfTasks
                0x20000f08        0x4 Middlewares\Third_Party\FreeRTOS\Source\tasks.o
 .bss.uxDeletedTasksWaitingCleanUp
                0x20000f0c        0x4 Middlewares\Third_Party\FreeRTOS\Source\tasks.o
 .bss.uxPendedTicks
                0x20000f10        0x4 Middlewares\Third_Party\FreeRTOS\Source\tasks.o
 .bss.uxSchedulerSuspended
                0x20000f14        0x4 Middlewares\Third_Party\FreeRTOS\Source\tasks.o
 .bss.uxTaskNumber
                0x20000f18        0x4 Middlewares\Third_Party\FreeRTOS\Source\tasks.o
 .bss.uxTopReadyPriority
                0x20000f1c        0x4 Middlewares\Third_Party\FreeRTOS\Source\tasks.o
 .bss.xDelayedTaskList1
                0x20000f20       0x14 Middlewares\Third_Party\FreeRTOS\Source\tasks.o
 .bss.xDelayedTaskList2
                0x20000f34       0x14 Middlewares\Third_Party\FreeRTOS\Source\tasks.o
 .bss.xIdleTaskHandle
                0x20000f48        0x4 Middlewares\Third_Party\FreeRTOS\Source\tasks.o
 .bss.xNextTaskUnblockTime
                0x20000f4c        0x4 Middlewares\Third_Party\FreeRTOS\Source\tasks.o
 .bss.xNumOfOverflows
                0x20000f50        0x4 Middlewares\Third_Party\FreeRTOS\Source\tasks.o
 .bss.xPendingReadyList
                0x20000f54       0x14 Middlewares\Third_Party\FreeRTOS\Source\tasks.o
 .bss.xSchedulerRunning
                0x20000f68        0x4 Middlewares\Third_Party\FreeRTOS\Source\tasks.o
 .bss.xSuspendedTaskList
                0x20000f6c       0x14 Middlewares\Third_Party\FreeRTOS\Source\tasks.o
 .bss.xTasksWaitingTermination
                0x20000f80       0x14 Middlewares\Third_Party\FreeRTOS\Source\tasks.o
 .bss.xTickCount
                0x20000f94        0x4 Middlewares\Third_Party\FreeRTOS\Source\tasks.o
 .bss.xYieldPending
                0x20000f98        0x4 Middlewares\Third_Party\FreeRTOS\Source\tasks.o
 .bss.ReportTimeHour
                0x20000f9c        0x1 Src\Common\Globals.o
                0x20000f9c                ReportTimeHour
 .bss.ReportTimeMinute
                0x20000f9d        0x1 Src\Common\Globals.o
                0x20000f9d                ReportTimeMinute
 .bss.ReportTimeSecond
                0x20000f9e        0x1 Src\Common\Globals.o
                0x20000f9e                ReportTimeSecond
 *fill*         0x20000f9f        0x1 
 .bss.SemFSM    0x20000fa0        0x4 Src\Common\Globals.o
                0x20000fa0                SemFSM
 .bss.SemTxUart
                0x20000fa4        0x4 Src\Common\Globals.o
                0x20000fa4                SemTxUart
 .bss.SemUart   0x20000fa8        0x4 Src\Common\Globals.o
                0x20000fa8                SemUart
 .bss.xHigherPriorityTaskWoken
                0x20000fac        0x4 Src\Common\Globals.o
                0x20000fac                xHigherPriorityTaskWoken
 .bss.xQueueTx  0x20000fb0        0x4 Src\Common\Globals.o
                0x20000fb0                xQueueTx
 .bss.xTaskHandle_DL_RxNotify
                0x20000fb4        0x4 Src\Common\Globals.o
                0x20000fb4                xTaskHandle_DL_RxNotify
 .bss.DowlinkAux.8133
                0x20000fb8        0x1 Src\main.o
 .bss.FlagEnd.8130
                0x20000fb9        0x1 Src\main.o
 *fill*         0x20000fba        0x2 
 .bss.__malloc_free_list
                0x20000fbc        0x4 c:/program files (x86)/atollic/truestudio for stm32 9.3.0/armtools/bin/../lib/gcc/arm-atollic-eabi/6.3.1/../../../../arm-atollic-eabi/lib/armv6-m\libc_nano.a(lib_a-nano-mallocr.o)
                0x20000fbc                __malloc_free_list
 .bss.__malloc_sbrk_start
                0x20000fc0        0x4 c:/program files (x86)/atollic/truestudio for stm32 9.3.0/armtools/bin/../lib/gcc/arm-atollic-eabi/6.3.1/../../../../arm-atollic-eabi/lib/armv6-m\libc_nano.a(lib_a-nano-mallocr.o)
                0x20000fc0                __malloc_sbrk_start
 .bss.heap_end.4116
                0x20000fc4        0x4 c:/program files (x86)/atollic/truestudio for stm32 9.3.0/armtools/bin/../lib/gcc/arm-atollic-eabi/6.3.1/../../../../arm-atollic-eabi/lib/armv6-m\libnosys.a(sbrk.o)
 *(COMMON)
 COMMON         0x20000fc8        0x4 Drivers\STM32F0xx_HAL_Driver\Src\stm32f0xx_hal.o
                0x20000fc8                uwTick
 COMMON         0x20000fcc      0x109 Src\Common\Globals.o
                0x20000fcc                Fsm_DebounceData
                0x20000fd3                xtypes
                0x20000fd4                DataFrame
                0x20000fe0                SigfoxModule
                0x200010d4                Debounce_Flag
 *fill*         0x200010d5        0x3 
 COMMON         0x200010d8       0x20 Src\Hardware_Profile\RTC_Config.o
                0x200010d8                hrtc
 COMMON         0x200010f8      0x104 Src\Hardware_Profile\Uart.o
                0x200010f8                huart1
                0x20001168                huart2
                0x200011d8                UART_RX
 COMMON         0x200011fc        0x4 c:/program files (x86)/atollic/truestudio for stm32 9.3.0/armtools/bin/../lib/gcc/arm-atollic-eabi/6.3.1/../../../../arm-atollic-eabi/lib/armv6-m\libc_nano.a(lib_a-reent.o)
                0x200011fc                errno
                0x20001200                . = ALIGN (0x4)
                0x20001200                _ebss = .
                0x20001200                __bss_end__ = _ebss

._user_heap_stack
                0x20001200      0x600 load address 0x0800414c
                0x20001200                . = ALIGN (0x4)
                0x20001200                PROVIDE (end, .)
                [!provide]                PROVIDE (_end, .)
                0x20001400                . = (. + _Min_Heap_Size)
 *fill*         0x20001200      0x200 
                0x20001800                . = (. + _Min_Stack_Size)
 *fill*         0x20001400      0x400 
                0x20001800                . = ALIGN (0x4)

/DISCARD/
 libc.a(*)
 libm.a(*)
 libgcc.a(*)

.ARM.attributes
                0x00000000       0x28
 *(.ARM.attributes)
 .ARM.attributes
                0x00000000       0x1e c:/program files (x86)/atollic/truestudio for stm32 9.3.0/armtools/bin/../lib/gcc/arm-atollic-eabi/6.3.1/armv6-m/crti.o
 .ARM.attributes
                0x0000001e       0x2c c:/program files (x86)/atollic/truestudio for stm32 9.3.0/armtools/bin/../lib/gcc/arm-atollic-eabi/6.3.1/armv6-m/crtbegin.o
 .ARM.attributes
                0x0000004a       0x31 Drivers\STM32F0xx_HAL_Driver\Src\stm32f0xx_hal.o
 .ARM.attributes
                0x0000007b       0x31 Drivers\STM32F0xx_HAL_Driver\Src\stm32f0xx_hal_cortex.o
 .ARM.attributes
                0x000000ac       0x31 Drivers\STM32F0xx_HAL_Driver\Src\stm32f0xx_hal_gpio.o
 .ARM.attributes
                0x000000dd       0x31 Drivers\STM32F0xx_HAL_Driver\Src\stm32f0xx_hal_pwr.o
 .ARM.attributes
                0x0000010e       0x31 Drivers\STM32F0xx_HAL_Driver\Src\stm32f0xx_hal_rcc.o
 .ARM.attributes
                0x0000013f       0x31 Drivers\STM32F0xx_HAL_Driver\Src\stm32f0xx_hal_rcc_ex.o
 .ARM.attributes
                0x00000170       0x31 Drivers\STM32F0xx_HAL_Driver\Src\stm32f0xx_hal_rtc.o
 .ARM.attributes
                0x000001a1       0x31 Drivers\STM32F0xx_HAL_Driver\Src\stm32f0xx_hal_uart.o
 .ARM.attributes
                0x000001d2       0x31 Middlewares\Third_Party\FreeRTOS\Source\CMSIS_RTOS\cmsis_os.o
 .ARM.attributes
                0x00000203       0x31 Middlewares\Third_Party\FreeRTOS\Source\list.o
 .ARM.attributes
                0x00000234       0x31 Middlewares\Third_Party\FreeRTOS\Source\portable\GCC\ARM_CM0\port.o
 .ARM.attributes
                0x00000265       0x31 Middlewares\Third_Party\FreeRTOS\Source\portable\MemMang\heap_4.o
 .ARM.attributes
                0x00000296       0x31 Middlewares\Third_Party\FreeRTOS\Source\queue.o
 .ARM.attributes
                0x000002c7       0x31 Middlewares\Third_Party\FreeRTOS\Source\tasks.o
 .ARM.attributes
                0x000002f8       0x31 Src\Common\Globals.o
 .ARM.attributes
                0x00000329       0x31 Src\Drivers_Hd\Debounce.o
 .ARM.attributes
                0x0000035a       0x31 Src\Drivers_Hd\Sigfox.o
 .ARM.attributes
                0x0000038b       0x31 Src\Hardware_Profile\GPIO_Config.o
 .ARM.attributes
                0x000003bc       0x31 Src\Hardware_Profile\RTC_Config.o
 .ARM.attributes
                0x000003ed       0x31 Src\Hardware_Profile\Uart.o
 .ARM.attributes
                0x0000041e       0x31 Src\SystemClock_Config.o
 .ARM.attributes
                0x0000044f       0x31 Src\main.o
 .ARM.attributes
                0x00000480       0x31 Src\stm32f0xx_hal_msp.o
 .ARM.attributes
                0x000004b1       0x31 Src\stm32f0xx_it.o
 .ARM.attributes
                0x000004e2       0x31 Src\system_stm32f0xx.o
 .ARM.attributes
                0x00000513       0x21 startup\startup_stm32f070x6.o
 .ARM.attributes
                0x00000534       0x2c c:/program files (x86)/atollic/truestudio for stm32 9.3.0/armtools/bin/../lib/gcc/arm-atollic-eabi/6.3.1/../../../../arm-atollic-eabi/lib/armv6-m\libc_nano.a(lib_a-init.o)
 .ARM.attributes
                0x00000560       0x2c c:/program files (x86)/atollic/truestudio for stm32 9.3.0/armtools/bin/../lib/gcc/arm-atollic-eabi/6.3.1/../../../../arm-atollic-eabi/lib/armv6-m\libc_nano.a(lib_a-memcpy-stub.o)
 .ARM.attributes
                0x0000058c       0x2c c:/program files (x86)/atollic/truestudio for stm32 9.3.0/armtools/bin/../lib/gcc/arm-atollic-eabi/6.3.1/../../../../arm-atollic-eabi/lib/armv6-m\libc_nano.a(lib_a-memset.o)
 .ARM.attributes
                0x000005b8       0x2c c:/program files (x86)/atollic/truestudio for stm32 9.3.0/armtools/bin/../lib/gcc/arm-atollic-eabi/6.3.1/../../../../arm-atollic-eabi/lib/armv6-m\libc_nano.a(lib_a-sprintf.o)
 .ARM.attributes
                0x000005e4       0x2c c:/program files (x86)/atollic/truestudio for stm32 9.3.0/armtools/bin/../lib/gcc/arm-atollic-eabi/6.3.1/../../../../arm-atollic-eabi/lib/armv6-m\libc_nano.a(lib_a-strchr.o)
 .ARM.attributes
                0x00000610       0x2c c:/program files (x86)/atollic/truestudio for stm32 9.3.0/armtools/bin/../lib/gcc/arm-atollic-eabi/6.3.1/../../../../arm-atollic-eabi/lib/armv6-m\libc_nano.a(lib_a-strcpy.o)
 .ARM.attributes
                0x0000063c       0x1c c:/program files (x86)/atollic/truestudio for stm32 9.3.0/armtools/bin/../lib/gcc/arm-atollic-eabi/6.3.1/../../../../arm-atollic-eabi/lib/armv6-m\libc_nano.a(lib_a-strlen.o)
 .ARM.attributes
                0x00000658       0x2c c:/program files (x86)/atollic/truestudio for stm32 9.3.0/armtools/bin/../lib/gcc/arm-atollic-eabi/6.3.1/../../../../arm-atollic-eabi/lib/armv6-m\libc_nano.a(lib_a-strncpy.o)
 .ARM.attributes
                0x00000684       0x2c c:/program files (x86)/atollic/truestudio for stm32 9.3.0/armtools/bin/../lib/gcc/arm-atollic-eabi/6.3.1/../../../../arm-atollic-eabi/lib/armv6-m\libc_nano.a(lib_a-strstr.o)
 .ARM.attributes
                0x000006b0       0x2c c:/program files (x86)/atollic/truestudio for stm32 9.3.0/armtools/bin/../lib/gcc/arm-atollic-eabi/6.3.1/../../../../arm-atollic-eabi/lib/armv6-m\libc_nano.a(lib_a-strtol.o)
 .ARM.attributes
                0x000006dc       0x2c c:/program files (x86)/atollic/truestudio for stm32 9.3.0/armtools/bin/../lib/gcc/arm-atollic-eabi/6.3.1/../../../../arm-atollic-eabi/lib/armv6-m\libc_nano.a(lib_a-impure.o)
 .ARM.attributes
                0x00000708       0x2c c:/program files (x86)/atollic/truestudio for stm32 9.3.0/armtools/bin/../lib/gcc/arm-atollic-eabi/6.3.1/../../../../arm-atollic-eabi/lib/armv6-m\libc_nano.a(lib_a-locale.o)
 .ARM.attributes
                0x00000734       0x2c c:/program files (x86)/atollic/truestudio for stm32 9.3.0/armtools/bin/../lib/gcc/arm-atollic-eabi/6.3.1/../../../../arm-atollic-eabi/lib/armv6-m\libc_nano.a(lib_a-mbtowc_r.o)
 .ARM.attributes
                0x00000760       0x2c c:/program files (x86)/atollic/truestudio for stm32 9.3.0/armtools/bin/../lib/gcc/arm-atollic-eabi/6.3.1/../../../../arm-atollic-eabi/lib/armv6-m\libc_nano.a(lib_a-nano-svfprintf.o)
 .ARM.attributes
                0x0000078c       0x2c c:/program files (x86)/atollic/truestudio for stm32 9.3.0/armtools/bin/../lib/gcc/arm-atollic-eabi/6.3.1/../../../../arm-atollic-eabi/lib/armv6-m\libc_nano.a(lib_a-nano-vfprintf_i.o)
 .ARM.attributes
                0x000007b8       0x2c c:/program files (x86)/atollic/truestudio for stm32 9.3.0/armtools/bin/../lib/gcc/arm-atollic-eabi/6.3.1/../../../../arm-atollic-eabi/lib/armv6-m\libc_nano.a(lib_a-wctomb_r.o)
 .ARM.attributes
                0x000007e4       0x2c c:/program files (x86)/atollic/truestudio for stm32 9.3.0/armtools/bin/../lib/gcc/arm-atollic-eabi/6.3.1/../../../../arm-atollic-eabi/lib/armv6-m\libc_nano.a(lib_a-ctype_.o)
 .ARM.attributes
                0x00000810       0x2c c:/program files (x86)/atollic/truestudio for stm32 9.3.0/armtools/bin/../lib/gcc/arm-atollic-eabi/6.3.1/../../../../arm-atollic-eabi/lib/armv6-m\libc_nano.a(lib_a-memchr-stub.o)
 .ARM.attributes
                0x0000083c       0x2c c:/program files (x86)/atollic/truestudio for stm32 9.3.0/armtools/bin/../lib/gcc/arm-atollic-eabi/6.3.1/../../../../arm-atollic-eabi/lib/armv6-m\libc_nano.a(lib_a-memmove.o)
 .ARM.attributes
                0x00000868       0x2c c:/program files (x86)/atollic/truestudio for stm32 9.3.0/armtools/bin/../lib/gcc/arm-atollic-eabi/6.3.1/../../../../arm-atollic-eabi/lib/armv6-m\libc_nano.a(lib_a-nano-freer.o)
 .ARM.attributes
                0x00000894       0x2c c:/program files (x86)/atollic/truestudio for stm32 9.3.0/armtools/bin/../lib/gcc/arm-atollic-eabi/6.3.1/../../../../arm-atollic-eabi/lib/armv6-m\libc_nano.a(lib_a-nano-mallocr.o)
 .ARM.attributes
                0x000008c0       0x2c c:/program files (x86)/atollic/truestudio for stm32 9.3.0/armtools/bin/../lib/gcc/arm-atollic-eabi/6.3.1/../../../../arm-atollic-eabi/lib/armv6-m\libc_nano.a(lib_a-nano-reallocr.o)
 .ARM.attributes
                0x000008ec       0x2c c:/program files (x86)/atollic/truestudio for stm32 9.3.0/armtools/bin/../lib/gcc/arm-atollic-eabi/6.3.1/../../../../arm-atollic-eabi/lib/armv6-m\libc_nano.a(lib_a-sbrkr.o)
 .ARM.attributes
                0x00000918       0x2c c:/program files (x86)/atollic/truestudio for stm32 9.3.0/armtools/bin/../lib/gcc/arm-atollic-eabi/6.3.1/../../../../arm-atollic-eabi/lib/armv6-m\libc_nano.a(lib_a-mlock.o)
 .ARM.attributes
                0x00000944       0x2c c:/program files (x86)/atollic/truestudio for stm32 9.3.0/armtools/bin/../lib/gcc/arm-atollic-eabi/6.3.1/../../../../arm-atollic-eabi/lib/armv6-m\libc_nano.a(lib_a-nano-msizer.o)
 .ARM.attributes
                0x00000970       0x2c c:/program files (x86)/atollic/truestudio for stm32 9.3.0/armtools/bin/../lib/gcc/arm-atollic-eabi/6.3.1/../../../../arm-atollic-eabi/lib/armv6-m\libc_nano.a(lib_a-reent.o)
 .ARM.attributes
                0x0000099c       0x1e c:/program files (x86)/atollic/truestudio for stm32 9.3.0/armtools/bin/../lib/gcc/arm-atollic-eabi/6.3.1/armv6-m\libgcc.a(_thumb1_case_sqi.o)
 .ARM.attributes
                0x000009ba       0x1e c:/program files (x86)/atollic/truestudio for stm32 9.3.0/armtools/bin/../lib/gcc/arm-atollic-eabi/6.3.1/armv6-m\libgcc.a(_thumb1_case_uqi.o)
 .ARM.attributes
                0x000009d8       0x1e c:/program files (x86)/atollic/truestudio for stm32 9.3.0/armtools/bin/../lib/gcc/arm-atollic-eabi/6.3.1/armv6-m\libgcc.a(_udivsi3.o)
 .ARM.attributes
                0x000009f6       0x1e c:/program files (x86)/atollic/truestudio for stm32 9.3.0/armtools/bin/../lib/gcc/arm-atollic-eabi/6.3.1/armv6-m\libgcc.a(_dvmd_tls.o)
 .ARM.attributes
                0x00000a14       0x2c c:/program files (x86)/atollic/truestudio for stm32 9.3.0/armtools/bin/../lib/gcc/arm-atollic-eabi/6.3.1/../../../../arm-atollic-eabi/lib/armv6-m\libnosys.a(sbrk.o)
 .ARM.attributes
                0x00000a40       0x1e c:/program files (x86)/atollic/truestudio for stm32 9.3.0/armtools/bin/../lib/gcc/arm-atollic-eabi/6.3.1/armv6-m/crtn.o
OUTPUT(Rtos_Sigfox_ST.elf elf32-littlearm)

.debug_info     0x00000000    0x265e3
 .debug_info    0x00000000     0x1adf Drivers\STM32F0xx_HAL_Driver\Src\stm32f0xx_hal.o
 .debug_info    0x00001adf     0x1c8f Drivers\STM32F0xx_HAL_Driver\Src\stm32f0xx_hal_cortex.o
 .debug_info    0x0000376e     0x1ae0 Drivers\STM32F0xx_HAL_Driver\Src\stm32f0xx_hal_gpio.o
 .debug_info    0x0000524e     0x1957 Drivers\STM32F0xx_HAL_Driver\Src\stm32f0xx_hal_pwr.o
 .debug_info    0x00006ba5     0x1dfc Drivers\STM32F0xx_HAL_Driver\Src\stm32f0xx_hal_rcc.o
 .debug_info    0x000089a1     0x18d2 Drivers\STM32F0xx_HAL_Driver\Src\stm32f0xx_hal_rcc_ex.o
 .debug_info    0x0000a273     0x1edf Drivers\STM32F0xx_HAL_Driver\Src\stm32f0xx_hal_rtc.o
 .debug_info    0x0000c152     0x2810 Drivers\STM32F0xx_HAL_Driver\Src\stm32f0xx_hal_uart.o
 .debug_info    0x0000e962     0x24ef Middlewares\Third_Party\FreeRTOS\Source\CMSIS_RTOS\cmsis_os.o
 .debug_info    0x00010e51      0xac0 Middlewares\Third_Party\FreeRTOS\Source\list.o
 .debug_info    0x00011911      0x2ac Middlewares\Third_Party\FreeRTOS\Source\portable\GCC\ARM_CM0\port.o
 .debug_info    0x00011bbd      0xba8 Middlewares\Third_Party\FreeRTOS\Source\portable\MemMang\heap_4.o
 .debug_info    0x00012765     0x1b27 Middlewares\Third_Party\FreeRTOS\Source\queue.o
 .debug_info    0x0001428c     0x247b Middlewares\Third_Party\FreeRTOS\Source\tasks.o
 .debug_info    0x00016707     0x1df3 Src\Common\Globals.o
 .debug_info    0x000184fa      0x1d2 Src\Drivers_Hd\Debounce.o
 .debug_info    0x000186cc     0x1503 Src\Drivers_Hd\Sigfox.o
 .debug_info    0x00019bcf     0x1939 Src\Hardware_Profile\GPIO_Config.o
 .debug_info    0x0001b508     0x19fc Src\Hardware_Profile\RTC_Config.o
 .debug_info    0x0001cf04     0x1769 Src\Hardware_Profile\Uart.o
 .debug_info    0x0001e66d     0x1877 Src\SystemClock_Config.o
 .debug_info    0x0001fee4     0x1df5 Src\main.o
 .debug_info    0x00021cd9     0x1ad5 Src\stm32f0xx_hal_msp.o
 .debug_info    0x000237ae     0x16a4 Src\stm32f0xx_it.o
 .debug_info    0x00024e52     0x170f Src\system_stm32f0xx.o
 .debug_info    0x00026561       0x82 startup\startup_stm32f070x6.o

.debug_abbrev   0x00000000     0x440b
 .debug_abbrev  0x00000000      0x30b Drivers\STM32F0xx_HAL_Driver\Src\stm32f0xx_hal.o
 .debug_abbrev  0x0000030b      0x355 Drivers\STM32F0xx_HAL_Driver\Src\stm32f0xx_hal_cortex.o
 .debug_abbrev  0x00000660      0x2c2 Drivers\STM32F0xx_HAL_Driver\Src\stm32f0xx_hal_gpio.o
 .debug_abbrev  0x00000922      0x28e Drivers\STM32F0xx_HAL_Driver\Src\stm32f0xx_hal_pwr.o
 .debug_abbrev  0x00000bb0      0x335 Drivers\STM32F0xx_HAL_Driver\Src\stm32f0xx_hal_rcc.o
 .debug_abbrev  0x00000ee5      0x2b3 Drivers\STM32F0xx_HAL_Driver\Src\stm32f0xx_hal_rcc_ex.o
 .debug_abbrev  0x00001198      0x2f3 Drivers\STM32F0xx_HAL_Driver\Src\stm32f0xx_hal_rtc.o
 .debug_abbrev  0x0000148b      0x3c3 Drivers\STM32F0xx_HAL_Driver\Src\stm32f0xx_hal_uart.o
 .debug_abbrev  0x0000184e      0x40f Middlewares\Third_Party\FreeRTOS\Source\CMSIS_RTOS\cmsis_os.o
 .debug_abbrev  0x00001c5d      0x1e3 Middlewares\Third_Party\FreeRTOS\Source\list.o
 .debug_abbrev  0x00001e40      0x194 Middlewares\Third_Party\FreeRTOS\Source\portable\GCC\ARM_CM0\port.o
 .debug_abbrev  0x00001fd4      0x2ce Middlewares\Third_Party\FreeRTOS\Source\portable\MemMang\heap_4.o
 .debug_abbrev  0x000022a2      0x321 Middlewares\Third_Party\FreeRTOS\Source\queue.o
 .debug_abbrev  0x000025c3      0x3bf Middlewares\Third_Party\FreeRTOS\Source\tasks.o
 .debug_abbrev  0x00002982      0x2d4 Src\Common\Globals.o
 .debug_abbrev  0x00002c56       0xd4 Src\Drivers_Hd\Debounce.o
 .debug_abbrev  0x00002d2a      0x39c Src\Drivers_Hd\Sigfox.o
 .debug_abbrev  0x000030c6      0x244 Src\Hardware_Profile\GPIO_Config.o
 .debug_abbrev  0x0000330a      0x2a5 Src\Hardware_Profile\RTC_Config.o
 .debug_abbrev  0x000035af      0x266 Src\Hardware_Profile\Uart.o
 .debug_abbrev  0x00003815      0x24c Src\SystemClock_Config.o
 .debug_abbrev  0x00003a61      0x2c8 Src\main.o
 .debug_abbrev  0x00003d29      0x26d Src\stm32f0xx_hal_msp.o
 .debug_abbrev  0x00003f96      0x236 Src\stm32f0xx_it.o
 .debug_abbrev  0x000041cc      0x22d Src\system_stm32f0xx.o
 .debug_abbrev  0x000043f9       0x12 startup\startup_stm32f070x6.o

.debug_loc      0x00000000     0x78df
 .debug_loc     0x00000000       0x7c Drivers\STM32F0xx_HAL_Driver\Src\stm32f0xx_hal.o
 .debug_loc     0x0000007c      0x3cc Drivers\STM32F0xx_HAL_Driver\Src\stm32f0xx_hal_cortex.o
 .debug_loc     0x00000448      0x307 Drivers\STM32F0xx_HAL_Driver\Src\stm32f0xx_hal_gpio.o
 .debug_loc     0x0000074f       0xc8 Drivers\STM32F0xx_HAL_Driver\Src\stm32f0xx_hal_pwr.o
 .debug_loc     0x00000817      0x4ce Drivers\STM32F0xx_HAL_Driver\Src\stm32f0xx_hal_rcc.o
 .debug_loc     0x00000ce5      0x3a5 Drivers\STM32F0xx_HAL_Driver\Src\stm32f0xx_hal_rcc_ex.o
 .debug_loc     0x0000108a      0x9f8 Drivers\STM32F0xx_HAL_Driver\Src\stm32f0xx_hal_rtc.o
 .debug_loc     0x00001a82     0x144c Drivers\STM32F0xx_HAL_Driver\Src\stm32f0xx_hal_uart.o
 .debug_loc     0x00002ece     0x105d Middlewares\Third_Party\FreeRTOS\Source\CMSIS_RTOS\cmsis_os.o
 .debug_loc     0x00003f2b       0x94 Middlewares\Third_Party\FreeRTOS\Source\list.o
 .debug_loc     0x00003fbf       0xb4 Middlewares\Third_Party\FreeRTOS\Source\portable\GCC\ARM_CM0\port.o
 .debug_loc     0x00004073      0x2de Middlewares\Third_Party\FreeRTOS\Source\portable\MemMang\heap_4.o
 .debug_loc     0x00004351     0x12f3 Middlewares\Third_Party\FreeRTOS\Source\queue.o
 .debug_loc     0x00005644     0x133b Middlewares\Third_Party\FreeRTOS\Source\tasks.o
 .debug_loc     0x0000697f      0x46b Src\Common\Globals.o
 .debug_loc     0x00006dea       0x42 Src\Drivers_Hd\Debounce.o
 .debug_loc     0x00006e2c      0x774 Src\Drivers_Hd\Sigfox.o
 .debug_loc     0x000075a0       0xc4 Src\Hardware_Profile\RTC_Config.o
 .debug_loc     0x00007664       0x3f Src\Hardware_Profile\Uart.o
 .debug_loc     0x000076a3       0x63 Src\main.o
 .debug_loc     0x00007706       0xb3 Src\stm32f0xx_hal_msp.o
 .debug_loc     0x000077b9       0x26 Src\stm32f0xx_it.o
 .debug_loc     0x000077df      0x100 Src\system_stm32f0xx.o

.debug_aranges  0x00000000      0xcb8
 .debug_aranges
                0x00000000       0xb0 Drivers\STM32F0xx_HAL_Driver\Src\stm32f0xx_hal.o
 .debug_aranges
                0x000000b0       0x78 Drivers\STM32F0xx_HAL_Driver\Src\stm32f0xx_hal_cortex.o
 .debug_aranges
                0x00000128       0x58 Drivers\STM32F0xx_HAL_Driver\Src\stm32f0xx_hal_gpio.o
 .debug_aranges
                0x00000180       0x78 Drivers\STM32F0xx_HAL_Driver\Src\stm32f0xx_hal_pwr.o
 .debug_aranges
                0x000001f8       0x80 Drivers\STM32F0xx_HAL_Driver\Src\stm32f0xx_hal_rcc.o
 .debug_aranges
                0x00000278       0x30 Drivers\STM32F0xx_HAL_Driver\Src\stm32f0xx_hal_rcc_ex.o
 .debug_aranges
                0x000002a8       0xa8 Drivers\STM32F0xx_HAL_Driver\Src\stm32f0xx_hal_rtc.o
 .debug_aranges
                0x00000350      0x188 Drivers\STM32F0xx_HAL_Driver\Src\stm32f0xx_hal_uart.o
 .debug_aranges
                0x000004d8      0x198 Middlewares\Third_Party\FreeRTOS\Source\CMSIS_RTOS\cmsis_os.o
 .debug_aranges
                0x00000670       0x40 Middlewares\Third_Party\FreeRTOS\Source\list.o
 .debug_aranges
                0x000006b0       0x88 Middlewares\Third_Party\FreeRTOS\Source\portable\GCC\ARM_CM0\port.o
 .debug_aranges
                0x00000738       0x48 Middlewares\Third_Party\FreeRTOS\Source\portable\MemMang\heap_4.o
 .debug_aranges
                0x00000780       0xc0 Middlewares\Third_Party\FreeRTOS\Source\queue.o
 .debug_aranges
                0x00000840      0x168 Middlewares\Third_Party\FreeRTOS\Source\tasks.o
 .debug_aranges
                0x000009a8       0x68 Src\Common\Globals.o
 .debug_aranges
                0x00000a10       0x28 Src\Drivers_Hd\Debounce.o
 .debug_aranges
                0x00000a38       0xb8 Src\Drivers_Hd\Sigfox.o
 .debug_aranges
                0x00000af0       0x20 Src\Hardware_Profile\GPIO_Config.o
 .debug_aranges
                0x00000b10       0x48 Src\Hardware_Profile\RTC_Config.o
 .debug_aranges
                0x00000b58       0x30 Src\Hardware_Profile\Uart.o
 .debug_aranges
                0x00000b88       0x20 Src\SystemClock_Config.o
 .debug_aranges
                0x00000ba8       0x40 Src\main.o
 .debug_aranges
                0x00000be8       0x40 Src\stm32f0xx_hal_msp.o
 .debug_aranges
                0x00000c28       0x40 Src\stm32f0xx_it.o
 .debug_aranges
                0x00000c68       0x28 Src\system_stm32f0xx.o
 .debug_aranges
                0x00000c90       0x28 startup\startup_stm32f070x6.o

.debug_ranges   0x00000000     0x10b0
 .debug_ranges  0x00000000       0xa0 Drivers\STM32F0xx_HAL_Driver\Src\stm32f0xx_hal.o
 .debug_ranges  0x000000a0      0x120 Drivers\STM32F0xx_HAL_Driver\Src\stm32f0xx_hal_cortex.o
 .debug_ranges  0x000001c0       0x70 Drivers\STM32F0xx_HAL_Driver\Src\stm32f0xx_hal_gpio.o
 .debug_ranges  0x00000230       0x68 Drivers\STM32F0xx_HAL_Driver\Src\stm32f0xx_hal_pwr.o
 .debug_ranges  0x00000298       0xa0 Drivers\STM32F0xx_HAL_Driver\Src\stm32f0xx_hal_rcc.o
 .debug_ranges  0x00000338       0x40 Drivers\STM32F0xx_HAL_Driver\Src\stm32f0xx_hal_rcc_ex.o
 .debug_ranges  0x00000378       0x98 Drivers\STM32F0xx_HAL_Driver\Src\stm32f0xx_hal_rtc.o
 .debug_ranges  0x00000410      0x1f0 Drivers\STM32F0xx_HAL_Driver\Src\stm32f0xx_hal_uart.o
 .debug_ranges  0x00000600      0x188 Middlewares\Third_Party\FreeRTOS\Source\CMSIS_RTOS\cmsis_os.o
 .debug_ranges  0x00000788       0x30 Middlewares\Third_Party\FreeRTOS\Source\list.o
 .debug_ranges  0x000007b8       0x78 Middlewares\Third_Party\FreeRTOS\Source\portable\GCC\ARM_CM0\port.o
 .debug_ranges  0x00000830       0x50 Middlewares\Third_Party\FreeRTOS\Source\portable\MemMang\heap_4.o
 .debug_ranges  0x00000880      0x1c8 Middlewares\Third_Party\FreeRTOS\Source\queue.o
 .debug_ranges  0x00000a48      0x248 Middlewares\Third_Party\FreeRTOS\Source\tasks.o
 .debug_ranges  0x00000c90       0x58 Src\Common\Globals.o
 .debug_ranges  0x00000ce8       0x18 Src\Drivers_Hd\Debounce.o
 .debug_ranges  0x00000d00       0xc0 Src\Drivers_Hd\Sigfox.o
 .debug_ranges  0x00000dc0       0xc0 Src\Hardware_Profile\GPIO_Config.o
 .debug_ranges  0x00000e80       0x50 Src\Hardware_Profile\RTC_Config.o
 .debug_ranges  0x00000ed0       0x20 Src\Hardware_Profile\Uart.o
 .debug_ranges  0x00000ef0       0x10 Src\SystemClock_Config.o
 .debug_ranges  0x00000f00       0x30 Src\main.o
 .debug_ranges  0x00000f30      0x118 Src\stm32f0xx_hal_msp.o
 .debug_ranges  0x00001048       0x30 Src\stm32f0xx_it.o
 .debug_ranges  0x00001078       0x18 Src\system_stm32f0xx.o
 .debug_ranges  0x00001090       0x20 startup\startup_stm32f070x6.o

.debug_line     0x00000000     0x97b4
 .debug_line    0x00000000      0x623 Drivers\STM32F0xx_HAL_Driver\Src\stm32f0xx_hal.o
 .debug_line    0x00000623      0x631 Drivers\STM32F0xx_HAL_Driver\Src\stm32f0xx_hal_cortex.o
 .debug_line    0x00000c54      0x604 Drivers\STM32F0xx_HAL_Driver\Src\stm32f0xx_hal_gpio.o
 .debug_line    0x00001258      0x5a6 Drivers\STM32F0xx_HAL_Driver\Src\stm32f0xx_hal_pwr.o
 .debug_line    0x000017fe      0x804 Drivers\STM32F0xx_HAL_Driver\Src\stm32f0xx_hal_rcc.o
 .debug_line    0x00002002      0x5bd Drivers\STM32F0xx_HAL_Driver\Src\stm32f0xx_hal_rcc_ex.o
 .debug_line    0x000025bf      0x8a0 Drivers\STM32F0xx_HAL_Driver\Src\stm32f0xx_hal_rtc.o
 .debug_line    0x00002e5f      0xf93 Drivers\STM32F0xx_HAL_Driver\Src\stm32f0xx_hal_uart.o
 .debug_line    0x00003df2      0x8d3 Middlewares\Third_Party\FreeRTOS\Source\CMSIS_RTOS\cmsis_os.o
 .debug_line    0x000046c5      0x37d Middlewares\Third_Party\FreeRTOS\Source\list.o
 .debug_line    0x00004a42      0x2f6 Middlewares\Third_Party\FreeRTOS\Source\portable\GCC\ARM_CM0\port.o
 .debug_line    0x00004d38      0x3b6 Middlewares\Third_Party\FreeRTOS\Source\portable\MemMang\heap_4.o
 .debug_line    0x000050ee      0x79d Middlewares\Third_Party\FreeRTOS\Source\queue.o
 .debug_line    0x0000588b      0xbe0 Middlewares\Third_Party\FreeRTOS\Source\tasks.o
 .debug_line    0x0000646b      0x55f Src\Common\Globals.o
 .debug_line    0x000069ca      0x1a9 Src\Drivers_Hd\Debounce.o
 .debug_line    0x00006b73      0x47c Src\Drivers_Hd\Sigfox.o
 .debug_line    0x00006fef      0x4a7 Src\Hardware_Profile\GPIO_Config.o
 .debug_line    0x00007496      0x50f Src\Hardware_Profile\RTC_Config.o
 .debug_line    0x000079a5      0x4b3 Src\Hardware_Profile\Uart.o
 .debug_line    0x00007e58      0x49b Src\SystemClock_Config.o
 .debug_line    0x000082f3      0x58e Src\main.o
 .debug_line    0x00008881      0x52c Src\stm32f0xx_hal_msp.o
 .debug_line    0x00008dad      0x4f0 Src\stm32f0xx_it.o
 .debug_line    0x0000929d      0x484 Src\system_stm32f0xx.o
 .debug_line    0x00009721       0x93 startup\startup_stm32f070x6.o

.debug_str      0x00000000     0x478c
 .debug_str     0x00000000     0x1297 Drivers\STM32F0xx_HAL_Driver\Src\stm32f0xx_hal.o
                               0x13df (size before relaxing)
 .debug_str     0x00001297      0x1d1 Drivers\STM32F0xx_HAL_Driver\Src\stm32f0xx_hal_cortex.o
                               0x13cf (size before relaxing)
 .debug_str     0x00001468      0x1b5 Drivers\STM32F0xx_HAL_Driver\Src\stm32f0xx_hal_gpio.o
                               0x1210 (size before relaxing)
 .debug_str     0x0000161d      0x19f Drivers\STM32F0xx_HAL_Driver\Src\stm32f0xx_hal_pwr.o
                               0x11ce (size before relaxing)
 .debug_str     0x000017bc      0x2db Drivers\STM32F0xx_HAL_Driver\Src\stm32f0xx_hal_rcc.o
                               0x13f9 (size before relaxing)
 .debug_str     0x00001a97      0x158 Drivers\STM32F0xx_HAL_Driver\Src\stm32f0xx_hal_rcc_ex.o
                               0x1203 (size before relaxing)
 .debug_str     0x00001bef      0x23e Drivers\STM32F0xx_HAL_Driver\Src\stm32f0xx_hal_rtc.o
                               0x127c (size before relaxing)
 .debug_str     0x00001e2d      0x641 Drivers\STM32F0xx_HAL_Driver\Src\stm32f0xx_hal_uart.o
                               0x170d (size before relaxing)
 .debug_str     0x0000246e      0xafd Middlewares\Third_Party\FreeRTOS\Source\CMSIS_RTOS\cmsis_os.o
                               0x11f3 (size before relaxing)
 .debug_str     0x00002f6b      0x14f Middlewares\Third_Party\FreeRTOS\Source\list.o
                                0x73a (size before relaxing)
 .debug_str     0x000030ba      0x144 Middlewares\Third_Party\FreeRTOS\Source\portable\GCC\ARM_CM0\port.o
                                0x391 (size before relaxing)
 .debug_str     0x000031fe      0x1e8 Middlewares\Third_Party\FreeRTOS\Source\portable\MemMang\heap_4.o
                                0x804 (size before relaxing)
 .debug_str     0x000033e6      0x466 Middlewares\Third_Party\FreeRTOS\Source\queue.o
                                0xcf1 (size before relaxing)
 .debug_str     0x0000384c      0x6f8 Middlewares\Third_Party\FreeRTOS\Source\tasks.o
                               0x1208 (size before relaxing)
 .debug_str     0x00003f44      0x2cd Src\Common\Globals.o
                               0x13a6 (size before relaxing)
 .debug_str     0x00004211       0xa6 Src\Drivers_Hd\Debounce.o
                                0x288 (size before relaxing)
 .debug_str     0x000042b7      0x24b Src\Drivers_Hd\Sigfox.o
                                0xa36 (size before relaxing)
 .debug_str     0x00004502       0x43 Src\Hardware_Profile\GPIO_Config.o
                               0x10e3 (size before relaxing)
 .debug_str     0x00004545       0x89 Src\Hardware_Profile\RTC_Config.o
                               0x11b3 (size before relaxing)
 .debug_str     0x000045ce       0x47 Src\Hardware_Profile\Uart.o
                               0x10dc (size before relaxing)
 .debug_str     0x00004615       0x2f Src\SystemClock_Config.o
                               0x11f7 (size before relaxing)
 .debug_str     0x00004644       0x8d Src\main.o
                               0x13dc (size before relaxing)
 .debug_str     0x000046d1       0x1b Src\stm32f0xx_hal_msp.o
                               0x12a2 (size before relaxing)
 .debug_str     0x000046ec       0x65 Src\stm32f0xx_it.o
                               0x106b (size before relaxing)
 .debug_str     0x00004751       0x3b Src\system_stm32f0xx.o
                               0x1058 (size before relaxing)

.comment        0x00000000       0x7c
 .comment       0x00000000       0x7c Drivers\STM32F0xx_HAL_Driver\Src\stm32f0xx_hal.o
                                 0x7d (size before relaxing)
 .comment       0x0000007c       0x7d Drivers\STM32F0xx_HAL_Driver\Src\stm32f0xx_hal_cortex.o
 .comment       0x0000007c       0x7d Drivers\STM32F0xx_HAL_Driver\Src\stm32f0xx_hal_gpio.o
 .comment       0x0000007c       0x7d Drivers\STM32F0xx_HAL_Driver\Src\stm32f0xx_hal_pwr.o
 .comment       0x0000007c       0x7d Drivers\STM32F0xx_HAL_Driver\Src\stm32f0xx_hal_rcc.o
 .comment       0x0000007c       0x7d Drivers\STM32F0xx_HAL_Driver\Src\stm32f0xx_hal_rcc_ex.o
 .comment       0x0000007c       0x7d Drivers\STM32F0xx_HAL_Driver\Src\stm32f0xx_hal_rtc.o
 .comment       0x0000007c       0x7d Drivers\STM32F0xx_HAL_Driver\Src\stm32f0xx_hal_uart.o
 .comment       0x0000007c       0x7d Middlewares\Third_Party\FreeRTOS\Source\CMSIS_RTOS\cmsis_os.o
 .comment       0x0000007c       0x7d Middlewares\Third_Party\FreeRTOS\Source\list.o
 .comment       0x0000007c       0x7d Middlewares\Third_Party\FreeRTOS\Source\portable\GCC\ARM_CM0\port.o
 .comment       0x0000007c       0x7d Middlewares\Third_Party\FreeRTOS\Source\portable\MemMang\heap_4.o
 .comment       0x0000007c       0x7d Middlewares\Third_Party\FreeRTOS\Source\queue.o
 .comment       0x0000007c       0x7d Middlewares\Third_Party\FreeRTOS\Source\tasks.o
 .comment       0x0000007c       0x7d Src\Common\Globals.o
 .comment       0x0000007c       0x7d Src\Drivers_Hd\Debounce.o
 .comment       0x0000007c       0x7d Src\Drivers_Hd\Sigfox.o
 .comment       0x0000007c       0x7d Src\Hardware_Profile\GPIO_Config.o
 .comment       0x0000007c       0x7d Src\Hardware_Profile\RTC_Config.o
 .comment       0x0000007c       0x7d Src\Hardware_Profile\Uart.o
 .comment       0x0000007c       0x7d Src\SystemClock_Config.o
 .comment       0x0000007c       0x7d Src\main.o
 .comment       0x0000007c       0x7d Src\stm32f0xx_hal_msp.o
 .comment       0x0000007c       0x7d Src\stm32f0xx_it.o
 .comment       0x0000007c       0x7d Src\system_stm32f0xx.o

.debug_frame    0x00000000     0x26b8
 .debug_frame   0x00000000      0x178 Drivers\STM32F0xx_HAL_Driver\Src\stm32f0xx_hal.o
 .debug_frame   0x00000178       0xe4 Drivers\STM32F0xx_HAL_Driver\Src\stm32f0xx_hal_cortex.o
 .debug_frame   0x0000025c       0xc0 Drivers\STM32F0xx_HAL_Driver\Src\stm32f0xx_hal_gpio.o
 .debug_frame   0x0000031c       0xd8 Drivers\STM32F0xx_HAL_Driver\Src\stm32f0xx_hal_pwr.o
 .debug_frame   0x000003f4      0x130 Drivers\STM32F0xx_HAL_Driver\Src\stm32f0xx_hal_rcc.o
 .debug_frame   0x00000524       0x5c Drivers\STM32F0xx_HAL_Driver\Src\stm32f0xx_hal_rcc_ex.o
 .debug_frame   0x00000580      0x224 Drivers\STM32F0xx_HAL_Driver\Src\stm32f0xx_hal_rtc.o
 .debug_frame   0x000007a4      0x528 Drivers\STM32F0xx_HAL_Driver\Src\stm32f0xx_hal_uart.o
 .debug_frame   0x00000ccc      0x540 Middlewares\Third_Party\FreeRTOS\Source\CMSIS_RTOS\cmsis_os.o
 .debug_frame   0x0000120c       0x6c Middlewares\Third_Party\FreeRTOS\Source\list.o
 .debug_frame   0x00001278      0x110 Middlewares\Third_Party\FreeRTOS\Source\portable\GCC\ARM_CM0\port.o
 .debug_frame   0x00001388       0x90 Middlewares\Third_Party\FreeRTOS\Source\portable\MemMang\heap_4.o
 .debug_frame   0x00001418      0x238 Middlewares\Third_Party\FreeRTOS\Source\queue.o
 .debug_frame   0x00001650      0x454 Middlewares\Third_Party\FreeRTOS\Source\tasks.o
 .debug_frame   0x00001aa4      0x118 Src\Common\Globals.o
 .debug_frame   0x00001bbc       0x30 Src\Drivers_Hd\Debounce.o
 .debug_frame   0x00001bec      0x21c Src\Drivers_Hd\Sigfox.o
 .debug_frame   0x00001e08       0x30 Src\Hardware_Profile\GPIO_Config.o
 .debug_frame   0x00001e38       0xa8 Src\Hardware_Profile\RTC_Config.o
 .debug_frame   0x00001ee0       0x5c Src\Hardware_Profile\Uart.o
 .debug_frame   0x00001f3c       0x2c Src\SystemClock_Config.o
 .debug_frame   0x00001f68       0xa0 Src\main.o
 .debug_frame   0x00002008       0x90 Src\stm32f0xx_hal_msp.o
 .debug_frame   0x00002098       0x78 Src\stm32f0xx_it.o
 .debug_frame   0x00002110       0x3c Src\system_stm32f0xx.o
 .debug_frame   0x0000214c       0x2c c:/program files (x86)/atollic/truestudio for stm32 9.3.0/armtools/bin/../lib/gcc/arm-atollic-eabi/6.3.1/../../../../arm-atollic-eabi/lib/armv6-m\libc_nano.a(lib_a-init.o)
 .debug_frame   0x00002178       0x28 c:/program files (x86)/atollic/truestudio for stm32 9.3.0/armtools/bin/../lib/gcc/arm-atollic-eabi/6.3.1/../../../../arm-atollic-eabi/lib/armv6-m\libc_nano.a(lib_a-memcpy-stub.o)
 .debug_frame   0x000021a0       0x20 c:/program files (x86)/atollic/truestudio for stm32 9.3.0/armtools/bin/../lib/gcc/arm-atollic-eabi/6.3.1/../../../../arm-atollic-eabi/lib/armv6-m\libc_nano.a(lib_a-memset.o)
 .debug_frame   0x000021c0       0x50 c:/program files (x86)/atollic/truestudio for stm32 9.3.0/armtools/bin/../lib/gcc/arm-atollic-eabi/6.3.1/../../../../arm-atollic-eabi/lib/armv6-m\libc_nano.a(lib_a-sprintf.o)
 .debug_frame   0x00002210       0x20 c:/program files (x86)/atollic/truestudio for stm32 9.3.0/armtools/bin/../lib/gcc/arm-atollic-eabi/6.3.1/../../../../arm-atollic-eabi/lib/armv6-m\libc_nano.a(lib_a-strchr.o)
 .debug_frame   0x00002230       0x20 c:/program files (x86)/atollic/truestudio for stm32 9.3.0/armtools/bin/../lib/gcc/arm-atollic-eabi/6.3.1/../../../../arm-atollic-eabi/lib/armv6-m\libc_nano.a(lib_a-strcpy.o)
 .debug_frame   0x00002250       0x2c c:/program files (x86)/atollic/truestudio for stm32 9.3.0/armtools/bin/../lib/gcc/arm-atollic-eabi/6.3.1/../../../../arm-atollic-eabi/lib/armv6-m\libc_nano.a(lib_a-strncpy.o)
 .debug_frame   0x0000227c       0x28 c:/program files (x86)/atollic/truestudio for stm32 9.3.0/armtools/bin/../lib/gcc/arm-atollic-eabi/6.3.1/../../../../arm-atollic-eabi/lib/armv6-m\libc_nano.a(lib_a-strstr.o)
 .debug_frame   0x000022a4       0x88 c:/program files (x86)/atollic/truestudio for stm32 9.3.0/armtools/bin/../lib/gcc/arm-atollic-eabi/6.3.1/../../../../arm-atollic-eabi/lib/armv6-m\libc_nano.a(lib_a-strtol.o)
 .debug_frame   0x0000232c       0x74 c:/program files (x86)/atollic/truestudio for stm32 9.3.0/armtools/bin/../lib/gcc/arm-atollic-eabi/6.3.1/../../../../arm-atollic-eabi/lib/armv6-m\libc_nano.a(lib_a-locale.o)
 .debug_frame   0x000023a0       0x44 c:/program files (x86)/atollic/truestudio for stm32 9.3.0/armtools/bin/../lib/gcc/arm-atollic-eabi/6.3.1/../../../../arm-atollic-eabi/lib/armv6-m\libc_nano.a(lib_a-mbtowc_r.o)
 .debug_frame   0x000023e4       0x74 c:/program files (x86)/atollic/truestudio for stm32 9.3.0/armtools/bin/../lib/gcc/arm-atollic-eabi/6.3.1/../../../../arm-atollic-eabi/lib/armv6-m\libc_nano.a(lib_a-nano-svfprintf.o)
 .debug_frame   0x00002458       0x54 c:/program files (x86)/atollic/truestudio for stm32 9.3.0/armtools/bin/../lib/gcc/arm-atollic-eabi/6.3.1/../../../../arm-atollic-eabi/lib/armv6-m\libc_nano.a(lib_a-nano-vfprintf_i.o)
 .debug_frame   0x000024ac       0x38 c:/program files (x86)/atollic/truestudio for stm32 9.3.0/armtools/bin/../lib/gcc/arm-atollic-eabi/6.3.1/../../../../arm-atollic-eabi/lib/armv6-m\libc_nano.a(lib_a-wctomb_r.o)
 .debug_frame   0x000024e4       0x20 c:/program files (x86)/atollic/truestudio for stm32 9.3.0/armtools/bin/../lib/gcc/arm-atollic-eabi/6.3.1/../../../../arm-atollic-eabi/lib/armv6-m\libc_nano.a(lib_a-memchr-stub.o)
 .debug_frame   0x00002504       0x28 c:/program files (x86)/atollic/truestudio for stm32 9.3.0/armtools/bin/../lib/gcc/arm-atollic-eabi/6.3.1/../../../../arm-atollic-eabi/lib/armv6-m\libc_nano.a(lib_a-memmove.o)
 .debug_frame   0x0000252c       0x2c c:/program files (x86)/atollic/truestudio for stm32 9.3.0/armtools/bin/../lib/gcc/arm-atollic-eabi/6.3.1/../../../../arm-atollic-eabi/lib/armv6-m\libc_nano.a(lib_a-nano-freer.o)
 .debug_frame   0x00002558       0x2c c:/program files (x86)/atollic/truestudio for stm32 9.3.0/armtools/bin/../lib/gcc/arm-atollic-eabi/6.3.1/../../../../arm-atollic-eabi/lib/armv6-m\libc_nano.a(lib_a-nano-mallocr.o)
 .debug_frame   0x00002584       0x30 c:/program files (x86)/atollic/truestudio for stm32 9.3.0/armtools/bin/../lib/gcc/arm-atollic-eabi/6.3.1/../../../../arm-atollic-eabi/lib/armv6-m\libc_nano.a(lib_a-nano-reallocr.o)
 .debug_frame   0x000025b4       0x2c c:/program files (x86)/atollic/truestudio for stm32 9.3.0/armtools/bin/../lib/gcc/arm-atollic-eabi/6.3.1/../../../../arm-atollic-eabi/lib/armv6-m\libc_nano.a(lib_a-sbrkr.o)
 .debug_frame   0x000025e0       0x30 c:/program files (x86)/atollic/truestudio for stm32 9.3.0/armtools/bin/../lib/gcc/arm-atollic-eabi/6.3.1/../../../../arm-atollic-eabi/lib/armv6-m\libc_nano.a(lib_a-mlock.o)
 .debug_frame   0x00002610       0x20 c:/program files (x86)/atollic/truestudio for stm32 9.3.0/armtools/bin/../lib/gcc/arm-atollic-eabi/6.3.1/../../../../arm-atollic-eabi/lib/armv6-m\libc_nano.a(lib_a-nano-msizer.o)
 .debug_frame   0x00002630       0x48 c:/program files (x86)/atollic/truestudio for stm32 9.3.0/armtools/bin/../lib/gcc/arm-atollic-eabi/6.3.1/../../../../arm-atollic-eabi/lib/armv6-m\libc_nano.a(lib_a-reent.o)
 .debug_frame   0x00002678       0x20 c:/program files (x86)/atollic/truestudio for stm32 9.3.0/armtools/bin/../lib/gcc/arm-atollic-eabi/6.3.1/armv6-m\libgcc.a(_udivsi3.o)
 .debug_frame   0x00002698       0x20 c:/program files (x86)/atollic/truestudio for stm32 9.3.0/armtools/bin/../lib/gcc/arm-atollic-eabi/6.3.1/../../../../arm-atollic-eabi/lib/armv6-m\libnosys.a(sbrk.o)
