Archive member included to satisfy reference by file (symbol)

c:/program files (x86)/atollic/truestudio for stm32 9.1.0/armtools/bin/../lib/gcc/arm-atollic-eabi/6.3.1/../../../../arm-atollic-eabi/lib/armv6-m\libc_nano.a(lib_a-init.o)
                              startup\startup_stm32f070x6.o (__libc_init_array)
c:/program files (x86)/atollic/truestudio for stm32 9.1.0/armtools/bin/../lib/gcc/arm-atollic-eabi/6.3.1/../../../../arm-atollic-eabi/lib/armv6-m\libc_nano.a(lib_a-locale.o)
                              Src\Kernel\QuarkTS.o (__locale_ctype_ptr)
c:/program files (x86)/atollic/truestudio for stm32 9.1.0/armtools/bin/../lib/gcc/arm-atollic-eabi/6.3.1/../../../../arm-atollic-eabi/lib/armv6-m\libc_nano.a(lib_a-mbtowc_r.o)
                              c:/program files (x86)/atollic/truestudio for stm32 9.1.0/armtools/bin/../lib/gcc/arm-atollic-eabi/6.3.1/../../../../arm-atollic-eabi/lib/armv6-m\libc_nano.a(lib_a-locale.o) (__ascii_mbtowc)
c:/program files (x86)/atollic/truestudio for stm32 9.1.0/armtools/bin/../lib/gcc/arm-atollic-eabi/6.3.1/../../../../arm-atollic-eabi/lib/armv6-m\libc_nano.a(lib_a-memcpy-stub.o)
                              Drivers\STM32F0xx_HAL_Driver\Src\stm32f0xx_hal_rcc.o (memcpy)
c:/program files (x86)/atollic/truestudio for stm32 9.1.0/armtools/bin/../lib/gcc/arm-atollic-eabi/6.3.1/../../../../arm-atollic-eabi/lib/armv6-m\libc_nano.a(lib_a-memset.o)
                              Middlewares\Third_Party\FreeRTOS\Source\CMSIS_RTOS\cmsis_os.o (memset)
c:/program files (x86)/atollic/truestudio for stm32 9.1.0/armtools/bin/../lib/gcc/arm-atollic-eabi/6.3.1/../../../../arm-atollic-eabi/lib/armv6-m\libc_nano.a(lib_a-sprintf.o)
                              Src\Drivers_Hd\Sigfox.o (sprintf)
c:/program files (x86)/atollic/truestudio for stm32 9.1.0/armtools/bin/../lib/gcc/arm-atollic-eabi/6.3.1/../../../../arm-atollic-eabi/lib/armv6-m\libc_nano.a(lib_a-strchr.o)
                              Src\Drivers_Hd\Sigfox.o (strchr)
c:/program files (x86)/atollic/truestudio for stm32 9.1.0/armtools/bin/../lib/gcc/arm-atollic-eabi/6.3.1/../../../../arm-atollic-eabi/lib/armv6-m\libc_nano.a(lib_a-strcmp.o)
                              c:/program files (x86)/atollic/truestudio for stm32 9.1.0/armtools/bin/../lib/gcc/arm-atollic-eabi/6.3.1/../../../../arm-atollic-eabi/lib/armv6-m\libc_nano.a(lib_a-locale.o) (strcmp)
c:/program files (x86)/atollic/truestudio for stm32 9.1.0/armtools/bin/../lib/gcc/arm-atollic-eabi/6.3.1/../../../../arm-atollic-eabi/lib/armv6-m\libc_nano.a(lib_a-strcpy.o)
                              Src\Drivers_Hd\Sigfox.o (strcpy)
c:/program files (x86)/atollic/truestudio for stm32 9.1.0/armtools/bin/../lib/gcc/arm-atollic-eabi/6.3.1/../../../../arm-atollic-eabi/lib/armv6-m\libc_nano.a(lib_a-strlen.o)
                              Src\Common\Globals.o (strlen)
c:/program files (x86)/atollic/truestudio for stm32 9.1.0/armtools/bin/../lib/gcc/arm-atollic-eabi/6.3.1/../../../../arm-atollic-eabi/lib/armv6-m\libc_nano.a(lib_a-strncpy.o)
                              Src\Drivers_Hd\Sigfox.o (strncpy)
c:/program files (x86)/atollic/truestudio for stm32 9.1.0/armtools/bin/../lib/gcc/arm-atollic-eabi/6.3.1/../../../../arm-atollic-eabi/lib/armv6-m\libc_nano.a(lib_a-strstr.o)
                              Src\Drivers_Hd\Sigfox.o (strstr)
c:/program files (x86)/atollic/truestudio for stm32 9.1.0/armtools/bin/../lib/gcc/arm-atollic-eabi/6.3.1/../../../../arm-atollic-eabi/lib/armv6-m\libc_nano.a(lib_a-strtol.o)
                              Src\Drivers_Hd\Sigfox.o (strtol)
c:/program files (x86)/atollic/truestudio for stm32 9.1.0/armtools/bin/../lib/gcc/arm-atollic-eabi/6.3.1/../../../../arm-atollic-eabi/lib/armv6-m\libc_nano.a(lib_a-wctomb_r.o)
                              c:/program files (x86)/atollic/truestudio for stm32 9.1.0/armtools/bin/../lib/gcc/arm-atollic-eabi/6.3.1/../../../../arm-atollic-eabi/lib/armv6-m\libc_nano.a(lib_a-locale.o) (__ascii_wctomb)
c:/program files (x86)/atollic/truestudio for stm32 9.1.0/armtools/bin/../lib/gcc/arm-atollic-eabi/6.3.1/../../../../arm-atollic-eabi/lib/armv6-m\libc_nano.a(lib_a-ctype_.o)
                              c:/program files (x86)/atollic/truestudio for stm32 9.1.0/armtools/bin/../lib/gcc/arm-atollic-eabi/6.3.1/../../../../arm-atollic-eabi/lib/armv6-m\libc_nano.a(lib_a-locale.o) (_ctype_)
c:/program files (x86)/atollic/truestudio for stm32 9.1.0/armtools/bin/../lib/gcc/arm-atollic-eabi/6.3.1/../../../../arm-atollic-eabi/lib/armv6-m\libc_nano.a(lib_a-impure.o)
                              c:/program files (x86)/atollic/truestudio for stm32 9.1.0/armtools/bin/../lib/gcc/arm-atollic-eabi/6.3.1/../../../../arm-atollic-eabi/lib/armv6-m\libc_nano.a(lib_a-locale.o) (_impure_ptr)
c:/program files (x86)/atollic/truestudio for stm32 9.1.0/armtools/bin/../lib/gcc/arm-atollic-eabi/6.3.1/../../../../arm-atollic-eabi/lib/armv6-m\libc_nano.a(lib_a-nano-svfprintf.o)
[...]
Memory Configuration

Name             Origin             Length             Attributes
RAM              0x20000000         0x00001800         xrw
FLASH            0x08000000         0x00008000         xr
*default*        0x00000000         0xffffffff

Linker script and memory map

LOAD c:/program files (x86)/atollic/truestudio for stm32 9.1.0/armtools/bin/../lib/gcc/arm-atollic-eabi/6.3.1/armv6-m/crti.o
LOAD c:/program files (x86)/atollic/truestudio for stm32 9.1.0/armtools/bin/../lib/gcc/arm-atollic-eabi/6.3.1/armv6-m/crtbegin.o
LOAD Drivers\STM32F0xx_HAL_Driver\Src\stm32f0xx_hal.o
LOAD Drivers\STM32F0xx_HAL_Driver\Src\stm32f0xx_hal_cortex.o
LOAD Drivers\STM32F0xx_HAL_Driver\Src\stm32f0xx_hal_dma.o
LOAD Drivers\STM32F0xx_HAL_Driver\Src\stm32f0xx_hal_flash.o
LOAD Drivers\STM32F0xx_HAL_Driver\Src\stm32f0xx_hal_flash_ex.o
LOAD Drivers\STM32F0xx_HAL_Driver\Src\stm32f0xx_hal_gpio.o
LOAD Drivers\STM32F0xx_HAL_Driver\Src\stm32f0xx_hal_i2c.o
LOAD Drivers\STM32F0xx_HAL_Driver\Src\stm32f0xx_hal_i2c_ex.o
LOAD Drivers\STM32F0xx_HAL_Driver\Src\stm32f0xx_hal_pwr.o
LOAD Drivers\STM32F0xx_HAL_Driver\Src\stm32f0xx_hal_pwr_ex.o
LOAD Drivers\STM32F0xx_HAL_Driver\Src\stm32f0xx_hal_rcc.o
LOAD Drivers\STM32F0xx_HAL_Driver\Src\stm32f0xx_hal_rcc_ex.o
LOAD Drivers\STM32F0xx_HAL_Driver\Src\stm32f0xx_hal_rtc.o
LOAD Drivers\STM32F0xx_HAL_Driver\Src\stm32f0xx_hal_rtc_ex.o
LOAD Drivers\STM32F0xx_HAL_Driver\Src\stm32f0xx_hal_tim.o
LOAD Drivers\STM32F0xx_HAL_Driver\Src\stm32f0xx_hal_tim_ex.o
LOAD Drivers\STM32F0xx_HAL_Driver\Src\stm32f0xx_hal_uart.o
LOAD Drivers\STM32F0xx_HAL_Driver\Src\stm32f0xx_hal_uart_ex.o
LOAD Middlewares\Third_Party\FreeRTOS\Source\CMSIS_RTOS\cmsis_os.o
LOAD Middlewares\Third_Party\FreeRTOS\Source\croutine.o
LOAD Middlewares\Third_Party\FreeRTOS\Source\event_groups.o
LOAD Middlewares\Third_Party\FreeRTOS\Source\list.o
LOAD Middlewares\Third_Party\FreeRTOS\Source\portable\GCC\ARM_CM0\port.o
LOAD Middlewares\Third_Party\FreeRTOS\Source\portable\MemMang\heap_4.o
LOAD Middlewares\Third_Party\FreeRTOS\Source\queue.o
LOAD Middlewares\Third_Party\FreeRTOS\Source\tasks.o
LOAD Middlewares\Third_Party\FreeRTOS\Source\timers.o
LOAD Src\Common\Event.o
LOAD Src\Common\Globals.o
LOAD Src\Drivers_Hd\Debounce.o
LOAD Src\Drivers_Hd\Sigfox.o
LOAD Src\Hardware_Profile\GPIO_Config.o
LOAD Src\Hardware_Profile\RTC_Config.o
LOAD Src\Hardware_Profile\Uart.o
LOAD Src\Kernel\QuarkTS.o
LOAD Src\State\State.o
LOAD Src\SystemClock_Config.o
LOAD Src\Task\Task.o
LOAD Src\freertos.o
LOAD Src\main.o
LOAD Src\stm32f0xx_hal_msp.o
LOAD Src\stm32f0xx_it.o
LOAD Src\system_stm32f0xx.o
LOAD startup\startup_stm32f070x6.o
                0x00000080                malloc_getpagesize_P = 0x80
START GROUP
LOAD c:/program files (x86)/atollic/truestudio for stm32 9.1.0/armtools/bin/../lib/gcc/arm-atollic-eabi/6.3.1/../../../../arm-atollic-eabi/lib/armv6-m\libc_nano.a
LOAD c:/program files (x86)/atollic/truestudio for stm32 9.1.0/armtools/bin/../lib/gcc/arm-atollic-eabi/6.3.1/../../../../arm-atollic-eabi/lib/armv6-m\libm.a
END GROUP
START GROUP
LOAD c:/program files (x86)/atollic/truestudio for stm32 9.1.0/armtools/bin/../lib/gcc/arm-atollic-eabi/6.3.1/armv6-m\libgcc.a
LOAD c:/program files (x86)/atollic/truestudio for stm32 9.1.0/armtools/bin/../lib/gcc/arm-atollic-eabi/6.3.1/../../../../arm-atollic-eabi/lib/armv6-m\libc_nano.a
END GROUP
START GROUP
LOAD c:/program files (x86)/atollic/truestudio for stm32 9.1.0/armtools/bin/../lib/gcc/arm-atollic-eabi/6.3.1/armv6-m\libgcc.a
LOAD c:/program files (x86)/atollic/truestudio for stm32 9.1.0/armtools/bin/../lib/gcc/arm-atollic-eabi/6.3.1/../../../../arm-atollic-eabi/lib/armv6-m\libc_nano.a
LOAD c:/program files (x86)/atollic/truestudio for stm32 9.1.0/armtools/bin/../lib/gcc/arm-atollic-eabi/6.3.1/../../../../arm-atollic-eabi/lib/armv6-m\libnosys.a
END GROUP
START GROUP
LOAD c:/program files (x86)/atollic/truestudio for stm32 9.1.0/armtools/bin/../lib/gcc/arm-atollic-eabi/6.3.1/armv6-m\libgcc.a
LOAD c:/program files (x86)/atollic/truestudio for stm32 9.1.0/armtools/bin/../lib/gcc/arm-atollic-eabi/6.3.1/../../../../arm-atollic-eabi/lib/armv6-m\libc_nano.a
LOAD c:/program files (x86)/atollic/truestudio for stm32 9.1.0/armtools/bin/../lib/gcc/arm-atollic-eabi/6.3.1/../../../../arm-atollic-eabi/lib/armv6-m\libnosys.a
END GROUP
LOAD c:/program files (x86)/atollic/truestudio for stm32 9.1.0/armtools/bin/../lib/gcc/arm-atollic-eabi/6.3.1/armv6-m/crtend.o
LOAD c:/program files (x86)/atollic/truestudio for stm32 9.1.0/armtools/bin/../lib/gcc/arm-atollic-eabi/6.3.1/armv6-m/crtn.o
                0x20001800                _estack = 0x20001800
                0x00000200                _Min_Heap_Size = 0x200
                0x00000400                _Min_Stack_Size = 0x400

.isr_vector     0x08000000       0xc0
                0x08000000                . = ALIGN (0x4)
 *(.isr_vector)
 .isr_vector    0x08000000       0xc0 startup\startup_stm32f070x6.o
                0x08000000                g_pfnVectors
                0x080000c0                . = ALIGN (0x4)

.text           0x080000c0     0x3078
                0x080000c0                . = ALIGN (0x4)
 *(.text)
 .text          0x080000c0       0x48 c:/program files (x86)/atollic/truestudio for stm32 9.1.0/armtools/bin/../lib/gcc/arm-atollic-eabi/6.3.1/armv6-m/crtbegin.o
 .text          0x08000108        0xe c:/program files (x86)/atollic/truestudio for stm32 9.1.0/armtools/bin/../lib/gcc/arm-atollic-eabi/6.3.1/../../../../arm-atollic-eabi/lib/armv6-m\libc_nano.a(lib_a-strlen.o)
                0x08000108                strlen
 *fill*         0x08000116        0x2 
 .text          0x08000118       0x14 c:/program files (x86)/atollic/truestudio for stm32 9.1.0/armtools/bin/../lib/gcc/arm-atollic-eabi/6.3.1/armv6-m\libgcc.a(_thumb1_case_sqi.o)
                0x08000118                __gnu_thumb1_case_sqi
 .text          0x0800012c       0x14 c:/program files (x86)/atollic/truestudio for stm32 9.1.0/armtools/bin/../lib/gcc/arm-atollic-eabi/6.3.1/armv6-m\libgcc.a(_thumb1_case_uqi.o)
                0x0800012c                __gnu_thumb1_case_uqi
 .text          0x08000140      0x114 c:/program files (x86)/atollic/truestudio for stm32 9.1.0/armtools/bin/../lib/gcc/arm-atollic-eabi/6.3.1/armv6-m\libgcc.a(_udivsi3.o)
                0x08000140                __aeabi_uidiv
                0x08000140                __udivsi3
                0x0800024c                __aeabi_uidivmod
 .text          0x08000254        0x4 c:/program files (x86)/atollic/truestudio for stm32 9.1.0/armtools/bin/../lib/gcc/arm-atollic-eabi/6.3.1/armv6-m\libgcc.a(_dvmd_tls.o)
                0x08000254                __aeabi_idiv0
                0x08000254                __aeabi_ldiv0
 *(.text*)
 .text.HAL_InitTick
                0x08000258       0x24 Drivers\STM32F0xx_HAL_Driver\Src\stm32f0xx_hal.o
                0x08000258                HAL_InitTick
 .text.HAL_Init
                0x0800027c       0x20 Drivers\STM32F0xx_HAL_Driver\Src\stm32f0xx_hal.o
                0x0800027c                HAL_Init
 .text.HAL_IncTick
                0x0800029c       0x10 Drivers\STM32F0xx_HAL_Driver\Src\stm32f0xx_hal.o
                0x0800029c                HAL_IncTick
 .text.HAL_GetTick
                0x080002ac        0xc Drivers\STM32F0xx_HAL_Driver\Src\stm32f0xx_hal.o
                0x080002ac                HAL_GetTick
 .text.HAL_Delay
                0x080002b8       0x20 Drivers\STM32F0xx_HAL_Driver\Src\stm32f0xx_hal.o
                0x080002b8                HAL_Delay
 .text.HAL_NVIC_SetPriority
                0x080002d8       0x60 Drivers\STM32F0xx_HAL_Driver\Src\stm32f0xx_hal_cortex.o
                0x080002d8                HAL_NVIC_SetPriority
 .text.HAL_NVIC_EnableIRQ
                0x08000338       0x14 Drivers\STM32F0xx_HAL_Driver\Src\stm32f0xx_hal_cortex.o
                0x08000338                HAL_NVIC_EnableIRQ
 .text.HAL_SYSTICK_Config
                0x0800034c       0x34 Drivers\STM32F0xx_HAL_Driver\Src\stm32f0xx_hal_cortex.o
                0x0800034c                HAL_SYSTICK_Config
 .text.HAL_SYSTICK_IRQHandler
                0x08000380        0x8 Drivers\STM32F0xx_HAL_Driver\Src\stm32f0xx_hal_cortex.o
                0x08000380                HAL_SYSTICK_IRQHandler
 .text.HAL_DMA_Init
                0x08000388       0x6c Drivers\STM32F0xx_HAL_Driver\Src\stm32f0xx_hal_dma.o
                0x08000388                HAL_DMA_Init
 .text.HAL_DMA_Abort_IT
                0x080003f4       0x46 Drivers\STM32F0xx_HAL_Driver\Src\stm32f0xx_hal_dma.o
                0x080003f4                HAL_DMA_Abort_IT
 *fill*         0x0800043a        0x2 
 .text.HAL_GPIO_Init
                0x0800043c      0x160 Drivers\STM32F0xx_HAL_Driver\Src\stm32f0xx_hal_gpio.o
                0x0800043c                HAL_GPIO_Init
 .text.HAL_GPIO_ReadPin
                0x0800059c        0xc Drivers\STM32F0xx_HAL_Driver\Src\stm32f0xx_hal_gpio.o
                0x0800059c                HAL_GPIO_ReadPin
 .text.HAL_GPIO_WritePin
                0x080005a8        0xc Drivers\STM32F0xx_HAL_Driver\Src\stm32f0xx_hal_gpio.o
                0x080005a8                HAL_GPIO_WritePin
 .text.HAL_PWR_EnableWakeUpPin
                0x080005b4       0x10 Drivers\STM32F0xx_HAL_Driver\Src\stm32f0xx_hal_pwr.o
                0x080005b4                HAL_PWR_EnableWakeUpPin
 .text.HAL_RCC_OscConfig
                0x080005c4      0x3d8 Drivers\STM32F0xx_HAL_Driver\Src\stm32f0xx_hal_rcc.o
                0x080005c4                HAL_RCC_OscConfig
 .text.HAL_RCC_GetSysClockFreq
                0x0800099c       0x58 Drivers\STM32F0xx_HAL_Driver\Src\stm32f0xx_hal_rcc.o
                0x0800099c                HAL_RCC_GetSysClockFreq
 .text.HAL_RCC_ClockConfig
                0x080009f4      0x12c Drivers\STM32F0xx_HAL_Driver\Src\stm32f0xx_hal_rcc.o
                0x080009f4                HAL_RCC_ClockConfig
 .text.HAL_RCC_GetHCLKFreq
                0x08000b20        0xc Drivers\STM32F0xx_HAL_Driver\Src\stm32f0xx_hal_rcc.o
                0x08000b20                HAL_RCC_GetHCLKFreq
 .text.HAL_RCC_GetPCLK1Freq
                0x08000b2c       0x20 Drivers\STM32F0xx_HAL_Driver\Src\stm32f0xx_hal_rcc.o
                0x08000b2c                HAL_RCC_GetPCLK1Freq
 .text.HAL_RCCEx_PeriphCLKConfig
                0x08000b4c      0x118 Drivers\STM32F0xx_HAL_Driver\Src\stm32f0xx_hal_rcc_ex.o
                0x08000b4c                HAL_RCCEx_PeriphCLKConfig
 .text.HAL_RTC_AlarmIRQHandler
                0x08000c64       0x38 Drivers\STM32F0xx_HAL_Driver\Src\stm32f0xx_hal_rtc.o
                0x08000c64                HAL_RTC_AlarmIRQHandler
 .text.HAL_RTC_WaitForSynchro
                0x08000c9c       0x34 Drivers\STM32F0xx_HAL_Driver\Src\stm32f0xx_hal_rtc.o
                0x08000c9c                HAL_RTC_WaitForSynchro
 .text.RTC_EnterInitMode
                0x08000cd0       0x38 Drivers\STM32F0xx_HAL_Driver\Src\stm32f0xx_hal_rtc.o
                0x08000cd0                RTC_EnterInitMode
 .text.HAL_RTC_Init
                0x08000d08       0xa8 Drivers\STM32F0xx_HAL_Driver\Src\stm32f0xx_hal_rtc.o
                0x08000d08                HAL_RTC_Init
 .text.RTC_ByteToBcd2
                0x08000db0       0x16 Drivers\STM32F0xx_HAL_Driver\Src\stm32f0xx_hal_rtc.o
                0x08000db0                RTC_ByteToBcd2
 *fill*         0x08000dc6        0x2 
 .text.HAL_RTC_SetTime
                0x08000dc8       0xe8 Drivers\STM32F0xx_HAL_Driver\Src\stm32f0xx_hal_rtc.o
                0x08000dc8                HAL_RTC_SetTime
 .text.HAL_RTC_SetDate
                0x08000eb0       0xc8 Drivers\STM32F0xx_HAL_Driver\Src\stm32f0xx_hal_rtc.o
                0x08000eb0                HAL_RTC_SetDate
 .text.HAL_RTC_SetAlarm_IT
                0x08000f78      0x12c Drivers\STM32F0xx_HAL_Driver\Src\stm32f0xx_hal_rtc.o
                0x08000f78                HAL_RTC_SetAlarm_IT
 .text.UART_EndRxTransfer
                0x080010a4       0x20 Drivers\STM32F0xx_HAL_Driver\Src\stm32f0xx_hal_uart.o
 .text.HAL_UART_Receive_IT
                0x080010c4       0xa8 Drivers\STM32F0xx_HAL_Driver\Src\stm32f0xx_hal_uart.o
                0x080010c4                HAL_UART_Receive_IT
 .text.HAL_UART_TxCpltCallback
                0x0800116c        0x2 Drivers\STM32F0xx_HAL_Driver\Src\stm32f0xx_hal_uart.o
                0x0800116c                HAL_UART_TxCpltCallback
 .text.HAL_UART_ErrorCallback
                0x0800116e        0x2 Drivers\STM32F0xx_HAL_Driver\Src\stm32f0xx_hal_uart.o
                0x0800116e                HAL_UART_ErrorCallback
 .text.UART_DMAAbortOnError
                0x08001170       0x16 Drivers\STM32F0xx_HAL_Driver\Src\stm32f0xx_hal_uart.o
 *fill*         0x08001186        0x2 
 .text.UART_SetConfig
                0x08001188      0x134 Drivers\STM32F0xx_HAL_Driver\Src\stm32f0xx_hal_uart.o
                0x08001188                UART_SetConfig
 .text.UART_AdvFeatureConfig
                0x080012bc       0xd0 Drivers\STM32F0xx_HAL_Driver\Src\stm32f0xx_hal_uart.o
                0x080012bc                UART_AdvFeatureConfig
 .text.HAL_UART_Init
                0x0800138c       0x78 Drivers\STM32F0xx_HAL_Driver\Src\stm32f0xx_hal_uart.o
                0x0800138c                HAL_UART_Init
 .text.UART_WaitOnFlagUntilTimeout
                0x08001404       0x64 Drivers\STM32F0xx_HAL_Driver\Src\stm32f0xx_hal_uart.o
                0x08001404                UART_WaitOnFlagUntilTimeout
 .text.HAL_UART_Transmit
                0x08001468       0xcc Drivers\STM32F0xx_HAL_Driver\Src\stm32f0xx_hal_uart.o
                0x08001468                HAL_UART_Transmit
 .text.UART_Transmit_IT
                0x08001534       0x64 Drivers\STM32F0xx_HAL_Driver\Src\stm32f0xx_hal_uart.o
                0x08001534                UART_Transmit_IT
 .text.UART_EndTransmit_IT
                0x08001598       0x1c Drivers\STM32F0xx_HAL_Driver\Src\stm32f0xx_hal_uart.o
                0x08001598                UART_EndTransmit_IT
 .text.UART_Receive_IT
                0x080015b4       0x7c Drivers\STM32F0xx_HAL_Driver\Src\stm32f0xx_hal_uart.o
                0x080015b4                UART_Receive_IT
 .text.HAL_UART_IRQHandler
                0x08001630      0x118 Drivers\STM32F0xx_HAL_Driver\Src\stm32f0xx_hal_uart.o
                0x08001630                HAL_UART_IRQHandler
 .text.osKernelStart
                0x08001748        0xa Middlewares\Third_Party\FreeRTOS\Source\CMSIS_RTOS\cmsis_os.o
                0x08001748                osKernelStart
 .text.osSystickHandler
                0x08001752       0x10 Middlewares\Third_Party\FreeRTOS\Source\CMSIS_RTOS\cmsis_os.o
                0x08001752                osSystickHandler
 .text.vListInitialise
                0x08001762       0x16 Middlewares\Third_Party\FreeRTOS\Source\list.o
                0x08001762                vListInitialise
 .text.vListInitialiseItem
                0x08001778        0x6 Middlewares\Third_Party\FreeRTOS\Source\list.o
                0x08001778                vListInitialiseItem
 .text.vListInsertEnd
                0x0800177e       0x18 Middlewares\Third_Party\FreeRTOS\Source\list.o
                0x0800177e                vListInsertEnd
 .text.vListInsert
                0x08001796       0x2e Middlewares\Third_Party\FreeRTOS\Source\list.o
                0x08001796                vListInsert
 .text.uxListRemove
                0x080017c4       0x20 Middlewares\Third_Party\FreeRTOS\Source\list.o
                0x080017c4                uxListRemove
 .text.prvTaskExitError
                0x080017e4       0x14 Middlewares\Third_Party\FreeRTOS\Source\portable\GCC\ARM_CM0\port.o
 *fill*         0x080017f8        0x8 
 .text.vPortStartFirstTask
                0x08001800       0x34 Middlewares\Third_Party\FreeRTOS\Source\portable\GCC\ARM_CM0\port.o
 .text.pxPortInitialiseStack
                0x08001834       0x20 Middlewares\Third_Party\FreeRTOS\Source\portable\GCC\ARM_CM0\port.o
                0x08001834                pxPortInitialiseStack
 .text.SVC_Handler
                0x08001854        0x2 Middlewares\Third_Party\FreeRTOS\Source\portable\GCC\ARM_CM0\port.o
                0x08001854                SVC_Handler
 *fill*         0x08001856        0x2 
 .text.vPortYield
                0x08001858       0x18 Middlewares\Third_Party\FreeRTOS\Source\portable\GCC\ARM_CM0\port.o
                0x08001858                vPortYield
 .text.vPortEnterCritical
                0x08001870       0x18 Middlewares\Third_Party\FreeRTOS\Source\portable\GCC\ARM_CM0\port.o
                0x08001870                vPortEnterCritical
 .text.vPortExitCritical
                0x08001888       0x1c Middlewares\Third_Party\FreeRTOS\Source\portable\GCC\ARM_CM0\port.o
                0x08001888                vPortExitCritical
 .text.ulSetInterruptMaskFromISR
                0x080018a4        0xa Middlewares\Third_Party\FreeRTOS\Source\portable\GCC\ARM_CM0\port.o
                0x080018a4                ulSetInterruptMaskFromISR
 .text.vClearInterruptMaskFromISR
                0x080018ae        0x6 Middlewares\Third_Party\FreeRTOS\Source\portable\GCC\ARM_CM0\port.o
                0x080018ae                vClearInterruptMaskFromISR
 *fill*         0x080018b4        0xc 
 .text.PendSV_Handler
                0x080018c0       0x44 Middlewares\Third_Party\FreeRTOS\Source\portable\GCC\ARM_CM0\port.o
                0x080018c0                PendSV_Handler
 .text.xPortSysTickHandler
                0x08001904       0x24 Middlewares\Third_Party\FreeRTOS\Source\portable\GCC\ARM_CM0\port.o
                0x08001904                xPortSysTickHandler
 .text.vPortSetupTimerInterrupt
                0x08001928       0x28 Middlewares\Third_Party\FreeRTOS\Source\portable\GCC\ARM_CM0\port.o
                0x08001928                vPortSetupTimerInterrupt
 .text.xPortStartScheduler
                0x08001950       0x34 Middlewares\Third_Party\FreeRTOS\Source\portable\GCC\ARM_CM0\port.o
                0x08001950                xPortStartScheduler
 .text.unlikely.prvInsertBlockIntoFreeList
                0x08001984       0x48 Middlewares\Third_Party\FreeRTOS\Source\portable\MemMang\heap_4.o
 .text.pvPortMalloc
                0x080019cc      0x104 Middlewares\Third_Party\FreeRTOS\Source\portable\MemMang\heap_4.o
                0x080019cc                pvPortMalloc
 .text.vPortFree
                0x08001ad0       0x48 Middlewares\Third_Party\FreeRTOS\Source\portable\MemMang\heap_4.o
                0x08001ad0                vPortFree
 .text.unlikely.prvCopyDataToQueue
                0x08001b18       0x70 Middlewares\Third_Party\FreeRTOS\Source\queue.o
 .text.unlikely.prvCopyDataFromQueue
                0x08001b88       0x24 Middlewares\Third_Party\FreeRTOS\Source\queue.o
 .text.prvUnlockQueue
                0x08001bac       0x6a Middlewares\Third_Party\FreeRTOS\Source\queue.o
 .text.xQueueGenericReset
                0x08001c16       0x68 Middlewares\Third_Party\FreeRTOS\Source\queue.o
                0x08001c16                xQueueGenericReset
 .text.xQueueGenericCreate
                0x08001c7e       0x3a Middlewares\Third_Party\FreeRTOS\Source\queue.o
                0x08001c7e                xQueueGenericCreate
 .text.xQueueGenericSend
                0x08001cb8      0x11e Middlewares\Third_Party\FreeRTOS\Source\queue.o
                0x08001cb8                xQueueGenericSend
 .text.xQueueGenericReceive
                0x08001dd6      0x14c Middlewares\Third_Party\FreeRTOS\Source\queue.o
                0x08001dd6                xQueueGenericReceive
 *fill*         0x08001f22        0x2 
 .text.prvResetNextTaskUnblockTime
                0x08001f24       0x28 Middlewares\Third_Party\FreeRTOS\Source\tasks.o
 .text.prvAddCurrentTaskToDelayedList
                0x08001f4c       0x70 Middlewares\Third_Party\FreeRTOS\Source\tasks.o
 .text.xTaskCreate
                0x08001fbc      0x188 Middlewares\Third_Party\FreeRTOS\Source\tasks.o
                0x08001fbc                xTaskCreate
 .text.vTaskStartScheduler
                0x08002144       0x54 Middlewares\Third_Party\FreeRTOS\Source\tasks.o
                0x08002144                vTaskStartScheduler
 .text.vTaskSuspendAll
                0x08002198       0x10 Middlewares\Third_Party\FreeRTOS\Source\tasks.o
                0x08002198                vTaskSuspendAll
 .text.xTaskGetTickCount
                0x080021a8        0xc Middlewares\Third_Party\FreeRTOS\Source\tasks.o
                0x080021a8                xTaskGetTickCount
 .text.xTaskIncrementTick
                0x080021b4       0xfc Middlewares\Third_Party\FreeRTOS\Source\tasks.o
                0x080021b4                xTaskIncrementTick
 .text.xTaskResumeAll
                0x080022b0       0xd0 Middlewares\Third_Party\FreeRTOS\Source\tasks.o
                0x080022b0                xTaskResumeAll
 .text.vTaskDelayUntil
                0x08002380       0x68 Middlewares\Third_Party\FreeRTOS\Source\tasks.o
                0x08002380                vTaskDelayUntil
 .text.prvIdleTask
                0x080023e8       0x68 Middlewares\Third_Party\FreeRTOS\Source\tasks.o
 .text.vTaskSwitchContext
                0x08002450       0x6c Middlewares\Third_Party\FreeRTOS\Source\tasks.o
                0x08002450                vTaskSwitchContext
 .text.vTaskPlaceOnEventList
                0x080024bc       0x24 Middlewares\Third_Party\FreeRTOS\Source\tasks.o
                0x080024bc                vTaskPlaceOnEventList
 .text.xTaskRemoveFromEventList
                0x080024e0       0x78 Middlewares\Third_Party\FreeRTOS\Source\tasks.o
                0x080024e0                xTaskRemoveFromEventList
 .text.vTaskSetTimeOutState
                0x08002558       0x20 Middlewares\Third_Party\FreeRTOS\Source\tasks.o
                0x08002558                vTaskSetTimeOutState
 .text.xTaskCheckForTimeOut
                0x08002578       0x60 Middlewares\Third_Party\FreeRTOS\Source\tasks.o
                0x08002578                xTaskCheckForTimeOut
 .text.vTaskMissedYield
                0x080025d8        0xc Middlewares\Third_Party\FreeRTOS\Source\tasks.o
                0x080025d8                vTaskMissedYield
 .text.xTaskGetSchedulerState
                0x080025e4       0x20 Middlewares\Third_Party\FreeRTOS\Source\tasks.o
                0x080025e4                xTaskGetSchedulerState
 .text.vTaskPriorityInherit
                0x08002604       0x6c Middlewares\Third_Party\FreeRTOS\Source\tasks.o
                0x08002604                vTaskPriorityInherit
 .text.xTaskPriorityDisinherit
                0x08002670       0x6c Middlewares\Third_Party\FreeRTOS\Source\tasks.o
                0x08002670                xTaskPriorityDisinherit
 .text.pvTaskIncrementMutexHeldCount
                0x080026dc       0x18 Middlewares\Third_Party\FreeRTOS\Source\tasks.o
                0x080026dc                pvTaskIncrementMutexHeldCount
 .text.HAL_SYSTICK_Callback
                0x080026f4       0x48 Src\Common\Event.o
                0x080026f4                HAL_SYSTICK_Callback
 .text.RSTCtrl_Sigfox
                0x0800273c       0x14 Src\Common\Globals.o
                0x0800273c                RSTCtrl_Sigfox
 .text.RST2Ctrl_Sigfox
                0x08002750       0x14 Src\Common\Globals.o
                0x08002750                RST2Ctrl_Sigfox
 .text.UART_SIGFOX_TX_STM
                0x08002764       0x1c Src\Common\Globals.o
                0x08002764                UART_SIGFOX_TX_STM
 .text.UART_SIGFOX_RX_STM
                0x08002780       0x10 Src\Common\Globals.o
                0x08002780                UART_SIGFOX_RX_STM
 .text.PrintString
                0x08002790       0x1c Src\Common\Globals.o
                0x08002790                PrintString
 .text.DiscrimateFrameType
                0x080027ac       0x36 Src\Common\Globals.o
                0x080027ac                DiscrimateFrameType
 .text.Debounce_Init
                0x080027e2       0x20 Src\Drivers_Hd\Debounce.o
                0x080027e2                Debounce_Init
 .text.Debounce_Update
                0x08002802       0x60 Src\Drivers_Hd\Debounce.o
                0x08002802                Debounce_Update
 .text.SigfoxStringTX
                0x08002862       0x18 Src\Drivers_Hd\Sigfox.o
 .text.SigfoxResetObject
                0x0800287a       0x2e Src\Drivers_Hd\Sigfox.o
 .text.SigfoxInit
                0x080028a8       0x3c Src\Drivers_Hd\Sigfox.o
                0x080028a8                SigfoxInit
 .text.SigfoxWakeUP
                0x080028e4       0x18 Src\Drivers_Hd\Sigfox.o
                0x080028e4                SigfoxWakeUP
 .text.SigfoxISRRX
                0x080028fc       0x56 Src\Drivers_Hd\Sigfox.o
                0x080028fc                SigfoxISRRX
 .text.SigfoxCommandSend
                0x08002952       0x14 Src\Drivers_Hd\Sigfox.o
                0x08002952                SigfoxCommandSend
 *fill*         0x08002966        0x2 
 .text.MX_GPIO_Init
                0x08002968       0xbc Src\Hardware_Profile\GPIO_Config.o
                0x08002968                MX_GPIO_Init
 .text.HAL_RTC_AlarmAEventCallback
                0x08002a24       0x10 Src\Hardware_Profile\RTC_Config.o
                0x08002a24                HAL_RTC_AlarmAEventCallback
 .text.setTime  0x08002a34       0xbc Src\Hardware_Profile\RTC_Config.o
                0x08002a34                setTime
 .text.MX_RTC_Init
                0x08002af0       0xa4 Src\Hardware_Profile\RTC_Config.o
                0x08002af0                MX_RTC_Init
 .text.MX_USART1_UART_Init
                0x08002b94       0x38 Src\Hardware_Profile\Uart.o
                0x08002b94                MX_USART1_UART_Init
 .text.MX_USART2_UART_Init
                0x08002bcc       0x38 Src\Hardware_Profile\Uart.o
                0x08002bcc                MX_USART2_UART_Init
 .text.HAL_UART_RxCpltCallback
                0x08002c04       0x2c Src\Hardware_Profile\Uart.o
                0x08002c04                HAL_UART_RxCpltCallback
 .text.qSchedulerSysTick
                0x08002c30       0x10 Src\Kernel\QuarkTS.o
                0x08002c30                qSchedulerSysTick
 .text.SystemClock_Config
                0x08002c40       0x7c Src\SystemClock_Config.o
                0x08002c40                SystemClock_Config
 .text.TaskFSM  0x08002cbc       0x38 Src\main.o
                0x08002cbc                TaskFSM
 .text.TaskTxUartDebug
                0x08002cf4       0x4c Src\main.o
                0x08002cf4                TaskTxUartDebug
 .text.startup.main
                0x08002d40      0x100 Src\main.o
                0x08002d40                main
 .text.Error_Handler
                0x08002e40        0x2 Src\main.o
                0x08002e40                Error_Handler
 *fill*         0x08002e42        0x2 
 .text.HAL_MspInit
                0x08002e44       0x38 Src\stm32f0xx_hal_msp.o
                0x08002e44                HAL_MspInit
 .text.HAL_RTC_MspInit
                0x08002e7c       0x30 Src\stm32f0xx_hal_msp.o
                0x08002e7c                HAL_RTC_MspInit
 .text.HAL_UART_MspInit
                0x08002eac       0xf4 Src\stm32f0xx_hal_msp.o
                0x08002eac                HAL_UART_MspInit
 .text.NMI_Handler
                0x08002fa0        0x2 Src\stm32f0xx_it.o
                0x08002fa0                NMI_Handler
 .text.HardFault_Handler
                0x08002fa2        0x2 Src\stm32f0xx_it.o
                0x08002fa2                HardFault_Handler
 .text.SysTick_Handler
                0x08002fa4       0x10 Src\stm32f0xx_it.o
                0x08002fa4                SysTick_Handler
 .text.RTC_IRQHandler
                0x08002fb4       0x10 Src\stm32f0xx_it.o
                0x08002fb4                RTC_IRQHandler
 .text.DMA1_Channel2_3_IRQHandler
                0x08002fc4        0x2 Src\stm32f0xx_it.o
                0x08002fc4                DMA1_Channel2_3_IRQHandler
 *fill*         0x08002fc6        0x2 
 .text.USART1_IRQHandler
                0x08002fc8       0x10 Src\stm32f0xx_it.o
                0x08002fc8                USART1_IRQHandler
 .text.SystemInit
                0x08002fd8       0x68 Src\system_stm32f0xx.o
                0x08002fd8                SystemInit
 .text.Reset_Handler
                0x08003040       0x70 startup\startup_stm32f070x6.o
                0x08003040                Reset_Handler
 .text.Default_Handler
                0x080030b0        0x2 startup\startup_stm32f070x6.o
                0x080030b0                TIM1_CC_IRQHandler
                0x080030b0                I2C1_IRQHandler
                0x080030b0                SPI1_IRQHandler
                0x080030b0                EXTI2_3_IRQHandler
                0x080030b0                ADC1_IRQHandler
                0x080030b0                TIM17_IRQHandler
                0x080030b0                TIM16_IRQHandler
                0x080030b0                TIM3_IRQHandler
                0x080030b0                EXTI4_15_IRQHandler
                0x080030b0                RCC_IRQHandler
                0x080030b0                DMA1_Channel1_IRQHandler
                0x080030b0                Default_Handler
                0x080030b0                TIM14_IRQHandler
                0x080030b0                DMA1_Channel4_5_IRQHandler
                0x080030b0                EXTI0_1_IRQHandler
                0x080030b0                USB_IRQHandler
                0x080030b0                WWDG_IRQHandler
                0x080030b0                USART2_IRQHandler
                0x080030b0                FLASH_IRQHandler
                0x080030b0                TIM1_BRK_UP_TRG_COM_IRQHandler
 *fill*         0x080030b2        0x2 
 .text.__libc_init_array
                0x080030b4       0x48 c:/program files (x86)/atollic/truestudio for stm32 9.1.0/armtools/bin/../lib/gcc/arm-atollic-eabi/6.3.1/../../../../arm-atollic-eabi/lib/armv6-m\libc_nano.a(lib_a-init.o)
                0x080030b4                __libc_init_array
 .text.memcpy   0x080030fc       0x12 c:/program files (x86)/atollic/truestudio for stm32 9.1.0/armtools/bin/../lib/gcc/arm-atollic-eabi/6.3.1/../../../../arm-atollic-eabi/lib/armv6-m\libc_nano.a(lib_a-memcpy-stub.o)
                0x080030fc                memcpy
 .text.memset   0x0800310e       0x10 c:/program files (x86)/atollic/truestudio for stm32 9.1.0/armtools/bin/../lib/gcc/arm-atollic-eabi/6.3.1/../../../../arm-atollic-eabi/lib/armv6-m\libc_nano.a(lib_a-memset.o)
                0x0800310e                memset
 *(.glue_7)
 .glue_7        0x0800311e        0x0 linker stubs
 *(.glue_7t)
 .glue_7t       0x0800311e        0x0 linker stubs
 *(.eh_frame)
 *fill*         0x0800311e        0x2 
 .eh_frame      0x08003120        0x0 c:/program files (x86)/atollic/truestudio for stm32 9.1.0/armtools/bin/../lib/gcc/arm-atollic-eabi/6.3.1/armv6-m/crtbegin.o
 *(.init)
 .init          0x08003120        0x4 c:/program files (x86)/atollic/truestudio for stm32 9.1.0/armtools/bin/../lib/gcc/arm-atollic-eabi/6.3.1/armv6-m/crti.o
                0x08003120                _init
 .init          0x08003124        0x8 c:/program files (x86)/atollic/truestudio for stm32 9.1.0/armtools/bin/../lib/gcc/arm-atollic-eabi/6.3.1/armv6-m/crtn.o
 *(.fini)
 .fini          0x0800312c        0x4 c:/program files (x86)/atollic/truestudio for stm32 9.1.0/armtools/bin/../lib/gcc/arm-atollic-eabi/6.3.1/armv6-m/crti.o
                0x0800312c                _fini
 .fini          0x08003130        0x8 c:/program files (x86)/atollic/truestudio for stm32 9.1.0/armtools/bin/../lib/gcc/arm-atollic-eabi/6.3.1/armv6-m/crtn.o
                0x08003138                . = ALIGN (0x4)
                0x08003138                _etext = .

.vfp11_veneer   0x08003138        0x0
 .vfp11_veneer  0x08003138        0x0 linker stubs

.v4_bx          0x08003138        0x0
 .v4_bx         0x08003138        0x0 linker stubs

.iplt           0x08003138        0x0
 .iplt          0x08003138        0x0 c:/program files (x86)/atollic/truestudio for stm32 9.1.0/armtools/bin/../lib/gcc/arm-atollic-eabi/6.3.1/armv6-m/crtbegin.o

.rodata         0x08003138       0x8c
                0x08003138                . = ALIGN (0x4)
 *(.rodata)
 .rodata        0x08003138       0x20 Drivers\STM32F0xx_HAL_Driver\Src\stm32f0xx_hal_rcc.o
 *(.rodata*)
 .rodata.CSWTCH.50
                0x08003158        0x4 Drivers\STM32F0xx_HAL_Driver\Src\stm32f0xx_hal_uart.o
 .rodata.vTaskStartScheduler.str1.1
                0x0800315c        0x5 Middlewares\Third_Party\FreeRTOS\Source\tasks.o
 .rodata.TaskFSM.str1.1
                0x08003161        0xc Src\main.o
 .rodata.TaskTxUartDebug.str1.1
                0x0800316d        0xe Src\main.o
 .rodata.main.str1.1
                0x0800317b       0x31 Src\main.o
 .rodata.AHBPrescTable
                0x080031ac       0x10 Src\system_stm32f0xx.o
                0x080031ac                AHBPrescTable
 .rodata.APBPrescTable
                0x080031bc        0x8 Src\system_stm32f0xx.o
                0x080031bc                APBPrescTable
                0x080031c4                . = ALIGN (0x4)

.rel.dyn        0x080031c4        0x0
 .rel.iplt      0x080031c4        0x0 c:/program files (x86)/atollic/truestudio for stm32 9.1.0/armtools/bin/../lib/gcc/arm-atollic-eabi/6.3.1/armv6-m/crtbegin.o

.ARM.extab
 *(.ARM.extab* .gnu.linkonce.armextab.*)

.ARM            0x080031c4        0x0
                0x080031c4                __exidx_start = .
 *(.ARM.exidx*)
                0x080031c4                __exidx_end = .

.preinit_array  0x080031c4        0x0
                0x080031c4                PROVIDE (__preinit_array_start, .)
 *(.preinit_array*)
                0x080031c4                PROVIDE (__preinit_array_end, .)

.init_array     0x080031c4        0x4
                0x080031c4                PROVIDE (__init_array_start, .)
 *(SORT(.init_array.*))
 *(.init_array*)
 .init_array    0x080031c4        0x4 c:/program files (x86)/atollic/truestudio for stm32 9.1.0/armtools/bin/../lib/gcc/arm-atollic-eabi/6.3.1/armv6-m/crtbegin.o
                0x080031c8                PROVIDE (__init_array_end, .)

.fini_array     0x080031c8        0x4
                [!provide]                PROVIDE (__fini_array_start, .)
 *(SORT(.fini_array.*))
 *(.fini_array*)
 .fini_array    0x080031c8        0x4 c:/program files (x86)/atollic/truestudio for stm32 9.1.0/armtools/bin/../lib/gcc/arm-atollic-eabi/6.3.1/armv6-m/crtbegin.o
                [!provide]                PROVIDE (__fini_array_end, .)
                0x080031cc                _sidata = LOADADDR (.data)

.data           0x20000000        0x8 load address 0x080031cc
                0x20000000                . = ALIGN (0x4)
                0x20000000                _sdata = .
 *(.data)
 *(.data*)
 .data.uxCriticalNesting
                0x20000000        0x4 Middlewares\Third_Party\FreeRTOS\Source\portable\GCC\ARM_CM0\port.o
 .data.SystemCoreClock
                0x20000004        0x4 Src\system_stm32f0xx.o
                0x20000004                SystemCoreClock
                0x20000008                . = ALIGN (0x4)
                0x20000008                _edata = .

.igot.plt       0x20000008        0x0 load address 0x080031d4
 .igot.plt      0x20000008        0x0 c:/program files (x86)/atollic/truestudio for stm32 9.1.0/armtools/bin/../lib/gcc/arm-atollic-eabi/6.3.1/armv6-m/crtbegin.o
                0x20000008                . = ALIGN (0x4)

.bss            0x20000008      0xff4 load address 0x080031d4
                0x20000008                _sbss = .
                0x20000008                __bss_start__ = _sbss
 *(.bss)
 .bss           0x20000008       0x1c c:/program files (x86)/atollic/truestudio for stm32 9.1.0/armtools/bin/../lib/gcc/arm-atollic-eabi/6.3.1/armv6-m/crtbegin.o
 *(.bss*)
 .bss.pxEnd     0x20000024        0x4 Middlewares\Third_Party\FreeRTOS\Source\portable\MemMang\heap_4.o
 .bss.ucHeap    0x20000028      0xc00 Middlewares\Third_Party\FreeRTOS\Source\portable\MemMang\heap_4.o
 .bss.xBlockAllocatedBit
                0x20000c28        0x4 Middlewares\Third_Party\FreeRTOS\Source\portable\MemMang\heap_4.o
 .bss.xFreeBytesRemaining
                0x20000c2c        0x4 Middlewares\Third_Party\FreeRTOS\Source\portable\MemMang\heap_4.o
 .bss.xMinimumEverFreeBytesRemaining
                0x20000c30        0x4 Middlewares\Third_Party\FreeRTOS\Source\portable\MemMang\heap_4.o
 .bss.xStart    0x20000c34        0x8 Middlewares\Third_Party\FreeRTOS\Source\portable\MemMang\heap_4.o
 .bss.pxCurrentTCB
                0x20000c3c        0x4 Middlewares\Third_Party\FreeRTOS\Source\tasks.o
                0x20000c3c                pxCurrentTCB
 .bss.pxDelayedTaskList
                0x20000c40        0x4 Middlewares\Third_Party\FreeRTOS\Source\tasks.o
 .bss.pxOverflowDelayedTaskList
                0x20000c44        0x4 Middlewares\Third_Party\FreeRTOS\Source\tasks.o
 .bss.pxReadyTasksLists
                0x20000c48       0x8c Middlewares\Third_Party\FreeRTOS\Source\tasks.o
 .bss.uxCurrentNumberOfTasks
                0x20000cd4        0x4 Middlewares\Third_Party\FreeRTOS\Source\tasks.o
 .bss.uxDeletedTasksWaitingCleanUp
                0x20000cd8        0x4 Middlewares\Third_Party\FreeRTOS\Source\tasks.o
 .bss.uxPendedTicks
                0x20000cdc        0x4 Middlewares\Third_Party\FreeRTOS\Source\tasks.o
 .bss.uxSchedulerSuspended
                0x20000ce0        0x4 Middlewares\Third_Party\FreeRTOS\Source\tasks.o
 .bss.uxTaskNumber
                0x20000ce4        0x4 Middlewares\Third_Party\FreeRTOS\Source\tasks.o
 .bss.uxTopReadyPriority
                0x20000ce8        0x4 Middlewares\Third_Party\FreeRTOS\Source\tasks.o
 .bss.xDelayedTaskList1
                0x20000cec       0x14 Middlewares\Third_Party\FreeRTOS\Source\tasks.o
 .bss.xDelayedTaskList2
                0x20000d00       0x14 Middlewares\Third_Party\FreeRTOS\Source\tasks.o
 .bss.xIdleTaskHandle
                0x20000d14        0x4 Middlewares\Third_Party\FreeRTOS\Source\tasks.o
 .bss.xNextTaskUnblockTime
                0x20000d18        0x4 Middlewares\Third_Party\FreeRTOS\Source\tasks.o
 .bss.xNumOfOverflows
                0x20000d1c        0x4 Middlewares\Third_Party\FreeRTOS\Source\tasks.o
 .bss.xPendingReadyList
                0x20000d20       0x14 Middlewares\Third_Party\FreeRTOS\Source\tasks.o
 .bss.xSchedulerRunning
                0x20000d34        0x4 Middlewares\Third_Party\FreeRTOS\Source\tasks.o
 .bss.xSuspendedTaskList
                0x20000d38       0x14 Middlewares\Third_Party\FreeRTOS\Source\tasks.o
 .bss.xTasksWaitingTermination
                0x20000d4c       0x14 Middlewares\Third_Party\FreeRTOS\Source\tasks.o
 .bss.xTickCount
                0x20000d60        0x4 Middlewares\Third_Party\FreeRTOS\Source\tasks.o
 .bss.xYieldPending
                0x20000d64        0x4 Middlewares\Third_Party\FreeRTOS\Source\tasks.o
 .bss.contador.7949
                0x20000d68        0x4 Src\Common\Event.o
 .bss.FlagCont  0x20000d6c        0x1 Src\Common\Globals.o
                0x20000d6c                FlagCont
 .bss.ReportTimeHour
                0x20000d6d        0x1 Src\Common\Globals.o
                0x20000d6d                ReportTimeHour
 .bss.ReportTimeMinute
                0x20000d6e        0x1 Src\Common\Globals.o
                0x20000d6e                ReportTimeMinute
 .bss.ReportTimeSecond
                0x20000d6f        0x1 Src\Common\Globals.o
                0x20000d6f                ReportTimeSecond
 .bss._qSysTick_Epochs_
                0x20000d70        0x4 Src\Kernel\QuarkTS.o
 .bss.SemTxUart
                0x20000d74        0x4 Src\main.o
                0x20000d74                SemTxUart
 *(COMMON)
 COMMON         0x20000d78        0x4 Drivers\STM32F0xx_HAL_Driver\Src\stm32f0xx_hal.o
                0x20000d78                uwTick
 COMMON         0x20000d7c      0x111 Src\Common\Globals.o
                0x20000d7c                Fsm_DebounceData
                0x20000d84                Flags_globals
                0x20000d88                xtypes
                0x20000d8c                DataFrame
                0x20000d98                SigfoxModule
                0x20000e8c                Debounce_Flag
 *fill*         0x20000e8d        0x3 
 COMMON         0x20000e90       0x20 Src\Hardware_Profile\RTC_Config.o
                0x20000e90                hrtc
 COMMON         0x20000eb0      0x104 Src\Hardware_Profile\Uart.o
                0x20000eb0                huart1
                0x20000f20                huart2
                0x20000f90                UART_RX
 COMMON         0x20000fb4       0x48 Src\main.o
                0x20000fb4                defaultTaskHandle
                0x20000fb8                hdma_usart1_rx
                0x20000ffc                . = ALIGN (0x4)
                0x20000ffc                _ebss = .
                0x20000ffc                __bss_end__ = _ebss

._user_heap_stack
                0x20000ffc      0x600 load address 0x080031d4
                0x20000ffc                . = ALIGN (0x4)
                0x20000ffc                PROVIDE (end, .)
                [!provide]                PROVIDE (_end, .)
                0x200011fc                . = (. + _Min_Heap_Size)
 *fill*         0x20000ffc      0x200 
                0x200015fc                . = (. + _Min_Stack_Size)
 *fill*         0x200011fc      0x400 
                0x200015fc                . = ALIGN (0x4)

/DISCARD/
 libc.a(*)
 libm.a(*)
 libgcc.a(*)

.ARM.attributes
                0x00000000       0x28
 *(.ARM.attributes)
 .ARM.attributes
                0x00000000       0x1e c:/program files (x86)/atollic/truestudio for stm32 9.1.0/armtools/bin/../lib/gcc/arm-atollic-eabi/6.3.1/armv6-m/crti.o
 .ARM.attributes
                0x0000001e       0x2c c:/program files (x86)/atollic/truestudio for stm32 9.1.0/armtools/bin/../lib/gcc/arm-atollic-eabi/6.3.1/armv6-m/crtbegin.o
 .ARM.attributes
                0x0000004a       0x31 Drivers\STM32F0xx_HAL_Driver\Src\stm32f0xx_hal.o
 .ARM.attributes
                0x0000007b       0x31 Drivers\STM32F0xx_HAL_Driver\Src\stm32f0xx_hal_cortex.o
 .ARM.attributes
                0x000000ac       0x31 Drivers\STM32F0xx_HAL_Driver\Src\stm32f0xx_hal_dma.o
 .ARM.attributes
                0x000000dd       0x31 Drivers\STM32F0xx_HAL_Driver\Src\stm32f0xx_hal_gpio.o
 .ARM.attributes
                0x0000010e       0x31 Drivers\STM32F0xx_HAL_Driver\Src\stm32f0xx_hal_pwr.o
 .ARM.attributes
                0x0000013f       0x31 Drivers\STM32F0xx_HAL_Driver\Src\stm32f0xx_hal_rcc.o
 .ARM.attributes
                0x00000170       0x31 Drivers\STM32F0xx_HAL_Driver\Src\stm32f0xx_hal_rcc_ex.o
 .ARM.attributes
                0x000001a1       0x31 Drivers\STM32F0xx_HAL_Driver\Src\stm32f0xx_hal_rtc.o
 .ARM.attributes
                0x000001d2       0x31 Drivers\STM32F0xx_HAL_Driver\Src\stm32f0xx_hal_uart.o
 .ARM.attributes
                0x00000203       0x31 Middlewares\Third_Party\FreeRTOS\Source\CMSIS_RTOS\cmsis_os.o
 .ARM.attributes
                0x00000234       0x31 Middlewares\Third_Party\FreeRTOS\Source\list.o
 .ARM.attributes
                0x00000265       0x31 Middlewares\Third_Party\FreeRTOS\Source\portable\GCC\ARM_CM0\port.o
 .ARM.attributes
                0x00000296       0x31 Middlewares\Third_Party\FreeRTOS\Source\portable\MemMang\heap_4.o
 .ARM.attributes
                0x000002c7       0x31 Middlewares\Third_Party\FreeRTOS\Source\queue.o
 .ARM.attributes
                0x000002f8       0x31 Middlewares\Third_Party\FreeRTOS\Source\tasks.o
 .ARM.attributes
                0x00000329       0x31 Src\Common\Event.o
 .ARM.attributes
                0x0000035a       0x31 Src\Common\Globals.o
 .ARM.attributes
                0x0000038b       0x31 Src\Drivers_Hd\Debounce.o
 .ARM.attributes
                0x000003bc       0x31 Src\Drivers_Hd\Sigfox.o
 .ARM.attributes
                0x000003ed       0x31 Src\Hardware_Profile\GPIO_Config.o
 .ARM.attributes
                0x0000041e       0x31 Src\Hardware_Profile\RTC_Config.o
 .ARM.attributes
                0x0000044f       0x31 Src\Hardware_Profile\Uart.o
 .ARM.attributes
                0x00000480       0x31 Src\Kernel\QuarkTS.o
 .ARM.attributes
                0x000004b1       0x31 Src\SystemClock_Config.o
 .ARM.attributes
                0x000004e2       0x31 Src\main.o
 .ARM.attributes
                0x00000513       0x31 Src\stm32f0xx_hal_msp.o
 .ARM.attributes
                0x00000544       0x31 Src\stm32f0xx_it.o
 .ARM.attributes
                0x00000575       0x31 Src\system_stm32f0xx.o
 .ARM.attributes
                0x000005a6       0x21 startup\startup_stm32f070x6.o
 .ARM.attributes
                0x000005c7       0x2c c:/program files (x86)/atollic/truestudio for stm32 9.1.0/armtools/bin/../lib/gcc/arm-atollic-eabi/6.3.1/../../../../arm-atollic-eabi/lib/armv6-m\libc_nano.a(lib_a-init.o)
 .ARM.attributes
                0x000005f3       0x2c c:/program files (x86)/atollic/truestudio for stm32 9.1.0/armtools/bin/../lib/gcc/arm-atollic-eabi/6.3.1/../../../../arm-atollic-eabi/lib/armv6-m\libc_nano.a(lib_a-memcpy-stub.o)
 .ARM.attributes
                0x0000061f       0x2c c:/program files (x86)/atollic/truestudio for stm32 9.1.0/armtools/bin/../lib/gcc/arm-atollic-eabi/6.3.1/../../../../arm-atollic-eabi/lib/armv6-m\libc_nano.a(lib_a-memset.o)
 .ARM.attributes
                0x0000064b       0x1c c:/program files (x86)/atollic/truestudio for stm32 9.1.0/armtools/bin/../lib/gcc/arm-atollic-eabi/6.3.1/../../../../arm-atollic-eabi/lib/armv6-m\libc_nano.a(lib_a-strlen.o)
 .ARM.attributes
                0x00000667       0x1e c:/program files (x86)/atollic/truestudio for stm32 9.1.0/armtools/bin/../lib/gcc/arm-atollic-eabi/6.3.1/armv6-m\libgcc.a(_thumb1_case_sqi.o)
 .ARM.attributes
                0x00000685       0x1e c:/program files (x86)/atollic/truestudio for stm32 9.1.0/armtools/bin/../lib/gcc/arm-atollic-eabi/6.3.1/armv6-m\libgcc.a(_thumb1_case_uqi.o)
 .ARM.attributes
                0x000006a3       0x1e c:/program files (x86)/atollic/truestudio for stm32 9.1.0/armtools/bin/../lib/gcc/arm-atollic-eabi/6.3.1/armv6-m\libgcc.a(_udivsi3.o)
 .ARM.attributes
                0x000006c1       0x1e c:/program files (x86)/atollic/truestudio for stm32 9.1.0/armtools/bin/../lib/gcc/arm-atollic-eabi/6.3.1/armv6-m\libgcc.a(_dvmd_tls.o)
 .ARM.attributes
                0x000006df       0x1e c:/program files (x86)/atollic/truestudio for stm32 9.1.0/armtools/bin/../lib/gcc/arm-atollic-eabi/6.3.1/armv6-m/crtn.o
OUTPUT(Sigfox_ST_rtos.elf elf32-littlearm)

.debug_info     0x00000000    0x2815d
 .debug_info    0x00000000      0xe37 Drivers\STM32F0xx_HAL_Driver\Src\stm32f0xx_hal.o
 .debug_info    0x00000e37      0xfe7 Drivers\STM32F0xx_HAL_Driver\Src\stm32f0xx_hal_cortex.o
 .debug_info    0x00001e1e     0x1018 Drivers\STM32F0xx_HAL_Driver\Src\stm32f0xx_hal_dma.o
 .debug_info    0x00002e36      0xe4e Drivers\STM32F0xx_HAL_Driver\Src\stm32f0xx_hal_gpio.o
 .debug_info    0x00003c84      0xcaf Drivers\STM32F0xx_HAL_Driver\Src\stm32f0xx_hal_pwr.o
 .debug_info    0x00004933     0x116a Drivers\STM32F0xx_HAL_Driver\Src\stm32f0xx_hal_rcc.o
 .debug_info    0x00005a9d      0xc2a Drivers\STM32F0xx_HAL_Driver\Src\stm32f0xx_hal_rcc_ex.o
 .debug_info    0x000066c7     0x14f1 Drivers\STM32F0xx_HAL_Driver\Src\stm32f0xx_hal_rtc.o
 .debug_info    0x00007bb8     0x2071 Drivers\STM32F0xx_HAL_Driver\Src\stm32f0xx_hal_uart.o
 .debug_info    0x00009c29     0x24ef Middlewares\Third_Party\FreeRTOS\Source\CMSIS_RTOS\cmsis_os.o
 .debug_info    0x0000c118      0xac0 Middlewares\Third_Party\FreeRTOS\Source\list.o
 .debug_info    0x0000cbd8      0x2ac Middlewares\Third_Party\FreeRTOS\Source\portable\GCC\ARM_CM0\port.o
 .debug_info    0x0000ce84      0xba8 Middlewares\Third_Party\FreeRTOS\Source\portable\MemMang\heap_4.o
 .debug_info    0x0000da2c     0x1b27 Middlewares\Third_Party\FreeRTOS\Source\queue.o
 .debug_info    0x0000f553     0x247b Middlewares\Third_Party\FreeRTOS\Source\tasks.o
 .debug_info    0x000119ce     0x1c64 Src\Common\Event.o
 .debug_info    0x00013632     0x1e78 Src\Common\Globals.o
 .debug_info    0x000154aa      0x1d2 Src\Drivers_Hd\Debounce.o
 .debug_info    0x0001567c     0x1503 Src\Drivers_Hd\Sigfox.o
 .debug_info    0x00016b7f     0x1e70 Src\Hardware_Profile\GPIO_Config.o
 .debug_info    0x000189ef     0x1f8d Src\Hardware_Profile\RTC_Config.o
 .debug_info    0x0001a97c     0x1c80 Src\Hardware_Profile\Uart.o
 .debug_info    0x0001c5fc     0x331d Src\Kernel\QuarkTS.o
 .debug_info    0x0001f919     0x1e06 Src\SystemClock_Config.o
 .debug_info    0x0002171f     0x224c Src\main.o
 .debug_info    0x0002396b     0x20dd Src\stm32f0xx_hal_msp.o
 .debug_info    0x00025a48     0x1c28 Src\stm32f0xx_it.o
 .debug_info    0x00027670      0xa67 Src\system_stm32f0xx.o
 .debug_info    0x000280d7       0x86 startup\startup_stm32f070x6.o

.debug_abbrev   0x00000000     0x4cbf
 .debug_abbrev  0x00000000      0x2d1 Drivers\STM32F0xx_HAL_Driver\Src\stm32f0xx_hal.o
 .debug_abbrev  0x000002d1      0x30a Drivers\STM32F0xx_HAL_Driver\Src\stm32f0xx_hal_cortex.o
 .debug_abbrev  0x000005db      0x2a3 Drivers\STM32F0xx_HAL_Driver\Src\stm32f0xx_hal_dma.o
 .debug_abbrev  0x0000087e      0x277 Drivers\STM32F0xx_HAL_Driver\Src\stm32f0xx_hal_gpio.o
 .debug_abbrev  0x00000af5      0x22b Drivers\STM32F0xx_HAL_Driver\Src\stm32f0xx_hal_pwr.o
 .debug_abbrev  0x00000d20      0x2ea Drivers\STM32F0xx_HAL_Driver\Src\stm32f0xx_hal_rcc.o
 .debug_abbrev  0x0000100a      0x268 Drivers\STM32F0xx_HAL_Driver\Src\stm32f0xx_hal_rcc_ex.o
 .debug_abbrev  0x00001272      0x2a8 Drivers\STM32F0xx_HAL_Driver\Src\stm32f0xx_hal_rtc.o
 .debug_abbrev  0x0000151a      0x378 Drivers\STM32F0xx_HAL_Driver\Src\stm32f0xx_hal_uart.o
 .debug_abbrev  0x00001892      0x40f Middlewares\Third_Party\FreeRTOS\Source\CMSIS_RTOS\cmsis_os.o
 .debug_abbrev  0x00001ca1      0x1e3 Middlewares\Third_Party\FreeRTOS\Source\list.o
 .debug_abbrev  0x00001e84      0x194 Middlewares\Third_Party\FreeRTOS\Source\portable\GCC\ARM_CM0\port.o
 .debug_abbrev  0x00002018      0x2ce Middlewares\Third_Party\FreeRTOS\Source\portable\MemMang\heap_4.o
 .debug_abbrev  0x000022e6      0x321 Middlewares\Third_Party\FreeRTOS\Source\queue.o
 .debug_abbrev  0x00002607      0x3bf Middlewares\Third_Party\FreeRTOS\Source\tasks.o
 .debug_abbrev  0x000029c6      0x25c Src\Common\Event.o
 .debug_abbrev  0x00002c22      0x2b2 Src\Common\Globals.o
 .debug_abbrev  0x00002ed4       0xd4 Src\Drivers_Hd\Debounce.o
 .debug_abbrev  0x00002fa8      0x39c Src\Drivers_Hd\Sigfox.o
 .debug_abbrev  0x00003344      0x261 Src\Hardware_Profile\GPIO_Config.o
 .debug_abbrev  0x000035a5      0x2c2 Src\Hardware_Profile\RTC_Config.o
 .debug_abbrev  0x00003867      0x274 Src\Hardware_Profile\Uart.o
 .debug_abbrev  0x00003adb      0x5a0 Src\Kernel\QuarkTS.o
 .debug_abbrev  0x0000407b      0x269 Src\SystemClock_Config.o
 .debug_abbrev  0x000042e4      0x2f7 Src\main.o
 .debug_abbrev  0x000045db      0x28c Src\stm32f0xx_hal_msp.o
 .debug_abbrev  0x00004867      0x27c Src\stm32f0xx_it.o
 .debug_abbrev  0x00004ae3      0x1ca Src\system_stm32f0xx.o
 .debug_abbrev  0x00004cad       0x12 startup\startup_stm32f070x6.o

.debug_loc      0x00000000     0xa83e
 .debug_loc     0x00000000       0x7c Drivers\STM32F0xx_HAL_Driver\Src\stm32f0xx_hal.o
 .debug_loc     0x0000007c      0x3cc Drivers\STM32F0xx_HAL_Driver\Src\stm32f0xx_hal_cortex.o
 .debug_loc     0x00000448      0x7ca Drivers\STM32F0xx_HAL_Driver\Src\stm32f0xx_hal_dma.o
 .debug_loc     0x00000c12      0x307 Drivers\STM32F0xx_HAL_Driver\Src\stm32f0xx_hal_gpio.o
 .debug_loc     0x00000f19       0xc8 Drivers\STM32F0xx_HAL_Driver\Src\stm32f0xx_hal_pwr.o
 .debug_loc     0x00000fe1      0x4ce Drivers\STM32F0xx_HAL_Driver\Src\stm32f0xx_hal_rcc.o
 .debug_loc     0x000014af      0x3a5 Drivers\STM32F0xx_HAL_Driver\Src\stm32f0xx_hal_rcc_ex.o
 .debug_loc     0x00001854      0x9f8 Drivers\STM32F0xx_HAL_Driver\Src\stm32f0xx_hal_rtc.o
 .debug_loc     0x0000224c     0x144c Drivers\STM32F0xx_HAL_Driver\Src\stm32f0xx_hal_uart.o
 .debug_loc     0x00003698     0x105d Middlewares\Third_Party\FreeRTOS\Source\CMSIS_RTOS\cmsis_os.o
 .debug_loc     0x000046f5       0x94 Middlewares\Third_Party\FreeRTOS\Source\list.o
 .debug_loc     0x00004789       0xb4 Middlewares\Third_Party\FreeRTOS\Source\portable\GCC\ARM_CM0\port.o
 .debug_loc     0x0000483d      0x2de Middlewares\Third_Party\FreeRTOS\Source\portable\MemMang\heap_4.o
 .debug_loc     0x00004b1b     0x12f3 Middlewares\Third_Party\FreeRTOS\Source\queue.o
 .debug_loc     0x00005e0e     0x133b Middlewares\Third_Party\FreeRTOS\Source\tasks.o
 .debug_loc     0x00007149      0x14a Src\Common\Globals.o
 .debug_loc     0x00007293       0x42 Src\Drivers_Hd\Debounce.o
 .debug_loc     0x000072d5      0x774 Src\Drivers_Hd\Sigfox.o
 .debug_loc     0x00007a49       0xc4 Src\Hardware_Profile\RTC_Config.o
 .debug_loc     0x00007b0d       0x21 Src\Hardware_Profile\Uart.o
 .debug_loc     0x00007b2e     0x2ad1 Src\Kernel\QuarkTS.o
 .debug_loc     0x0000a5ff       0x84 Src\main.o
 .debug_loc     0x0000a683       0xbb Src\stm32f0xx_hal_msp.o
 .debug_loc     0x0000a73e      0x100 Src\system_stm32f0xx.o

.debug_aranges  0x00000000      0xfb8
 .debug_aranges
                0x00000000       0xb0 Drivers\STM32F0xx_HAL_Driver\Src\stm32f0xx_hal.o
 .debug_aranges
                0x000000b0       0x78 Drivers\STM32F0xx_HAL_Driver\Src\stm32f0xx_hal_cortex.o
 .debug_aranges
                0x00000128       0x78 Drivers\STM32F0xx_HAL_Driver\Src\stm32f0xx_hal_dma.o
 .debug_aranges
                0x000001a0       0x58 Drivers\STM32F0xx_HAL_Driver\Src\stm32f0xx_hal_gpio.o
 .debug_aranges
                0x000001f8       0x78 Drivers\STM32F0xx_HAL_Driver\Src\stm32f0xx_hal_pwr.o
 .debug_aranges
                0x00000270       0x80 Drivers\STM32F0xx_HAL_Driver\Src\stm32f0xx_hal_rcc.o
 .debug_aranges
                0x000002f0       0x30 Drivers\STM32F0xx_HAL_Driver\Src\stm32f0xx_hal_rcc_ex.o
 .debug_aranges
                0x00000320       0xa8 Drivers\STM32F0xx_HAL_Driver\Src\stm32f0xx_hal_rtc.o
 .debug_aranges
                0x000003c8      0x188 Drivers\STM32F0xx_HAL_Driver\Src\stm32f0xx_hal_uart.o
 .debug_aranges
                0x00000550      0x198 Middlewares\Third_Party\FreeRTOS\Source\CMSIS_RTOS\cmsis_os.o
 .debug_aranges
                0x000006e8       0x40 Middlewares\Third_Party\FreeRTOS\Source\list.o
 .debug_aranges
                0x00000728       0x88 Middlewares\Third_Party\FreeRTOS\Source\portable\GCC\ARM_CM0\port.o
 .debug_aranges
                0x000007b0       0x48 Middlewares\Third_Party\FreeRTOS\Source\portable\MemMang\heap_4.o
 .debug_aranges
                0x000007f8       0xc0 Middlewares\Third_Party\FreeRTOS\Source\queue.o
 .debug_aranges
                0x000008b8      0x168 Middlewares\Third_Party\FreeRTOS\Source\tasks.o
 .debug_aranges
                0x00000a20       0x20 Src\Common\Event.o
 .debug_aranges
                0x00000a40       0x50 Src\Common\Globals.o
 .debug_aranges
                0x00000a90       0x28 Src\Drivers_Hd\Debounce.o
 .debug_aranges
                0x00000ab8       0xb8 Src\Drivers_Hd\Sigfox.o
 .debug_aranges
                0x00000b70       0x20 Src\Hardware_Profile\GPIO_Config.o
 .debug_aranges
                0x00000b90       0x48 Src\Hardware_Profile\RTC_Config.o
 .debug_aranges
                0x00000bd8       0x30 Src\Hardware_Profile\Uart.o
 .debug_aranges
                0x00000c08      0x278 Src\Kernel\QuarkTS.o
 .debug_aranges
                0x00000e80       0x20 Src\SystemClock_Config.o
 .debug_aranges
                0x00000ea0       0x48 Src\main.o
 .debug_aranges
                0x00000ee8       0x40 Src\stm32f0xx_hal_msp.o
 .debug_aranges
                0x00000f28       0x40 Src\stm32f0xx_it.o
 .debug_aranges
                0x00000f68       0x28 Src\system_stm32f0xx.o
 .debug_aranges
                0x00000f90       0x28 startup\startup_stm32f070x6.o

.debug_ranges   0x00000000     0x1548
 .debug_ranges  0x00000000       0xa0 Drivers\STM32F0xx_HAL_Driver\Src\stm32f0xx_hal.o
 .debug_ranges  0x000000a0      0x120 Drivers\STM32F0xx_HAL_Driver\Src\stm32f0xx_hal_cortex.o
 .debug_ranges  0x000001c0       0xe8 Drivers\STM32F0xx_HAL_Driver\Src\stm32f0xx_hal_dma.o
 .debug_ranges  0x000002a8       0x70 Drivers\STM32F0xx_HAL_Driver\Src\stm32f0xx_hal_gpio.o
 .debug_ranges  0x00000318       0x68 Drivers\STM32F0xx_HAL_Driver\Src\stm32f0xx_hal_pwr.o
 .debug_ranges  0x00000380       0xa0 Drivers\STM32F0xx_HAL_Driver\Src\stm32f0xx_hal_rcc.o
 .debug_ranges  0x00000420       0x40 Drivers\STM32F0xx_HAL_Driver\Src\stm32f0xx_hal_rcc_ex.o
 .debug_ranges  0x00000460       0x98 Drivers\STM32F0xx_HAL_Driver\Src\stm32f0xx_hal_rtc.o
 .debug_ranges  0x000004f8      0x1f0 Drivers\STM32F0xx_HAL_Driver\Src\stm32f0xx_hal_uart.o
 .debug_ranges  0x000006e8      0x188 Middlewares\Third_Party\FreeRTOS\Source\CMSIS_RTOS\cmsis_os.o
 .debug_ranges  0x00000870       0x30 Middlewares\Third_Party\FreeRTOS\Source\list.o
 .debug_ranges  0x000008a0       0x78 Middlewares\Third_Party\FreeRTOS\Source\portable\GCC\ARM_CM0\port.o
 .debug_ranges  0x00000918       0x50 Middlewares\Third_Party\FreeRTOS\Source\portable\MemMang\heap_4.o
 .debug_ranges  0x00000968      0x1c8 Middlewares\Third_Party\FreeRTOS\Source\queue.o
 .debug_ranges  0x00000b30      0x248 Middlewares\Third_Party\FreeRTOS\Source\tasks.o
 .debug_ranges  0x00000d78       0x10 Src\Common\Event.o
 .debug_ranges  0x00000d88       0x40 Src\Common\Globals.o
 .debug_ranges  0x00000dc8       0x18 Src\Drivers_Hd\Debounce.o
 .debug_ranges  0x00000de0       0xc0 Src\Drivers_Hd\Sigfox.o
 .debug_ranges  0x00000ea0       0x98 Src\Hardware_Profile\GPIO_Config.o
 .debug_ranges  0x00000f38       0x50 Src\Hardware_Profile\RTC_Config.o
 .debug_ranges  0x00000f88       0x20 Src\Hardware_Profile\Uart.o
 .debug_ranges  0x00000fa8      0x3d8 Src\Kernel\QuarkTS.o
 .debug_ranges  0x00001380       0x10 Src\SystemClock_Config.o
 .debug_ranges  0x00001390       0x38 Src\main.o
 .debug_ranges  0x000013c8      0x118 Src\stm32f0xx_hal_msp.o
 .debug_ranges  0x000014e0       0x30 Src\stm32f0xx_it.o
 .debug_ranges  0x00001510       0x18 Src\system_stm32f0xx.o
 .debug_ranges  0x00001528       0x20 startup\startup_stm32f070x6.o

.debug_line     0x00000000     0x9a29
 .debug_line    0x00000000      0x440 Drivers\STM32F0xx_HAL_Driver\Src\stm32f0xx_hal.o
 .debug_line    0x00000440      0x413 Drivers\STM32F0xx_HAL_Driver\Src\stm32f0xx_hal_cortex.o
 .debug_line    0x00000853      0x570 Drivers\STM32F0xx_HAL_Driver\Src\stm32f0xx_hal_dma.o
 .debug_line    0x00000dc3      0x421 Drivers\STM32F0xx_HAL_Driver\Src\stm32f0xx_hal_gpio.o
 .debug_line    0x000011e4      0x388 Drivers\STM32F0xx_HAL_Driver\Src\stm32f0xx_hal_pwr.o
 .debug_line    0x0000156c      0x621 Drivers\STM32F0xx_HAL_Driver\Src\stm32f0xx_hal_rcc.o
 .debug_line    0x00001b8d      0x3da Drivers\STM32F0xx_HAL_Driver\Src\stm32f0xx_hal_rcc_ex.o
 .debug_line    0x00001f67      0x6d4 Drivers\STM32F0xx_HAL_Driver\Src\stm32f0xx_hal_rtc.o
 .debug_line    0x0000263b      0xdde Drivers\STM32F0xx_HAL_Driver\Src\stm32f0xx_hal_uart.o
 .debug_line    0x00003419      0x8d3 Middlewares\Third_Party\FreeRTOS\Source\CMSIS_RTOS\cmsis_os.o
 .debug_line    0x00003cec      0x37d Middlewares\Third_Party\FreeRTOS\Source\list.o
 .debug_line    0x00004069      0x2f6 Middlewares\Third_Party\FreeRTOS\Source\portable\GCC\ARM_CM0\port.o
 .debug_line    0x0000435f      0x3b6 Middlewares\Third_Party\FreeRTOS\Source\portable\MemMang\heap_4.o
 .debug_line    0x00004715      0x79d Middlewares\Third_Party\FreeRTOS\Source\queue.o
 .debug_line    0x00004eb2      0xbe0 Middlewares\Third_Party\FreeRTOS\Source\tasks.o
 .debug_line    0x00005a92      0x3e1 Src\Common\Event.o
 .debug_line    0x00005e73      0x479 Src\Common\Globals.o
 .debug_line    0x000062ec      0x1a9 Src\Drivers_Hd\Debounce.o
 .debug_line    0x00006495      0x47e Src\Drivers_Hd\Sigfox.o
 .debug_line    0x00006913      0x423 Src\Hardware_Profile\GPIO_Config.o
 .debug_line    0x00006d36      0x49d Src\Hardware_Profile\RTC_Config.o
 .debug_line    0x000071d3      0x42c Src\Hardware_Profile\Uart.o
 .debug_line    0x000075ff      0xde0 Src\Kernel\QuarkTS.o
 .debug_line    0x000083df      0x425 Src\SystemClock_Config.o
 .debug_line    0x00008804      0x5d6 Src\main.o
 .debug_line    0x00008dda      0x4dc Src\stm32f0xx_hal_msp.o
 .debug_line    0x000092b6      0x47a Src\stm32f0xx_it.o
 .debug_line    0x00009730      0x266 Src\system_stm32f0xx.o
 .debug_line    0x00009996       0x93 startup\startup_stm32f070x6.o

.debug_str      0x00000000     0x5686
 .debug_str     0x00000000      0x998 Drivers\STM32F0xx_HAL_Driver\Src\stm32f0xx_hal.o
                                0xa2b (size before relaxing)
 .debug_str     0x00000998      0x1ef Drivers\STM32F0xx_HAL_Driver\Src\stm32f0xx_hal_cortex.o
                                0xa33 (size before relaxing)
 .debug_str     0x00000b87      0x3fe Drivers\STM32F0xx_HAL_Driver\Src\stm32f0xx_hal_dma.o
                                0xa87 (size before relaxing)
 .debug_str     0x00000f85      0x1c0 Drivers\STM32F0xx_HAL_Driver\Src\stm32f0xx_hal_gpio.o
                                0x878 (size before relaxing)
 .debug_str     0x00001145      0x19f Drivers\STM32F0xx_HAL_Driver\Src\stm32f0xx_hal_pwr.o
                                0x81e (size before relaxing)
 .debug_str     0x000012e4      0x2db Drivers\STM32F0xx_HAL_Driver\Src\stm32f0xx_hal_rcc.o
                                0xa58 (size before relaxing)
 .debug_str     0x000015bf      0x158 Drivers\STM32F0xx_HAL_Driver\Src\stm32f0xx_hal_rcc_ex.o
                                0x849 (size before relaxing)
 .debug_str     0x00001717      0x3e2 Drivers\STM32F0xx_HAL_Driver\Src\stm32f0xx_hal_rtc.o
                                0xada (size before relaxing)
 .debug_str     0x00001af9      0x874 Drivers\STM32F0xx_HAL_Driver\Src\stm32f0xx_hal_uart.o
                               0x11c6 (size before relaxing)
 .debug_str     0x0000236d      0xb25 Middlewares\Third_Party\FreeRTOS\Source\CMSIS_RTOS\cmsis_os.o
                               0x11f7 (size before relaxing)
 .debug_str     0x00002e92      0x159 Middlewares\Third_Party\FreeRTOS\Source\list.o
                                0x73e (size before relaxing)
 .debug_str     0x00002feb      0x144 Middlewares\Third_Party\FreeRTOS\Source\portable\GCC\ARM_CM0\port.o
                                0x395 (size before relaxing)
 .debug_str     0x0000312f      0x1e8 Middlewares\Third_Party\FreeRTOS\Source\portable\MemMang\heap_4.o
                                0x808 (size before relaxing)
 .debug_str     0x00003317      0x466 Middlewares\Third_Party\FreeRTOS\Source\queue.o
                                0xcf5 (size before relaxing)
 .debug_str     0x0000377d      0x6f2 Middlewares\Third_Party\FreeRTOS\Source\tasks.o
                               0x120c (size before relaxing)
 .debug_str     0x00003e6f      0x76c Src\Common\Event.o
                               0x148c (size before relaxing)
 .debug_str     0x000045db       0x9e Src\Common\Globals.o
                               0x150f (size before relaxing)
 .debug_str     0x00004679       0x96 Src\Drivers_Hd\Debounce.o
                                0x28c (size before relaxing)
 .debug_str     0x0000470f      0x2fa Src\Drivers_Hd\Sigfox.o
                                0xa3a (size before relaxing)
 .debug_str     0x00004a09       0x43 Src\Hardware_Profile\GPIO_Config.o
                               0x152b (size before relaxing)
 .debug_str     0x00004a4c       0x89 Src\Hardware_Profile\RTC_Config.o
                               0x15fb (size before relaxing)
 .debug_str     0x00004ad5       0x47 Src\Hardware_Profile\Uart.o
                               0x14ba (size before relaxing)
 .debug_str     0x00004b1c      0x99c Src\Kernel\QuarkTS.o
                               0x1369 (size before relaxing)
 .debug_str     0x000054b8       0x2f Src\SystemClock_Config.o
                               0x163f (size before relaxing)
 .debug_str     0x000054e7       0xc9 Src\main.o
                               0x1745 (size before relaxing)
 .debug_str     0x000055b0       0x1b Src\stm32f0xx_hal_msp.o
                               0x1749 (size before relaxing)
 .debug_str     0x000055cb       0x80 Src\stm32f0xx_it.o
                               0x14e2 (size before relaxing)
 .debug_str     0x0000564b       0x3b Src\system_stm32f0xx.o
                                0x69e (size before relaxing)

.comment        0x00000000       0x7c
 .comment       0x00000000       0x7c Drivers\STM32F0xx_HAL_Driver\Src\stm32f0xx_hal.o
                                 0x7d (size before relaxing)
 .comment       0x0000007c       0x7d Drivers\STM32F0xx_HAL_Driver\Src\stm32f0xx_hal_cortex.o
 .comment       0x0000007c       0x7d Drivers\STM32F0xx_HAL_Driver\Src\stm32f0xx_hal_dma.o
 .comment       0x0000007c       0x7d Drivers\STM32F0xx_HAL_Driver\Src\stm32f0xx_hal_gpio.o
 .comment       0x0000007c       0x7d Drivers\STM32F0xx_HAL_Driver\Src\stm32f0xx_hal_pwr.o
 .comment       0x0000007c       0x7d Drivers\STM32F0xx_HAL_Driver\Src\stm32f0xx_hal_rcc.o
 .comment       0x0000007c       0x7d Drivers\STM32F0xx_HAL_Driver\Src\stm32f0xx_hal_rcc_ex.o
 .comment       0x0000007c       0x7d Drivers\STM32F0xx_HAL_Driver\Src\stm32f0xx_hal_rtc.o
 .comment       0x0000007c       0x7d Drivers\STM32F0xx_HAL_Driver\Src\stm32f0xx_hal_uart.o
 .comment       0x0000007c       0x7d Middlewares\Third_Party\FreeRTOS\Source\CMSIS_RTOS\cmsis_os.o
 .comment       0x0000007c       0x7d Middlewares\Third_Party\FreeRTOS\Source\list.o
 .comment       0x0000007c       0x7d Middlewares\Third_Party\FreeRTOS\Source\portable\GCC\ARM_CM0\port.o
 .comment       0x0000007c       0x7d Middlewares\Third_Party\FreeRTOS\Source\portable\MemMang\heap_4.o
 .comment       0x0000007c       0x7d Middlewares\Third_Party\FreeRTOS\Source\queue.o
 .comment       0x0000007c       0x7d Middlewares\Third_Party\FreeRTOS\Source\tasks.o
 .comment       0x0000007c       0x7d Src\Common\Event.o
 .comment       0x0000007c       0x7d Src\Common\Globals.o
 .comment       0x0000007c       0x7d Src\Drivers_Hd\Debounce.o
 .comment       0x0000007c       0x7d Src\Drivers_Hd\Sigfox.o
 .comment       0x0000007c       0x7d Src\Hardware_Profile\GPIO_Config.o
 .comment       0x0000007c       0x7d Src\Hardware_Profile\RTC_Config.o
 .comment       0x0000007c       0x7d Src\Hardware_Profile\Uart.o
 .comment       0x0000007c       0x7d Src\Kernel\QuarkTS.o
 .comment       0x0000007c       0x7d Src\SystemClock_Config.o
 .comment       0x0000007c       0x7d Src\main.o
 .comment       0x0000007c       0x7d Src\stm32f0xx_hal_msp.o
 .comment       0x0000007c       0x7d Src\stm32f0xx_it.o
 .comment       0x0000007c       0x7d Src\system_stm32f0xx.o

.debug_frame    0x00000000     0x2a64
 .debug_frame   0x00000000      0x178 Drivers\STM32F0xx_HAL_Driver\Src\stm32f0xx_hal.o
 .debug_frame   0x00000178       0xe4 Drivers\STM32F0xx_HAL_Driver\Src\stm32f0xx_hal_cortex.o
 .debug_frame   0x0000025c      0x154 Drivers\STM32F0xx_HAL_Driver\Src\stm32f0xx_hal_dma.o
 .debug_frame   0x000003b0       0xc0 Drivers\STM32F0xx_HAL_Driver\Src\stm32f0xx_hal_gpio.o
 .debug_frame   0x00000470       0xd8 Drivers\STM32F0xx_HAL_Driver\Src\stm32f0xx_hal_pwr.o
 .debug_frame   0x00000548      0x130 Drivers\STM32F0xx_HAL_Driver\Src\stm32f0xx_hal_rcc.o
 .debug_frame   0x00000678       0x5c Drivers\STM32F0xx_HAL_Driver\Src\stm32f0xx_hal_rcc_ex.o
 .debug_frame   0x000006d4      0x224 Drivers\STM32F0xx_HAL_Driver\Src\stm32f0xx_hal_rtc.o
 .debug_frame   0x000008f8      0x528 Drivers\STM32F0xx_HAL_Driver\Src\stm32f0xx_hal_uart.o
 .debug_frame   0x00000e20      0x540 Middlewares\Third_Party\FreeRTOS\Source\CMSIS_RTOS\cmsis_os.o
 .debug_frame   0x00001360       0x6c Middlewares\Third_Party\FreeRTOS\Source\list.o
 .debug_frame   0x000013cc      0x110 Middlewares\Third_Party\FreeRTOS\Source\portable\GCC\ARM_CM0\port.o
 .debug_frame   0x000014dc       0x90 Middlewares\Third_Party\FreeRTOS\Source\portable\MemMang\heap_4.o
 .debug_frame   0x0000156c      0x238 Middlewares\Third_Party\FreeRTOS\Source\queue.o
 .debug_frame   0x000017a4      0x454 Middlewares\Third_Party\FreeRTOS\Source\tasks.o
 .debug_frame   0x00001bf8       0x28 Src\Common\Event.o
 .debug_frame   0x00001c20       0xa8 Src\Common\Globals.o
 .debug_frame   0x00001cc8       0x30 Src\Drivers_Hd\Debounce.o
 .debug_frame   0x00001cf8      0x21c Src\Drivers_Hd\Sigfox.o
 .debug_frame   0x00001f14       0x30 Src\Hardware_Profile\GPIO_Config.o
 .debug_frame   0x00001f44       0xa8 Src\Hardware_Profile\RTC_Config.o
 .debug_frame   0x00001fec       0x58 Src\Hardware_Profile\Uart.o
 .debug_frame   0x00002044      0x760 Src\Kernel\QuarkTS.o
 .debug_frame   0x000027a4       0x2c Src\SystemClock_Config.o
 .debug_frame   0x000027d0       0xac Src\main.o
 .debug_frame   0x0000287c       0x90 Src\stm32f0xx_hal_msp.o
 .debug_frame   0x0000290c       0x88 Src\stm32f0xx_it.o
 .debug_frame   0x00002994       0x3c Src\system_stm32f0xx.o
 .debug_frame   0x000029d0       0x2c c:/program files (x86)/atollic/truestudio for stm32 9.1.0/armtools/bin/../lib/gcc/arm-atollic-eabi/6.3.1/../../../../arm-atollic-eabi/lib/armv6-m\libc_nano.a(lib_a-init.o)
 .debug_frame   0x000029fc       0x28 c:/program files (x86)/atollic/truestudio for stm32 9.1.0/armtools/bin/../lib/gcc/arm-atollic-eabi/6.3.1/../../../../arm-atollic-eabi/lib/armv6-m\libc_nano.a(lib_a-memcpy-stub.o)
 .debug_frame   0x00002a24       0x20 c:/program files (x86)/atollic/truestudio for stm32 9.1.0/armtools/bin/../lib/gcc/arm-atollic-eabi/6.3.1/../../../../arm-atollic-eabi/lib/armv6-m\libc_nano.a(lib_a-memset.o)
 .debug_frame   0x00002a44       0x20 c:/program files (x86)/atollic/truestudio for stm32 9.1.0/armtools/bin/../lib/gcc/arm-atollic-eabi/6.3.1/armv6-m\libgcc.a(_udivsi3.o)
